<!doctype html public "-//w3c//dtd html 4.0 transitional//en">
<html><head>
<title>Static Call Graph - [.\Outputs\BaseTarget.axf]</title></head>
<body><HR>
<H1>Static Call Graph for image .\Outputs\BaseTarget.axf</H1><HR>
<BR><P>#&#060CALLGRAPH&#062# ARM Linker, 5040049: Last Updated: Tue Nov 17 23:08:37 2015
<BR><P>
<H3>Maximum Stack Usage =        232 bytes + Unknown(Functions without stacksize, Cycles, Untraceable Function Pointers)</H3><H3>
Call chain for Maximum Stack Depth:</H3>
RunGameplay &rArr; resetGameplay &rArr; resetUX &rArr; SetFlagsInactive &rArr; SetServoAngle &rArr; __2printf &rArr; _printf_char_file &rArr; _printf_char_common &rArr; __printf
<P>
<H3>
Functions with no stack information
</H3><UL>
 <LI><a href="#[2a]">Reset_Handler</a>
 <LI><a href="#[55]">__user_initial_stackheap</a>
 <LI><a href="#[3]">NmiSR</a>
 <LI><a href="#[4]">FaultISR</a>
 <LI><a href="#[5]">IntDefaultHandler</a>
</UL>
</UL>
<P>
<H3>
Mutually Recursive functions
</H3> <LI><a href="#[bc]">UARTCharPut</a>&nbsp;&nbsp;&nbsp;&rArr;&nbsp;&nbsp;&nbsp;<a href="#[bc]">UARTCharPut</a><BR>
 <LI><a href="#[3]">NmiSR</a>&nbsp;&nbsp;&nbsp;&rArr;&nbsp;&nbsp;&nbsp;<a href="#[3]">NmiSR</a><BR>
 <LI><a href="#[4]">FaultISR</a>&nbsp;&nbsp;&nbsp;&rArr;&nbsp;&nbsp;&nbsp;<a href="#[4]">FaultISR</a><BR>
 <LI><a href="#[5]">IntDefaultHandler</a>&nbsp;&nbsp;&nbsp;&rArr;&nbsp;&nbsp;&nbsp;<a href="#[5]">IntDefaultHandler</a><BR>
 <LI><a href="#[45]">SysCtlDelay</a>&nbsp;&nbsp;&nbsp;&rArr;&nbsp;&nbsp;&nbsp;<a href="#[45]">SysCtlDelay</a><BR>
 <LI><a href="#[44]">_sys_exit</a>&nbsp;&nbsp;&nbsp;&rArr;&nbsp;&nbsp;&nbsp;<a href="#[44]">_sys_exit</a><BR>
</UL>
<P>
<H3>
Function Pointers
</H3><UL>
 <LI><a href="#[b]">Check4Keystroke</a> from eventcheckers.o(i.Check4Keystroke) referenced from es_checkevents.o(.constdata)
 <LI><a href="#[d]">CheckPumpLevel</a> from pump.o(i.CheckPumpLevel) referenced from es_checkevents.o(.constdata)
 <LI><a href="#[e]">CheckStirState</a> from stir.o(i.CheckStirState) referenced from es_checkevents.o(.constdata)
 <LI><a href="#[4]">FaultISR</a> from startup_rvmdk.o(RESET) referenced from startup_rvmdk.o(RESET)
 <LI><a href="#[1f]">InitButtons</a> from buttons.o(i.InitButtons) referenced from es_framework.o(.constdata)
 <LI><a href="#[15]">InitCities</a> from cities.o(i.InitCities) referenced from es_framework.o(.constdata)
 <LI><a href="#[11]">InitEventGenerator</a> from eventgenerator.o(i.InitEventGenerator) referenced from es_framework.o(.constdata)
 <LI><a href="#[13]">InitEventPrinter</a> from eventprinter.o(i.InitEventPrinter) referenced from es_framework.o(.constdata)
 <LI><a href="#[f]">InitGameplay</a> from gameplay.o(i.InitGameplay) referenced from es_framework.o(.constdata)
 <LI><a href="#[17]">InitHose</a> from hose.o(i.InitHose) referenced from es_framework.o(.constdata)
 <LI><a href="#[1d]">InitLEDControl</a> from ledcontrol.o(i.InitLEDControl) referenced from es_framework.o(.constdata)
 <LI><a href="#[19]">InitPump</a> from pump.o(i.InitPump) referenced from es_framework.o(.constdata)
 <LI><a href="#[1b]">InitStir</a> from stir.o(i.InitStir) referenced from es_framework.o(.constdata)
 <LI><a href="#[21]">InitTimeOfDay</a> from timeofday.o(i.InitTimeOfDay) referenced from es_framework.o(.constdata)
 <LI><a href="#[5]">IntDefaultHandler</a> from startup_rvmdk.o(RESET) referenced 111 times from startup_rvmdk.o(RESET)
 <LI><a href="#[3]">NmiSR</a> from startup_rvmdk.o(RESET) referenced from startup_rvmdk.o(RESET)
 <LI><a href="#[29]">PostButtons</a> from buttons.o(i.PostButtons) referenced from es_timers.o(.constdata)
 <LI><a href="#[23]">PostGameplay</a> from gameplay.o(i.PostGameplay) referenced 4 times from es_timers.o(.constdata)
 <LI><a href="#[27]">PostHose</a> from hose.o(i.PostHose) referenced from es_timers.o(.constdata)
 <LI><a href="#[28]">PostLEDControl</a> from ledcontrol.o(i.PostLEDControl) referenced from es_timers.o(.constdata)
 <LI><a href="#[26]">PostPump</a> from pump.o(i.PostPump) referenced from es_timers.o(.constdata)
 <LI><a href="#[24]">PostStir</a> from stir.o(i.PostStir) referenced from es_timers.o(.constdata)
 <LI><a href="#[25]">PostTimeOfDay</a> from timeofday.o(i.PostTimeOfDay) referenced from es_timers.o(.constdata)
 <LI><a href="#[2a]">Reset_Handler</a> from startup_rvmdk.o(RESET) referenced from startup_rvmdk.o(RESET)
 <LI><a href="#[20]">RunButtons</a> from buttons.o(i.RunButtons) referenced from es_framework.o(.constdata)
 <LI><a href="#[16]">RunCities</a> from cities.o(i.RunCities) referenced from es_framework.o(.constdata)
 <LI><a href="#[12]">RunEventGenerator</a> from eventgenerator.o(i.RunEventGenerator) referenced from es_framework.o(.constdata)
 <LI><a href="#[14]">RunEventPrinter</a> from eventprinter.o(i.RunEventPrinter) referenced from es_framework.o(.constdata)
 <LI><a href="#[10]">RunGameplay</a> from gameplay.o(i.RunGameplay) referenced from es_framework.o(.constdata)
 <LI><a href="#[18]">RunHose</a> from hose.o(i.RunHose) referenced from es_framework.o(.constdata)
 <LI><a href="#[1e]">RunLEDControl</a> from ledcontrol.o(i.RunLEDControl) referenced from es_framework.o(.constdata)
 <LI><a href="#[1a]">RunPump</a> from pump.o(i.RunPump) referenced from es_framework.o(.constdata)
 <LI><a href="#[1c]">RunStir</a> from stir.o(i.RunStir) referenced from es_framework.o(.constdata)
 <LI><a href="#[22]">RunTimeOfDay</a> from timeofday.o(i.RunTimeOfDay) referenced from es_framework.o(.constdata)
 <LI><a href="#[7]">ShortTimerAHandler</a> from es_shorttimer.o(i.ShortTimerAHandler) referenced from startup_rvmdk.o(RESET)
 <LI><a href="#[8]">ShortTimerBHandler</a> from es_shorttimer.o(i.ShortTimerBHandler) referenced from startup_rvmdk.o(RESET)
 <LI><a href="#[6]">SysTickIntHandler</a> from es_port.o(i.SysTickIntHandler) referenced from startup_rvmdk.o(RESET)
 <LI><a href="#[a]">_printf_input_char</a> from _printf_char_common.o(.text) referenced from _printf_char_common.o(.text)
 <LI><a href="#[c]">checkIREvents</a> from cities.o(i.checkIREvents) referenced from es_checkevents.o(.constdata)
 <LI><a href="#[9]">fputc</a> from retarget.o(i.fputc) referenced from _printf_char_file.o(.text)
</UL>
<P>
<H3>
Global Symbols
</H3>
<P><STRONG><a name="[2a]"></a>Reset_Handler</STRONG> (Thumb, 0 bytes, Stack size unknown bytes, startup_rvmdk.o(RESET))
<BR><BR>[Calls]<UL><LI><a href="#[2b]">&gt;&gt;</a>&nbsp;&nbsp;&nbsp;__main
</UL>

<P><STRONG><a name="[2b]"></a>__main</STRONG> (Thumb, 8 bytes, Stack size 0 bytes, __main.o(!!!main))
<BR><BR>[Calls]<UL><LI><a href="#[2c]">&gt;&gt;</a>&nbsp;&nbsp;&nbsp;__scatterload
<LI><a href="#[2d]">&gt;&gt;</a>&nbsp;&nbsp;&nbsp;__rt_entry
</UL>
<BR>[Called By]<UL><LI><a href="#[2a]">&gt;&gt;</a>&nbsp;&nbsp;&nbsp;Reset_Handler
</UL>

<P><STRONG><a name="[2c]"></a>__scatterload</STRONG> (Thumb, 0 bytes, Stack size unknown bytes, __scatter.o(!!!scatter))
<BR><BR>[Called By]<UL><LI><a href="#[2b]">&gt;&gt;</a>&nbsp;&nbsp;&nbsp;__main
</UL>

<P><STRONG><a name="[2e]"></a>__scatterload_rt2</STRONG> (Thumb, 44 bytes, Stack size unknown bytes, __scatter.o(!!!scatter), UNUSED)
<BR><BR>[Calls]<UL><LI><a href="#[2d]">&gt;&gt;</a>&nbsp;&nbsp;&nbsp;__rt_entry
</UL>

<P><STRONG><a name="[d0]"></a>__scatterload_rt2_thumb_only</STRONG> (Thumb, 0 bytes, Stack size unknown bytes, __scatter.o(!!!scatter), UNUSED)

<P><STRONG><a name="[d1]"></a>__scatterload_null</STRONG> (Thumb, 0 bytes, Stack size unknown bytes, __scatter.o(!!!scatter), UNUSED)

<P><STRONG><a name="[2f]"></a>__scatterload_copy</STRONG> (Thumb, 26 bytes, Stack size unknown bytes, __scatter_copy.o(!!handler_copy), UNUSED)
<BR><BR>[Calls]<UL><LI><a href="#[2f]">&gt;&gt;</a>&nbsp;&nbsp;&nbsp;__scatterload_copy
</UL>
<BR>[Called By]<UL><LI><a href="#[2f]">&gt;&gt;</a>&nbsp;&nbsp;&nbsp;__scatterload_copy
</UL>

<P><STRONG><a name="[d2]"></a>__scatterload_zeroinit</STRONG> (Thumb, 28 bytes, Stack size unknown bytes, __scatter_zi.o(!!handler_zi), UNUSED)

<P><STRONG><a name="[49]"></a>_printf_percent</STRONG> (Thumb, 0 bytes, Stack size unknown bytes, _printf_percent.o(.ARM.Collect$$_printf_percent$$00000000))
<BR><BR>[Called By]<UL><LI><a href="#[48]">&gt;&gt;</a>&nbsp;&nbsp;&nbsp;__printf
</UL>

<P><STRONG><a name="[30]"></a>_printf_u</STRONG> (Thumb, 0 bytes, Stack size unknown bytes, _printf_u.o(.ARM.Collect$$_printf_percent$$0000000A))
<BR><BR>[Stack]<UL><LI>Max Depth = 56 + Unknown Stack Size
<LI>Call Chain = _printf_u &rArr; _printf_int_dec &rArr; _printf_int_common
</UL>
<BR>[Calls]<UL><LI><a href="#[31]">&gt;&gt;</a>&nbsp;&nbsp;&nbsp;_printf_int_dec
</UL>

<P><STRONG><a name="[32]"></a>_printf_x</STRONG> (Thumb, 0 bytes, Stack size unknown bytes, _printf_x.o(.ARM.Collect$$_printf_percent$$0000000C))
<BR><BR>[Stack]<UL><LI>Max Depth = 48 + Unknown Stack Size
<LI>Call Chain = _printf_x &rArr; _printf_int_hex &rArr; _printf_int_common
</UL>
<BR>[Calls]<UL><LI><a href="#[33]">&gt;&gt;</a>&nbsp;&nbsp;&nbsp;_printf_int_hex
</UL>

<P><STRONG><a name="[34]"></a>_printf_s</STRONG> (Thumb, 0 bytes, Stack size unknown bytes, _printf_s.o(.ARM.Collect$$_printf_percent$$00000014))
<BR><BR>[Stack]<UL><LI>Max Depth = 24 + Unknown Stack Size
<LI>Call Chain = _printf_s &rArr; _printf_string &rArr; _printf_cs_common &rArr; _printf_str
</UL>
<BR>[Calls]<UL><LI><a href="#[35]">&gt;&gt;</a>&nbsp;&nbsp;&nbsp;_printf_string
</UL>

<P><STRONG><a name="[d3]"></a>_printf_percent_end</STRONG> (Thumb, 0 bytes, Stack size unknown bytes, _printf_percent_end.o(.ARM.Collect$$_printf_percent$$00000017))

<P><STRONG><a name="[3d]"></a>__rt_lib_init</STRONG> (Thumb, 0 bytes, Stack size unknown bytes, libinit.o(.ARM.Collect$$libinit$$00000000))
<BR><BR>[Called By]<UL><LI><a href="#[3c]">&gt;&gt;</a>&nbsp;&nbsp;&nbsp;__rt_entry_li
</UL>

<P><STRONG><a name="[36]"></a>__rt_lib_init_fp_1</STRONG> (Thumb, 0 bytes, Stack size unknown bytes, libinit2.o(.ARM.Collect$$libinit$$00000001))
<BR><BR>[Calls]<UL><LI><a href="#[37]">&gt;&gt;</a>&nbsp;&nbsp;&nbsp;_fp_init
</UL>

<P><STRONG><a name="[d4]"></a>__rt_lib_init_heap_1</STRONG> (Thumb, 0 bytes, Stack size unknown bytes, libinit2.o(.ARM.Collect$$libinit$$00000008))

<P><STRONG><a name="[38]"></a>__rt_lib_init_rand_2</STRONG> (Thumb, 0 bytes, Stack size unknown bytes, libinit2.o(.ARM.Collect$$libinit$$0000000B))
<BR><BR>[Stack]<UL><LI>Max Depth = 8 + Unknown Stack Size
<LI>Call Chain = __rt_lib_init_rand_2 &rArr; _rand_init &rArr; srand
</UL>
<BR>[Calls]<UL><LI><a href="#[39]">&gt;&gt;</a>&nbsp;&nbsp;&nbsp;_rand_init
</UL>

<P><STRONG><a name="[d5]"></a>__rt_lib_init_user_alloc_1</STRONG> (Thumb, 0 bytes, Stack size unknown bytes, libinit2.o(.ARM.Collect$$libinit$$0000000A))

<P><STRONG><a name="[d6]"></a>__rt_lib_init_alloca_1</STRONG> (Thumb, 0 bytes, Stack size unknown bytes, libinit2.o(.ARM.Collect$$libinit$$0000002C))

<P><STRONG><a name="[d7]"></a>__rt_lib_init_argv_1</STRONG> (Thumb, 0 bytes, Stack size unknown bytes, libinit2.o(.ARM.Collect$$libinit$$0000002A))

<P><STRONG><a name="[d8]"></a>__rt_lib_init_atexit_1</STRONG> (Thumb, 0 bytes, Stack size unknown bytes, libinit2.o(.ARM.Collect$$libinit$$00000019))

<P><STRONG><a name="[d9]"></a>__rt_lib_init_clock_1</STRONG> (Thumb, 0 bytes, Stack size unknown bytes, libinit2.o(.ARM.Collect$$libinit$$0000001F))

<P><STRONG><a name="[da]"></a>__rt_lib_init_cpp_1</STRONG> (Thumb, 0 bytes, Stack size unknown bytes, libinit2.o(.ARM.Collect$$libinit$$00000030))

<P><STRONG><a name="[db]"></a>__rt_lib_init_exceptions_1</STRONG> (Thumb, 0 bytes, Stack size unknown bytes, libinit2.o(.ARM.Collect$$libinit$$0000002E))

<P><STRONG><a name="[dc]"></a>__rt_lib_init_fp_trap_1</STRONG> (Thumb, 0 bytes, Stack size unknown bytes, libinit2.o(.ARM.Collect$$libinit$$0000001D))

<P><STRONG><a name="[dd]"></a>__rt_lib_init_getenv_1</STRONG> (Thumb, 0 bytes, Stack size unknown bytes, libinit2.o(.ARM.Collect$$libinit$$00000021))

<P><STRONG><a name="[de]"></a>__rt_lib_init_lc_collate_1</STRONG> (Thumb, 0 bytes, Stack size unknown bytes, libinit2.o(.ARM.Collect$$libinit$$0000000F))

<P><STRONG><a name="[df]"></a>__rt_lib_init_lc_ctype_1</STRONG> (Thumb, 0 bytes, Stack size unknown bytes, libinit2.o(.ARM.Collect$$libinit$$00000011))

<P><STRONG><a name="[e0]"></a>__rt_lib_init_lc_monetary_1</STRONG> (Thumb, 0 bytes, Stack size unknown bytes, libinit2.o(.ARM.Collect$$libinit$$00000013))

<P><STRONG><a name="[e1]"></a>__rt_lib_init_lc_numeric_1</STRONG> (Thumb, 0 bytes, Stack size unknown bytes, libinit2.o(.ARM.Collect$$libinit$$00000015))

<P><STRONG><a name="[e2]"></a>__rt_lib_init_lc_time_1</STRONG> (Thumb, 0 bytes, Stack size unknown bytes, libinit2.o(.ARM.Collect$$libinit$$00000017))

<P><STRONG><a name="[e3]"></a>__rt_lib_init_rand_1</STRONG> (Thumb, 0 bytes, Stack size unknown bytes, libinit2.o(.ARM.Collect$$libinit$$0000000C))

<P><STRONG><a name="[e4]"></a>__rt_lib_init_return</STRONG> (Thumb, 0 bytes, Stack size unknown bytes, libinit2.o(.ARM.Collect$$libinit$$00000031))

<P><STRONG><a name="[e5]"></a>__rt_lib_init_signal_1</STRONG> (Thumb, 0 bytes, Stack size unknown bytes, libinit2.o(.ARM.Collect$$libinit$$0000001B))

<P><STRONG><a name="[e6]"></a>__rt_lib_init_stdio_1</STRONG> (Thumb, 0 bytes, Stack size unknown bytes, libinit2.o(.ARM.Collect$$libinit$$00000023))

<P><STRONG><a name="[42]"></a>__rt_lib_shutdown</STRONG> (Thumb, 0 bytes, Stack size unknown bytes, libshutdown.o(.ARM.Collect$$libshutdown$$00000000))
<BR><BR>[Called By]<UL><LI><a href="#[41]">&gt;&gt;</a>&nbsp;&nbsp;&nbsp;__rt_exit_ls
</UL>

<P><STRONG><a name="[e7]"></a>__rt_lib_shutdown_fp_trap_1</STRONG> (Thumb, 0 bytes, Stack size unknown bytes, libshutdown2.o(.ARM.Collect$$libshutdown$$00000006))

<P><STRONG><a name="[e8]"></a>__rt_lib_shutdown_heap_1</STRONG> (Thumb, 0 bytes, Stack size unknown bytes, libshutdown2.o(.ARM.Collect$$libshutdown$$0000000E))

<P><STRONG><a name="[e9]"></a>__rt_lib_shutdown_return</STRONG> (Thumb, 0 bytes, Stack size unknown bytes, libshutdown2.o(.ARM.Collect$$libshutdown$$0000000F))

<P><STRONG><a name="[ea]"></a>__rt_lib_shutdown_signal_1</STRONG> (Thumb, 0 bytes, Stack size unknown bytes, libshutdown2.o(.ARM.Collect$$libshutdown$$00000009))

<P><STRONG><a name="[eb]"></a>__rt_lib_shutdown_stdio_1</STRONG> (Thumb, 0 bytes, Stack size unknown bytes, libshutdown2.o(.ARM.Collect$$libshutdown$$00000003))

<P><STRONG><a name="[ec]"></a>__rt_lib_shutdown_user_alloc_1</STRONG> (Thumb, 0 bytes, Stack size unknown bytes, libshutdown2.o(.ARM.Collect$$libshutdown$$0000000B))

<P><STRONG><a name="[2d]"></a>__rt_entry</STRONG> (Thumb, 0 bytes, Stack size unknown bytes, rtentry.o(.ARM.Collect$$rtentry$$00000000))
<BR><BR>[Called By]<UL><LI><a href="#[2b]">&gt;&gt;</a>&nbsp;&nbsp;&nbsp;__main
<LI><a href="#[2e]">&gt;&gt;</a>&nbsp;&nbsp;&nbsp;__scatterload_rt2
</UL>

<P><STRONG><a name="[ed]"></a>__rt_entry_presh_1</STRONG> (Thumb, 0 bytes, Stack size unknown bytes, rtentry2.o(.ARM.Collect$$rtentry$$00000002))

<P><STRONG><a name="[3a]"></a>__rt_entry_sh</STRONG> (Thumb, 0 bytes, Stack size unknown bytes, rtentry4.o(.ARM.Collect$$rtentry$$00000004))
<BR><BR>[Stack]<UL><LI>Max Depth = 8 + Unknown Stack Size
<LI>Call Chain = __rt_entry_sh &rArr; __user_setup_stackheap
</UL>
<BR>[Calls]<UL><LI><a href="#[3b]">&gt;&gt;</a>&nbsp;&nbsp;&nbsp;__user_setup_stackheap
</UL>

<P><STRONG><a name="[3c]"></a>__rt_entry_li</STRONG> (Thumb, 0 bytes, Stack size unknown bytes, rtentry2.o(.ARM.Collect$$rtentry$$0000000A))
<BR><BR>[Calls]<UL><LI><a href="#[3d]">&gt;&gt;</a>&nbsp;&nbsp;&nbsp;__rt_lib_init
</UL>

<P><STRONG><a name="[ee]"></a>__rt_entry_postsh_1</STRONG> (Thumb, 0 bytes, Stack size unknown bytes, rtentry2.o(.ARM.Collect$$rtentry$$00000009))

<P><STRONG><a name="[3e]"></a>__rt_entry_main</STRONG> (Thumb, 0 bytes, Stack size unknown bytes, rtentry2.o(.ARM.Collect$$rtentry$$0000000D))
<BR><BR>[Stack]<UL><LI>Max Depth = 128 + Unknown Stack Size
<LI>Call Chain = __rt_entry_main &rArr; main &rArr; __2printf &rArr; _printf_char_file &rArr; _printf_char_common &rArr; __printf
</UL>
<BR>[Calls]<UL><LI><a href="#[3f]">&gt;&gt;</a>&nbsp;&nbsp;&nbsp;main
<LI><a href="#[40]">&gt;&gt;</a>&nbsp;&nbsp;&nbsp;exit
</UL>

<P><STRONG><a name="[ef]"></a>__rt_entry_postli_1</STRONG> (Thumb, 0 bytes, Stack size unknown bytes, rtentry2.o(.ARM.Collect$$rtentry$$0000000C))

<P><STRONG><a name="[56]"></a>__rt_exit</STRONG> (Thumb, 0 bytes, Stack size unknown bytes, rtexit.o(.ARM.Collect$$rtexit$$00000000))
<BR><BR>[Called By]<UL><LI><a href="#[40]">&gt;&gt;</a>&nbsp;&nbsp;&nbsp;exit
</UL>

<P><STRONG><a name="[41]"></a>__rt_exit_ls</STRONG> (Thumb, 0 bytes, Stack size unknown bytes, rtexit2.o(.ARM.Collect$$rtexit$$00000003))
<BR><BR>[Calls]<UL><LI><a href="#[42]">&gt;&gt;</a>&nbsp;&nbsp;&nbsp;__rt_lib_shutdown
</UL>

<P><STRONG><a name="[f0]"></a>__rt_exit_prels_1</STRONG> (Thumb, 0 bytes, Stack size unknown bytes, rtexit2.o(.ARM.Collect$$rtexit$$00000002))

<P><STRONG><a name="[43]"></a>__rt_exit_exit</STRONG> (Thumb, 0 bytes, Stack size unknown bytes, rtexit2.o(.ARM.Collect$$rtexit$$00000004))
<BR><BR>[Calls]<UL><LI><a href="#[44]">&gt;&gt;</a>&nbsp;&nbsp;&nbsp;_sys_exit
</UL>

<P><STRONG><a name="[45]"></a>SysCtlDelay</STRONG> (Thumb, 6 bytes, Stack size 0 bytes, sysctl.o(.emb_text))
<BR><BR>[Calls]<UL><LI><a href="#[45]">&gt;&gt;</a>&nbsp;&nbsp;&nbsp;SysCtlDelay
</UL>
<BR>[Called By]<UL><LI><a href="#[b5]">&gt;&gt;</a>&nbsp;&nbsp;&nbsp;SysCtlClockSet
<LI><a href="#[45]">&gt;&gt;</a>&nbsp;&nbsp;&nbsp;SysCtlDelay
</UL>

<P><STRONG><a name="[f1]"></a>CPUcpsid</STRONG> (Thumb, 8 bytes, Stack size 0 bytes, cpu.o(.emb_text), UNUSED)

<P><STRONG><a name="[f2]"></a>CPUprimask</STRONG> (Thumb, 6 bytes, Stack size 0 bytes, cpu.o(.emb_text), UNUSED)

<P><STRONG><a name="[7c]"></a>CPUcpsie</STRONG> (Thumb, 8 bytes, Stack size 0 bytes, cpu.o(.emb_text))
<BR><BR>[Called By]<UL><LI><a href="#[7b]">&gt;&gt;</a>&nbsp;&nbsp;&nbsp;IntMasterEnable
</UL>

<P><STRONG><a name="[f3]"></a>CPUwfi</STRONG> (Thumb, 4 bytes, Stack size 0 bytes, cpu.o(.emb_text), UNUSED)

<P><STRONG><a name="[f4]"></a>CPUbasepriSet</STRONG> (Thumb, 6 bytes, Stack size 0 bytes, cpu.o(.emb_text), UNUSED)

<P><STRONG><a name="[f5]"></a>CPUbasepriGet</STRONG> (Thumb, 6 bytes, Stack size 0 bytes, cpu.o(.emb_text), UNUSED)

<P><STRONG><a name="[c3]"></a>rand</STRONG> (Thumb, 48 bytes, Stack size 0 bytes, rand.o(.emb_text))
<BR><BR>[Called By]<UL><LI><a href="#[98]">&gt;&gt;</a>&nbsp;&nbsp;&nbsp;nextChemUX
</UL>

<P><STRONG><a name="[55]"></a>__user_initial_stackheap</STRONG> (Thumb, 0 bytes, Stack size unknown bytes, startup_rvmdk.o(.text))
<BR><BR>[Called By]<UL><LI><a href="#[3b]">&gt;&gt;</a>&nbsp;&nbsp;&nbsp;__user_setup_stackheap
</UL>

<P><STRONG><a name="[f6]"></a>__I$use$semihosting</STRONG> (Thumb, 0 bytes, Stack size 0 bytes, use_no_semi.o(.text), UNUSED)

<P><STRONG><a name="[f7]"></a>__use_no_semihosting_swi</STRONG> (Thumb, 2 bytes, Stack size 0 bytes, use_no_semi.o(.text), UNUSED)

<P><STRONG><a name="[46]"></a>__2printf</STRONG> (Thumb, 20 bytes, Stack size 24 bytes, noretval__2printf.o(.text))
<BR><BR>[Stack]<UL><LI>Max Depth = 128 + Unknown Stack Size
<LI>Call Chain = __2printf &rArr; _printf_char_file &rArr; _printf_char_common &rArr; __printf
</UL>
<BR>[Calls]<UL><LI><a href="#[47]">&gt;&gt;</a>&nbsp;&nbsp;&nbsp;_printf_char_file
</UL>
<BR>[Called By]<UL><LI><a href="#[76]">&gt;&gt;</a>&nbsp;&nbsp;&nbsp;SetFlagsInactive
<LI><a href="#[ae]">&gt;&gt;</a>&nbsp;&nbsp;&nbsp;SetFlagsActive
<LI><a href="#[a4]">&gt;&gt;</a>&nbsp;&nbsp;&nbsp;usedOneAmmoUX
<LI><a href="#[a5]">&gt;&gt;</a>&nbsp;&nbsp;&nbsp;stopSprayingUX
<LI><a href="#[9c]">&gt;&gt;</a>&nbsp;&nbsp;&nbsp;stopMixingUX
<LI><a href="#[96]">&gt;&gt;</a>&nbsp;&nbsp;&nbsp;stopArmedUX
<LI><a href="#[a3]">&gt;&gt;</a>&nbsp;&nbsp;&nbsp;startWinUX
<LI><a href="#[9d]">&gt;&gt;</a>&nbsp;&nbsp;&nbsp;startSprayingUX
<LI><a href="#[97]">&gt;&gt;</a>&nbsp;&nbsp;&nbsp;startMixingUX
<LI><a href="#[a6]">&gt;&gt;</a>&nbsp;&nbsp;&nbsp;startFailUX
<LI><a href="#[95]">&gt;&gt;</a>&nbsp;&nbsp;&nbsp;startArmedUX
<LI><a href="#[94]">&gt;&gt;</a>&nbsp;&nbsp;&nbsp;resetGameplay
<LI><a href="#[98]">&gt;&gt;</a>&nbsp;&nbsp;&nbsp;nextChemUX
<LI><a href="#[9f]">&gt;&gt;</a>&nbsp;&nbsp;&nbsp;fireReadyUX
<LI><a href="#[a0]">&gt;&gt;</a>&nbsp;&nbsp;&nbsp;fireOnUX
<LI><a href="#[a1]">&gt;&gt;</a>&nbsp;&nbsp;&nbsp;fireOffUX
<LI><a href="#[a2]">&gt;&gt;</a>&nbsp;&nbsp;&nbsp;citySavedUX
<LI><a href="#[9a]">&gt;&gt;</a>&nbsp;&nbsp;&nbsp;addChemUX
<LI><a href="#[10]">&gt;&gt;</a>&nbsp;&nbsp;&nbsp;RunGameplay
<LI><a href="#[14]">&gt;&gt;</a>&nbsp;&nbsp;&nbsp;RunEventPrinter
<LI><a href="#[12]">&gt;&gt;</a>&nbsp;&nbsp;&nbsp;RunEventGenerator
<LI><a href="#[8f]">&gt;&gt;</a>&nbsp;&nbsp;&nbsp;ReportAllStates
<LI><a href="#[16]">&gt;&gt;</a>&nbsp;&nbsp;&nbsp;RunCities
<LI><a href="#[92]">&gt;&gt;</a>&nbsp;&nbsp;&nbsp;checkButtonEvents
<LI><a href="#[3f]">&gt;&gt;</a>&nbsp;&nbsp;&nbsp;main
<LI><a href="#[22]">&gt;&gt;</a>&nbsp;&nbsp;&nbsp;RunTimeOfDay
<LI><a href="#[ad]">&gt;&gt;</a>&nbsp;&nbsp;&nbsp;SetServoAngle
</UL>

<P><STRONG><a name="[48]"></a>__printf</STRONG> (Thumb, 104 bytes, Stack size 24 bytes, __printf.o(.text))
<BR><BR>[Stack]<UL><LI>Max Depth = 24 + Unknown Stack Size
<LI>Call Chain = __printf
</UL>
<BR>[Calls]<UL><LI><a href="#[49]">&gt;&gt;</a>&nbsp;&nbsp;&nbsp;_printf_percent
</UL>
<BR>[Called By]<UL><LI><a href="#[52]">&gt;&gt;</a>&nbsp;&nbsp;&nbsp;_printf_char_common
</UL>

<P><STRONG><a name="[50]"></a>_printf_str</STRONG> (Thumb, 82 bytes, Stack size 16 bytes, _printf_str.o(.text))
<BR><BR>[Stack]<UL><LI>Max Depth = 16<LI>Call Chain = _printf_str
</UL>
<BR>[Called By]<UL><LI><a href="#[4f]">&gt;&gt;</a>&nbsp;&nbsp;&nbsp;_printf_cs_common
</UL>

<P><STRONG><a name="[31]"></a>_printf_int_dec</STRONG> (Thumb, 100 bytes, Stack size 24 bytes, _printf_dec.o(.text))
<BR><BR>[Stack]<UL><LI>Max Depth = 56<LI>Call Chain = _printf_int_dec &rArr; _printf_int_common
</UL>
<BR>[Calls]<UL><LI><a href="#[4a]">&gt;&gt;</a>&nbsp;&nbsp;&nbsp;_printf_int_common
</UL>
<BR>[Called By]<UL><LI><a href="#[30]">&gt;&gt;</a>&nbsp;&nbsp;&nbsp;_printf_u
</UL>

<P><STRONG><a name="[33]"></a>_printf_int_hex</STRONG> (Thumb, 84 bytes, Stack size 16 bytes, _printf_hex_int.o(.text))
<BR><BR>[Stack]<UL><LI>Max Depth = 48<LI>Call Chain = _printf_int_hex &rArr; _printf_int_common
</UL>
<BR>[Calls]<UL><LI><a href="#[4a]">&gt;&gt;</a>&nbsp;&nbsp;&nbsp;_printf_int_common
</UL>
<BR>[Called By]<UL><LI><a href="#[32]">&gt;&gt;</a>&nbsp;&nbsp;&nbsp;_printf_x
</UL>

<P><STRONG><a name="[f8]"></a>_printf_longlong_hex</STRONG> (Thumb, 0 bytes, Stack size 16 bytes, _printf_hex_int.o(.text), UNUSED)

<P><STRONG><a name="[4b]"></a>getc</STRONG> (Thumb, 4 bytes, Stack size 0 bytes, getc.o(.text))
<BR><BR>[Stack]<UL><LI>Max Depth = 8<LI>Call Chain = getc &rArr; fgetc &rArr; TERMIO_GetChar &rArr; UARTgetc
</UL>
<BR>[Calls]<UL><LI><a href="#[4c]">&gt;&gt;</a>&nbsp;&nbsp;&nbsp;fgetc
</UL>
<BR>[Called By]<UL><LI><a href="#[b]">&gt;&gt;</a>&nbsp;&nbsp;&nbsp;Check4Keystroke
</UL>

<P><STRONG><a name="[4d]"></a>puts</STRONG> (Thumb, 40 bytes, Stack size 8 bytes, puts.o(.text))
<BR><BR>[Stack]<UL><LI>Max Depth = 16<LI>Call Chain = puts &rArr; fputc
</UL>
<BR>[Calls]<UL><LI><a href="#[9]">&gt;&gt;</a>&nbsp;&nbsp;&nbsp;fputc
</UL>
<BR>[Called By]<UL><LI><a href="#[3f]">&gt;&gt;</a>&nbsp;&nbsp;&nbsp;main
</UL>

<P><STRONG><a name="[4e]"></a>srand</STRONG> (Thumb, 42 bytes, Stack size 8 bytes, rand.o(.text))
<BR><BR>[Stack]<UL><LI>Max Depth = 8<LI>Call Chain = srand
</UL>
<BR>[Called By]<UL><LI><a href="#[39]">&gt;&gt;</a>&nbsp;&nbsp;&nbsp;_rand_init
</UL>

<P><STRONG><a name="[39]"></a>_rand_init</STRONG> (Thumb, 4 bytes, Stack size 0 bytes, rand.o(.text))
<BR><BR>[Stack]<UL><LI>Max Depth = 8<LI>Call Chain = _rand_init &rArr; srand
</UL>
<BR>[Calls]<UL><LI><a href="#[4e]">&gt;&gt;</a>&nbsp;&nbsp;&nbsp;srand
</UL>
<BR>[Called By]<UL><LI><a href="#[38]">&gt;&gt;</a>&nbsp;&nbsp;&nbsp;__rt_lib_init_rand_2
</UL>

<P><STRONG><a name="[f9]"></a>__use_two_region_memory</STRONG> (Thumb, 2 bytes, Stack size 0 bytes, heapauxi.o(.text), UNUSED)

<P><STRONG><a name="[fa]"></a>__rt_heap_escrow$2region</STRONG> (Thumb, 2 bytes, Stack size 0 bytes, heapauxi.o(.text), UNUSED)

<P><STRONG><a name="[fb]"></a>__rt_heap_expand$2region</STRONG> (Thumb, 2 bytes, Stack size 0 bytes, heapauxi.o(.text), UNUSED)

<P><STRONG><a name="[4a]"></a>_printf_int_common</STRONG> (Thumb, 178 bytes, Stack size 32 bytes, _printf_intcommon.o(.text))
<BR><BR>[Stack]<UL><LI>Max Depth = 32<LI>Call Chain = _printf_int_common
</UL>
<BR>[Called By]<UL><LI><a href="#[33]">&gt;&gt;</a>&nbsp;&nbsp;&nbsp;_printf_int_hex
<LI><a href="#[31]">&gt;&gt;</a>&nbsp;&nbsp;&nbsp;_printf_int_dec
</UL>

<P><STRONG><a name="[4f]"></a>_printf_cs_common</STRONG> (Thumb, 20 bytes, Stack size 8 bytes, _printf_char.o(.text))
<BR><BR>[Stack]<UL><LI>Max Depth = 24<LI>Call Chain = _printf_cs_common &rArr; _printf_str
</UL>
<BR>[Calls]<UL><LI><a href="#[50]">&gt;&gt;</a>&nbsp;&nbsp;&nbsp;_printf_str
</UL>
<BR>[Called By]<UL><LI><a href="#[35]">&gt;&gt;</a>&nbsp;&nbsp;&nbsp;_printf_string
<LI><a href="#[51]">&gt;&gt;</a>&nbsp;&nbsp;&nbsp;_printf_char
</UL>

<P><STRONG><a name="[51]"></a>_printf_char</STRONG> (Thumb, 16 bytes, Stack size 0 bytes, _printf_char.o(.text), UNUSED)
<BR><BR>[Calls]<UL><LI><a href="#[4f]">&gt;&gt;</a>&nbsp;&nbsp;&nbsp;_printf_cs_common
</UL>

<P><STRONG><a name="[35]"></a>_printf_string</STRONG> (Thumb, 8 bytes, Stack size 0 bytes, _printf_char.o(.text))
<BR><BR>[Stack]<UL><LI>Max Depth = 24<LI>Call Chain = _printf_string &rArr; _printf_cs_common &rArr; _printf_str
</UL>
<BR>[Calls]<UL><LI><a href="#[4f]">&gt;&gt;</a>&nbsp;&nbsp;&nbsp;_printf_cs_common
</UL>
<BR>[Called By]<UL><LI><a href="#[34]">&gt;&gt;</a>&nbsp;&nbsp;&nbsp;_printf_s
</UL>

<P><STRONG><a name="[47]"></a>_printf_char_file</STRONG> (Thumb, 32 bytes, Stack size 16 bytes, _printf_char_file.o(.text))
<BR><BR>[Stack]<UL><LI>Max Depth = 104 + Unknown Stack Size
<LI>Call Chain = _printf_char_file &rArr; _printf_char_common &rArr; __printf
</UL>
<BR>[Calls]<UL><LI><a href="#[53]">&gt;&gt;</a>&nbsp;&nbsp;&nbsp;ferror
<LI><a href="#[52]">&gt;&gt;</a>&nbsp;&nbsp;&nbsp;_printf_char_common
</UL>
<BR>[Called By]<UL><LI><a href="#[46]">&gt;&gt;</a>&nbsp;&nbsp;&nbsp;__2printf
</UL>

<P><STRONG><a name="[52]"></a>_printf_char_common</STRONG> (Thumb, 32 bytes, Stack size 64 bytes, _printf_char_common.o(.text))
<BR><BR>[Stack]<UL><LI>Max Depth = 88 + Unknown Stack Size
<LI>Call Chain = _printf_char_common &rArr; __printf
</UL>
<BR>[Calls]<UL><LI><a href="#[48]">&gt;&gt;</a>&nbsp;&nbsp;&nbsp;__printf
</UL>
<BR>[Called By]<UL><LI><a href="#[47]">&gt;&gt;</a>&nbsp;&nbsp;&nbsp;_printf_char_file
</UL>

<P><STRONG><a name="[3b]"></a>__user_setup_stackheap</STRONG> (Thumb, 74 bytes, Stack size 8 bytes, sys_stackheap_outer.o(.text))
<BR><BR>[Stack]<UL><LI>Max Depth = 8 + Unknown Stack Size
<LI>Call Chain = __user_setup_stackheap
</UL>
<BR>[Calls]<UL><LI><a href="#[55]">&gt;&gt;</a>&nbsp;&nbsp;&nbsp;__user_initial_stackheap
<LI><a href="#[54]">&gt;&gt;</a>&nbsp;&nbsp;&nbsp;__user_perproc_libspace
</UL>
<BR>[Called By]<UL><LI><a href="#[3a]">&gt;&gt;</a>&nbsp;&nbsp;&nbsp;__rt_entry_sh
</UL>

<P><STRONG><a name="[40]"></a>exit</STRONG> (Thumb, 12 bytes, Stack size 0 bytes, exit.o(.text))
<BR><BR>[Calls]<UL><LI><a href="#[56]">&gt;&gt;</a>&nbsp;&nbsp;&nbsp;__rt_exit
</UL>
<BR>[Called By]<UL><LI><a href="#[3e]">&gt;&gt;</a>&nbsp;&nbsp;&nbsp;__rt_entry_main
</UL>

<P><STRONG><a name="[fc]"></a>__user_libspace</STRONG> (Thumb, 8 bytes, Stack size 0 bytes, libspace.o(.text), UNUSED)

<P><STRONG><a name="[54]"></a>__user_perproc_libspace</STRONG> (Thumb, 0 bytes, Stack size 0 bytes, libspace.o(.text))
<BR><BR>[Called By]<UL><LI><a href="#[3b]">&gt;&gt;</a>&nbsp;&nbsp;&nbsp;__user_setup_stackheap
</UL>

<P><STRONG><a name="[fd]"></a>__user_perthread_libspace</STRONG> (Thumb, 0 bytes, Stack size 0 bytes, libspace.o(.text), UNUSED)

<P><STRONG><a name="[7a]"></a>ADC_MultiInit</STRONG> (Thumb, 170 bytes, Stack size 8 bytes, admulti.o(i.ADC_MultiInit))
<BR><BR>[Stack]<UL><LI>Max Depth = 8<LI>Call Chain = ADC_MultiInit
</UL>
<BR>[Called By]<UL><LI><a href="#[19]">&gt;&gt;</a>&nbsp;&nbsp;&nbsp;InitPump
</UL>

<P><STRONG><a name="[8e]"></a>ADC_MultiRead</STRONG> (Thumb, 46 bytes, Stack size 12 bytes, admulti.o(i.ADC_MultiRead))
<BR><BR>[Stack]<UL><LI>Max Depth = 12<LI>Call Chain = ADC_MultiRead
</UL>
<BR>[Called By]<UL><LI><a href="#[5c]">&gt;&gt;</a>&nbsp;&nbsp;&nbsp;ReadPump
</UL>

<P><STRONG><a name="[57]"></a>AudioControlInit</STRONG> (Thumb, 24 bytes, Stack size 8 bytes, audiocontrol.o(i.AudioControlInit))
<BR><BR>[Stack]<UL><LI>Max Depth = 20<LI>Call Chain = AudioControlInit &rArr; Audio_SR_Write
</UL>
<BR>[Calls]<UL><LI><a href="#[59]">&gt;&gt;</a>&nbsp;&nbsp;&nbsp;Audio_SR_Write
<LI><a href="#[58]">&gt;&gt;</a>&nbsp;&nbsp;&nbsp;Audio_SR_Init
</UL>
<BR>[Called By]<UL><LI><a href="#[f]">&gt;&gt;</a>&nbsp;&nbsp;&nbsp;InitGameplay
</UL>

<P><STRONG><a name="[58]"></a>Audio_SR_Init</STRONG> (Thumb, 54 bytes, Stack size 0 bytes, audioshiftregister.o(i.Audio_SR_Init))
<BR><BR>[Called By]<UL><LI><a href="#[57]">&gt;&gt;</a>&nbsp;&nbsp;&nbsp;AudioControlInit
</UL>

<P><STRONG><a name="[59]"></a>Audio_SR_Write</STRONG> (Thumb, 100 bytes, Stack size 12 bytes, audioshiftregister.o(i.Audio_SR_Write))
<BR><BR>[Stack]<UL><LI>Max Depth = 12<LI>Call Chain = Audio_SR_Write
</UL>
<BR>[Called By]<UL><LI><a href="#[c2]">&gt;&gt;</a>&nbsp;&nbsp;&nbsp;stopAllSounds
<LI><a href="#[c0]">&gt;&gt;</a>&nbsp;&nbsp;&nbsp;playSound
<LI><a href="#[57]">&gt;&gt;</a>&nbsp;&nbsp;&nbsp;AudioControlInit
</UL>

<P><STRONG><a name="[61]"></a>CPUgetPRIMASK_cpsid</STRONG> (Thumb, 8 bytes, Stack size 0 bytes, es_port.o(i.CPUgetPRIMASK_cpsid))
<BR><BR>[Called By]<UL><LI><a href="#[63]">&gt;&gt;</a>&nbsp;&nbsp;&nbsp;ES_EnQueueFIFO
<LI><a href="#[60]">&gt;&gt;</a>&nbsp;&nbsp;&nbsp;ES_DeQueue
</UL>

<P><STRONG><a name="[62]"></a>CPUsetPRIMASK</STRONG> (Thumb, 6 bytes, Stack size 0 bytes, es_port.o(i.CPUsetPRIMASK))
<BR><BR>[Called By]<UL><LI><a href="#[63]">&gt;&gt;</a>&nbsp;&nbsp;&nbsp;ES_EnQueueFIFO
<LI><a href="#[60]">&gt;&gt;</a>&nbsp;&nbsp;&nbsp;ES_DeQueue
</UL>

<P><STRONG><a name="[b]"></a>Check4Keystroke</STRONG> (Thumb, 40 bytes, Stack size 8 bytes, eventcheckers.o(i.Check4Keystroke))
<BR><BR>[Stack]<UL><LI>Max Depth = 32<LI>Call Chain = Check4Keystroke &rArr; PostEventGenerator &rArr; ES_PostToService &rArr; ES_EnQueueFIFO
</UL>
<BR>[Calls]<UL><LI><a href="#[5a]">&gt;&gt;</a>&nbsp;&nbsp;&nbsp;kbhit
<LI><a href="#[5b]">&gt;&gt;</a>&nbsp;&nbsp;&nbsp;PostEventGenerator
<LI><a href="#[4b]">&gt;&gt;</a>&nbsp;&nbsp;&nbsp;getc
</UL>
<BR>[Address Reference Count : 1]<UL><LI> es_checkevents.o(.constdata)
</UL>
<P><STRONG><a name="[d]"></a>CheckPumpLevel</STRONG> (Thumb, 82 bytes, Stack size 16 bytes, pump.o(i.CheckPumpLevel))
<BR><BR>[Stack]<UL><LI>Max Depth = 48<LI>Call Chain = CheckPumpLevel &rArr; PostEventPrinter &rArr; ES_PostToService &rArr; ES_EnQueueFIFO
</UL>
<BR>[Calls]<UL><LI><a href="#[26]">&gt;&gt;</a>&nbsp;&nbsp;&nbsp;PostPump
<LI><a href="#[5c]">&gt;&gt;</a>&nbsp;&nbsp;&nbsp;ReadPump
<LI><a href="#[5d]">&gt;&gt;</a>&nbsp;&nbsp;&nbsp;PostEventPrinter
</UL>
<BR>[Address Reference Count : 1]<UL><LI> es_checkevents.o(.constdata)
</UL>
<P><STRONG><a name="[e]"></a>CheckStirState</STRONG> (Thumb, 36 bytes, Stack size 16 bytes, stir.o(i.CheckStirState))
<BR><BR>[Stack]<UL><LI>Max Depth = 56<LI>Call Chain = CheckStirState &rArr; ES_PostAll &rArr; ES_EnQueueFIFO
</UL>
<BR>[Calls]<UL><LI><a href="#[5f]">&gt;&gt;</a>&nbsp;&nbsp;&nbsp;ES_PostAll
<LI><a href="#[5e]">&gt;&gt;</a>&nbsp;&nbsp;&nbsp;ReadStir
</UL>
<BR>[Address Reference Count : 1]<UL><LI> es_checkevents.o(.constdata)
</UL>
<P><STRONG><a name="[6b]"></a>ES_CheckUserEvents</STRONG> (Thumb, 34 bytes, Stack size 16 bytes, es_checkevents.o(i.ES_CheckUserEvents))
<BR><BR>[Stack]<UL><LI>Max Depth = 16<LI>Call Chain = ES_CheckUserEvents
</UL>
<BR>[Called By]<UL><LI><a href="#[68]">&gt;&gt;</a>&nbsp;&nbsp;&nbsp;ES_Run
</UL>

<P><STRONG><a name="[60]"></a>ES_DeQueue</STRONG> (Thumb, 80 bytes, Stack size 16 bytes, es_queue.o(i.ES_DeQueue))
<BR><BR>[Stack]<UL><LI>Max Depth = 16<LI>Call Chain = ES_DeQueue
</UL>
<BR>[Calls]<UL><LI><a href="#[62]">&gt;&gt;</a>&nbsp;&nbsp;&nbsp;CPUsetPRIMASK
<LI><a href="#[61]">&gt;&gt;</a>&nbsp;&nbsp;&nbsp;CPUgetPRIMASK_cpsid
</UL>
<BR>[Called By]<UL><LI><a href="#[68]">&gt;&gt;</a>&nbsp;&nbsp;&nbsp;ES_Run
</UL>

<P><STRONG><a name="[63]"></a>ES_EnQueueFIFO</STRONG> (Thumb, 66 bytes, Stack size 16 bytes, es_queue.o(i.ES_EnQueueFIFO))
<BR><BR>[Stack]<UL><LI>Max Depth = 16<LI>Call Chain = ES_EnQueueFIFO
</UL>
<BR>[Calls]<UL><LI><a href="#[62]">&gt;&gt;</a>&nbsp;&nbsp;&nbsp;CPUsetPRIMASK
<LI><a href="#[61]">&gt;&gt;</a>&nbsp;&nbsp;&nbsp;CPUgetPRIMASK_cpsid
</UL>
<BR>[Called By]<UL><LI><a href="#[5f]">&gt;&gt;</a>&nbsp;&nbsp;&nbsp;ES_PostAll
<LI><a href="#[67]">&gt;&gt;</a>&nbsp;&nbsp;&nbsp;ES_PostToService
</UL>

<P><STRONG><a name="[69]"></a>ES_GetMSBitSet</STRONG> (Thumb, 48 bytes, Stack size 8 bytes, es_lookuptables.o(i.ES_GetMSBitSet))
<BR><BR>[Stack]<UL><LI>Max Depth = 8<LI>Call Chain = ES_GetMSBitSet
</UL>
<BR>[Called By]<UL><LI><a href="#[68]">&gt;&gt;</a>&nbsp;&nbsp;&nbsp;ES_Run
<LI><a href="#[6d]">&gt;&gt;</a>&nbsp;&nbsp;&nbsp;ES_Timer_Tick_Resp
</UL>

<P><STRONG><a name="[66]"></a>ES_InitQueue</STRONG> (Thumb, 16 bytes, Stack size 0 bytes, es_queue.o(i.ES_InitQueue))
<BR><BR>[Called By]<UL><LI><a href="#[64]">&gt;&gt;</a>&nbsp;&nbsp;&nbsp;ES_Initialize
</UL>

<P><STRONG><a name="[64]"></a>ES_Initialize</STRONG> (Thumb, 72 bytes, Stack size 16 bytes, es_framework.o(i.ES_Initialize))
<BR><BR>[Stack]<UL><LI>Max Depth = 32<LI>Call Chain = ES_Initialize &rArr; ES_Timer_Init &rArr; _HW_Timer_Init &rArr; IntMasterEnable
</UL>
<BR>[Calls]<UL><LI><a href="#[65]">&gt;&gt;</a>&nbsp;&nbsp;&nbsp;ES_Timer_Init
<LI><a href="#[66]">&gt;&gt;</a>&nbsp;&nbsp;&nbsp;ES_InitQueue
</UL>
<BR>[Called By]<UL><LI><a href="#[3f]">&gt;&gt;</a>&nbsp;&nbsp;&nbsp;main
</UL>

<P><STRONG><a name="[5f]"></a>ES_PostAll</STRONG> (Thumb, 58 bytes, Stack size 24 bytes, es_framework.o(i.ES_PostAll))
<BR><BR>[Stack]<UL><LI>Max Depth = 40<LI>Call Chain = ES_PostAll &rArr; ES_EnQueueFIFO
</UL>
<BR>[Calls]<UL><LI><a href="#[63]">&gt;&gt;</a>&nbsp;&nbsp;&nbsp;ES_EnQueueFIFO
</UL>
<BR>[Called By]<UL><LI><a href="#[12]">&gt;&gt;</a>&nbsp;&nbsp;&nbsp;RunEventGenerator
<LI><a href="#[e]">&gt;&gt;</a>&nbsp;&nbsp;&nbsp;CheckStirState
</UL>

<P><STRONG><a name="[67]"></a>ES_PostToService</STRONG> (Thumb, 42 bytes, Stack size 8 bytes, es_framework.o(i.ES_PostToService))
<BR><BR>[Stack]<UL><LI>Max Depth = 24<LI>Call Chain = ES_PostToService &rArr; ES_EnQueueFIFO
</UL>
<BR>[Calls]<UL><LI><a href="#[63]">&gt;&gt;</a>&nbsp;&nbsp;&nbsp;ES_EnQueueFIFO
</UL>
<BR>[Called By]<UL><LI><a href="#[26]">&gt;&gt;</a>&nbsp;&nbsp;&nbsp;PostPump
<LI><a href="#[19]">&gt;&gt;</a>&nbsp;&nbsp;&nbsp;InitPump
<LI><a href="#[28]">&gt;&gt;</a>&nbsp;&nbsp;&nbsp;PostLEDControl
<LI><a href="#[17]">&gt;&gt;</a>&nbsp;&nbsp;&nbsp;InitHose
<LI><a href="#[25]">&gt;&gt;</a>&nbsp;&nbsp;&nbsp;PostTimeOfDay
<LI><a href="#[f]">&gt;&gt;</a>&nbsp;&nbsp;&nbsp;InitGameplay
<LI><a href="#[5b]">&gt;&gt;</a>&nbsp;&nbsp;&nbsp;PostEventGenerator
<LI><a href="#[8]">&gt;&gt;</a>&nbsp;&nbsp;&nbsp;ShortTimerBHandler
<LI><a href="#[7]">&gt;&gt;</a>&nbsp;&nbsp;&nbsp;ShortTimerAHandler
<LI><a href="#[8d]">&gt;&gt;</a>&nbsp;&nbsp;&nbsp;PostCities
<LI><a href="#[27]">&gt;&gt;</a>&nbsp;&nbsp;&nbsp;PostHose
<LI><a href="#[23]">&gt;&gt;</a>&nbsp;&nbsp;&nbsp;PostGameplay
<LI><a href="#[5d]">&gt;&gt;</a>&nbsp;&nbsp;&nbsp;PostEventPrinter
<LI><a href="#[29]">&gt;&gt;</a>&nbsp;&nbsp;&nbsp;PostButtons
<LI><a href="#[21]">&gt;&gt;</a>&nbsp;&nbsp;&nbsp;InitTimeOfDay
<LI><a href="#[24]">&gt;&gt;</a>&nbsp;&nbsp;&nbsp;PostStir
<LI><a href="#[1b]">&gt;&gt;</a>&nbsp;&nbsp;&nbsp;InitStir
</UL>

<P><STRONG><a name="[68]"></a>ES_Run</STRONG> (Thumb, 84 bytes, Stack size 16 bytes, es_framework.o(i.ES_Run))
<BR><BR>[Stack]<UL><LI>Max Depth = 48<LI>Call Chain = ES_Run &rArr; _HW_Process_Pending_Ints &rArr; ES_Timer_Tick_Resp &rArr; ES_GetMSBitSet
</UL>
<BR>[Calls]<UL><LI><a href="#[6a]">&gt;&gt;</a>&nbsp;&nbsp;&nbsp;_HW_Process_Pending_Ints
<LI><a href="#[69]">&gt;&gt;</a>&nbsp;&nbsp;&nbsp;ES_GetMSBitSet
<LI><a href="#[60]">&gt;&gt;</a>&nbsp;&nbsp;&nbsp;ES_DeQueue
<LI><a href="#[6b]">&gt;&gt;</a>&nbsp;&nbsp;&nbsp;ES_CheckUserEvents
</UL>
<BR>[Called By]<UL><LI><a href="#[3f]">&gt;&gt;</a>&nbsp;&nbsp;&nbsp;main
</UL>

<P><STRONG><a name="[65]"></a>ES_Timer_Init</STRONG> (Thumb, 4 bytes, Stack size 0 bytes, es_timers.o(i.ES_Timer_Init))
<BR><BR>[Stack]<UL><LI>Max Depth = 16<LI>Call Chain = ES_Timer_Init &rArr; _HW_Timer_Init &rArr; IntMasterEnable
</UL>
<BR>[Calls]<UL><LI><a href="#[6c]">&gt;&gt;</a>&nbsp;&nbsp;&nbsp;_HW_Timer_Init
</UL>
<BR>[Called By]<UL><LI><a href="#[64]">&gt;&gt;</a>&nbsp;&nbsp;&nbsp;ES_Initialize
</UL>

<P><STRONG><a name="[73]"></a>ES_Timer_InitTimer</STRONG> (Thumb, 44 bytes, Stack size 0 bytes, es_timers.o(i.ES_Timer_InitTimer))
<BR><BR>[Called By]<UL><LI><a href="#[1a]">&gt;&gt;</a>&nbsp;&nbsp;&nbsp;RunPump
<LI><a href="#[1e]">&gt;&gt;</a>&nbsp;&nbsp;&nbsp;RunLEDControl
<LI><a href="#[1d]">&gt;&gt;</a>&nbsp;&nbsp;&nbsp;InitLEDControl
<LI><a href="#[18]">&gt;&gt;</a>&nbsp;&nbsp;&nbsp;RunHose
<LI><a href="#[10]">&gt;&gt;</a>&nbsp;&nbsp;&nbsp;RunGameplay
<LI><a href="#[20]">&gt;&gt;</a>&nbsp;&nbsp;&nbsp;RunButtons
<LI><a href="#[1f]">&gt;&gt;</a>&nbsp;&nbsp;&nbsp;InitButtons
<LI><a href="#[22]">&gt;&gt;</a>&nbsp;&nbsp;&nbsp;RunTimeOfDay
<LI><a href="#[1c]">&gt;&gt;</a>&nbsp;&nbsp;&nbsp;RunStir
</UL>

<P><STRONG><a name="[a7]"></a>ES_Timer_SetTimer</STRONG> (Thumb, 30 bytes, Stack size 0 bytes, es_timers.o(i.ES_Timer_SetTimer))
<BR><BR>[Called By]<UL><LI><a href="#[18]">&gt;&gt;</a>&nbsp;&nbsp;&nbsp;RunHose
</UL>

<P><STRONG><a name="[a8]"></a>ES_Timer_StartTimer</STRONG> (Thumb, 36 bytes, Stack size 0 bytes, es_timers.o(i.ES_Timer_StartTimer))
<BR><BR>[Called By]<UL><LI><a href="#[18]">&gt;&gt;</a>&nbsp;&nbsp;&nbsp;RunHose
</UL>

<P><STRONG><a name="[aa]"></a>ES_Timer_StopTimer</STRONG> (Thumb, 28 bytes, Stack size 0 bytes, es_timers.o(i.ES_Timer_StopTimer))
<BR><BR>[Called By]<UL><LI><a href="#[18]">&gt;&gt;</a>&nbsp;&nbsp;&nbsp;RunHose
</UL>

<P><STRONG><a name="[6d]"></a>ES_Timer_Tick_Resp</STRONG> (Thumb, 90 bytes, Stack size 16 bytes, es_timers.o(i.ES_Timer_Tick_Resp))
<BR><BR>[Stack]<UL><LI>Max Depth = 24<LI>Call Chain = ES_Timer_Tick_Resp &rArr; ES_GetMSBitSet
</UL>
<BR>[Calls]<UL><LI><a href="#[69]">&gt;&gt;</a>&nbsp;&nbsp;&nbsp;ES_GetMSBitSet
</UL>
<BR>[Called By]<UL><LI><a href="#[6a]">&gt;&gt;</a>&nbsp;&nbsp;&nbsp;_HW_Process_Pending_Ints
</UL>

<P><STRONG><a name="[77]"></a>ExternalLineInit</STRONG> (Thumb, 54 bytes, Stack size 0 bytes, externalline.o(i.ExternalLineInit))
<BR><BR>[Called By]<UL><LI><a href="#[f]">&gt;&gt;</a>&nbsp;&nbsp;&nbsp;InitGameplay
</UL>

<P><STRONG><a name="[6f]"></a>GPIODirModeSet</STRONG> (Thumb, 40 bytes, Stack size 0 bytes, gpio.o(i.GPIODirModeSet))
<BR><BR>[Called By]<UL><LI><a href="#[6e]">&gt;&gt;</a>&nbsp;&nbsp;&nbsp;GPIOPinTypeGPIOInput
<LI><a href="#[72]">&gt;&gt;</a>&nbsp;&nbsp;&nbsp;GPIOPinTypeUART
<LI><a href="#[71]">&gt;&gt;</a>&nbsp;&nbsp;&nbsp;GPIOPinTypePWM
</UL>

<P><STRONG><a name="[70]"></a>GPIOPadConfigSet</STRONG> (Thumb, 314 bytes, Stack size 28 bytes, gpio.o(i.GPIOPadConfigSet))
<BR><BR>[Stack]<UL><LI>Max Depth = 28<LI>Call Chain = GPIOPadConfigSet
</UL>
<BR>[Called By]<UL><LI><a href="#[6e]">&gt;&gt;</a>&nbsp;&nbsp;&nbsp;GPIOPinTypeGPIOInput
<LI><a href="#[72]">&gt;&gt;</a>&nbsp;&nbsp;&nbsp;GPIOPinTypeUART
<LI><a href="#[71]">&gt;&gt;</a>&nbsp;&nbsp;&nbsp;GPIOPinTypePWM
</UL>

<P><STRONG><a name="[80]"></a>GPIOPinConfigure</STRONG> (Thumb, 64 bytes, Stack size 0 bytes, gpio.o(i.GPIOPinConfigure))
<BR><BR>[Called By]<UL><LI><a href="#[b8]">&gt;&gt;</a>&nbsp;&nbsp;&nbsp;TERMIO_Init
<LI><a href="#[7d]">&gt;&gt;</a>&nbsp;&nbsp;&nbsp;PWM8_TIVA_Init
</UL>

<P><STRONG><a name="[6e]"></a>GPIOPinTypeGPIOInput</STRONG> (Thumb, 28 bytes, Stack size 12 bytes, gpio.o(i.GPIOPinTypeGPIOInput))
<BR><BR>[Stack]<UL><LI>Max Depth = 40<LI>Call Chain = GPIOPinTypeGPIOInput &rArr; GPIOPadConfigSet
</UL>
<BR>[Calls]<UL><LI><a href="#[70]">&gt;&gt;</a>&nbsp;&nbsp;&nbsp;GPIOPadConfigSet
<LI><a href="#[6f]">&gt;&gt;</a>&nbsp;&nbsp;&nbsp;GPIODirModeSet
</UL>
<BR>[Called By]<UL><LI><a href="#[8c]">&gt;&gt;</a>&nbsp;&nbsp;&nbsp;PortFunctionInit
</UL>

<P><STRONG><a name="[71]"></a>GPIOPinTypePWM</STRONG> (Thumb, 28 bytes, Stack size 12 bytes, gpio.o(i.GPIOPinTypePWM))
<BR><BR>[Stack]<UL><LI>Max Depth = 40<LI>Call Chain = GPIOPinTypePWM &rArr; GPIOPadConfigSet
</UL>
<BR>[Calls]<UL><LI><a href="#[70]">&gt;&gt;</a>&nbsp;&nbsp;&nbsp;GPIOPadConfigSet
<LI><a href="#[6f]">&gt;&gt;</a>&nbsp;&nbsp;&nbsp;GPIODirModeSet
</UL>
<BR>[Called By]<UL><LI><a href="#[7d]">&gt;&gt;</a>&nbsp;&nbsp;&nbsp;PWM8_TIVA_Init
</UL>

<P><STRONG><a name="[72]"></a>GPIOPinTypeUART</STRONG> (Thumb, 28 bytes, Stack size 12 bytes, gpio.o(i.GPIOPinTypeUART))
<BR><BR>[Stack]<UL><LI>Max Depth = 40<LI>Call Chain = GPIOPinTypeUART &rArr; GPIOPadConfigSet
</UL>
<BR>[Calls]<UL><LI><a href="#[70]">&gt;&gt;</a>&nbsp;&nbsp;&nbsp;GPIOPadConfigSet
<LI><a href="#[6f]">&gt;&gt;</a>&nbsp;&nbsp;&nbsp;GPIODirModeSet
</UL>
<BR>[Called By]<UL><LI><a href="#[b8]">&gt;&gt;</a>&nbsp;&nbsp;&nbsp;TERMIO_Init
</UL>

<P><STRONG><a name="[c1]"></a>GetIRState</STRONG> (Thumb, 6 bytes, Stack size 0 bytes, ir_pulse.o(i.GetIRState))
<BR><BR>[Called By]<UL><LI><a href="#[c]">&gt;&gt;</a>&nbsp;&nbsp;&nbsp;checkIREvents
</UL>

<P><STRONG><a name="[1f]"></a>InitButtons</STRONG> (Thumb, 84 bytes, Stack size 8 bytes, buttons.o(i.InitButtons))
<BR><BR>[Stack]<UL><LI>Max Depth = 8<LI>Call Chain = InitButtons
</UL>
<BR>[Calls]<UL><LI><a href="#[73]">&gt;&gt;</a>&nbsp;&nbsp;&nbsp;ES_Timer_InitTimer
</UL>
<BR>[Address Reference Count : 1]<UL><LI> es_framework.o(.constdata)
</UL>
<P><STRONG><a name="[15]"></a>InitCities</STRONG> (Thumb, 66 bytes, Stack size 4 bytes, cities.o(i.InitCities))
<BR><BR>[Stack]<UL><LI>Max Depth = 4<LI>Call Chain = InitCities
</UL>
<BR>[Calls]<UL><LI><a href="#[74]">&gt;&gt;</a>&nbsp;&nbsp;&nbsp;resetCities
</UL>
<BR>[Address Reference Count : 1]<UL><LI> es_framework.o(.constdata)
</UL>
<P><STRONG><a name="[11]"></a>InitEventGenerator</STRONG> (Thumb, 8 bytes, Stack size 0 bytes, eventgenerator.o(i.InitEventGenerator))
<BR>[Address Reference Count : 1]<UL><LI> es_framework.o(.constdata)
</UL>
<P><STRONG><a name="[13]"></a>InitEventPrinter</STRONG> (Thumb, 8 bytes, Stack size 0 bytes, eventprinter.o(i.InitEventPrinter))
<BR>[Address Reference Count : 1]<UL><LI> es_framework.o(.constdata)
</UL>
<P><STRONG><a name="[f]"></a>InitGameplay</STRONG> (Thumb, 48 bytes, Stack size 8 bytes, gameplay.o(i.InitGameplay))
<BR><BR>[Stack]<UL><LI>Max Depth = 192 + Unknown Stack Size
<LI>Call Chain = InitGameplay &rArr; ServoInit &rArr; SetFlagsInactive &rArr; SetServoAngle &rArr; __2printf &rArr; _printf_char_file &rArr; _printf_char_common &rArr; __printf
</UL>
<BR>[Calls]<UL><LI><a href="#[76]">&gt;&gt;</a>&nbsp;&nbsp;&nbsp;SetFlagsInactive
<LI><a href="#[75]">&gt;&gt;</a>&nbsp;&nbsp;&nbsp;ServoInit
<LI><a href="#[77]">&gt;&gt;</a>&nbsp;&nbsp;&nbsp;ExternalLineInit
<LI><a href="#[67]">&gt;&gt;</a>&nbsp;&nbsp;&nbsp;ES_PostToService
<LI><a href="#[57]">&gt;&gt;</a>&nbsp;&nbsp;&nbsp;AudioControlInit
</UL>
<BR>[Address Reference Count : 1]<UL><LI> es_framework.o(.constdata)
</UL>
<P><STRONG><a name="[17]"></a>InitHose</STRONG> (Thumb, 36 bytes, Stack size 8 bytes, hose.o(i.InitHose))
<BR><BR>[Stack]<UL><LI>Max Depth = 88<LI>Call Chain = InitHose &rArr; PulseInit &rArr; PWMInit &rArr; PWM8_TIVA_Init &rArr; GPIOPinTypePWM &rArr; GPIOPadConfigSet
</UL>
<BR>[Calls]<UL><LI><a href="#[78]">&gt;&gt;</a>&nbsp;&nbsp;&nbsp;PulseInit
<LI><a href="#[67]">&gt;&gt;</a>&nbsp;&nbsp;&nbsp;ES_PostToService
</UL>
<BR>[Address Reference Count : 1]<UL><LI> es_framework.o(.constdata)
</UL>
<P><STRONG><a name="[1d]"></a>InitLEDControl</STRONG> (Thumb, 34 bytes, Stack size 8 bytes, ledcontrol.o(i.InitLEDControl))
<BR><BR>[Stack]<UL><LI>Max Depth = 8<LI>Call Chain = InitLEDControl
</UL>
<BR>[Calls]<UL><LI><a href="#[79]">&gt;&gt;</a>&nbsp;&nbsp;&nbsp;LED_SR_Init
<LI><a href="#[73]">&gt;&gt;</a>&nbsp;&nbsp;&nbsp;ES_Timer_InitTimer
</UL>
<BR>[Address Reference Count : 1]<UL><LI> es_framework.o(.constdata)
</UL>
<P><STRONG><a name="[19]"></a>InitPump</STRONG> (Thumb, 44 bytes, Stack size 8 bytes, pump.o(i.InitPump))
<BR><BR>[Stack]<UL><LI>Max Depth = 32<LI>Call Chain = InitPump &rArr; ES_PostToService &rArr; ES_EnQueueFIFO
</UL>
<BR>[Calls]<UL><LI><a href="#[5c]">&gt;&gt;</a>&nbsp;&nbsp;&nbsp;ReadPump
<LI><a href="#[67]">&gt;&gt;</a>&nbsp;&nbsp;&nbsp;ES_PostToService
<LI><a href="#[7a]">&gt;&gt;</a>&nbsp;&nbsp;&nbsp;ADC_MultiInit
</UL>
<BR>[Address Reference Count : 1]<UL><LI> es_framework.o(.constdata)
</UL>
<P><STRONG><a name="[1b]"></a>InitStir</STRONG> (Thumb, 82 bytes, Stack size 8 bytes, stir.o(i.InitStir))
<BR><BR>[Stack]<UL><LI>Max Depth = 32<LI>Call Chain = InitStir &rArr; ES_PostToService &rArr; ES_EnQueueFIFO
</UL>
<BR>[Calls]<UL><LI><a href="#[67]">&gt;&gt;</a>&nbsp;&nbsp;&nbsp;ES_PostToService
<LI><a href="#[5e]">&gt;&gt;</a>&nbsp;&nbsp;&nbsp;ReadStir
</UL>
<BR>[Address Reference Count : 1]<UL><LI> es_framework.o(.constdata)
</UL>
<P><STRONG><a name="[21]"></a>InitTimeOfDay</STRONG> (Thumb, 28 bytes, Stack size 8 bytes, timeofday.o(i.InitTimeOfDay))
<BR><BR>[Stack]<UL><LI>Max Depth = 32<LI>Call Chain = InitTimeOfDay &rArr; ES_PostToService &rArr; ES_EnQueueFIFO
</UL>
<BR>[Calls]<UL><LI><a href="#[67]">&gt;&gt;</a>&nbsp;&nbsp;&nbsp;ES_PostToService
</UL>
<BR>[Address Reference Count : 1]<UL><LI> es_framework.o(.constdata)
</UL>
<P><STRONG><a name="[7b]"></a>IntMasterEnable</STRONG> (Thumb, 14 bytes, Stack size 8 bytes, interrupt.o(i.IntMasterEnable))
<BR><BR>[Stack]<UL><LI>Max Depth = 8<LI>Call Chain = IntMasterEnable
</UL>
<BR>[Calls]<UL><LI><a href="#[7c]">&gt;&gt;</a>&nbsp;&nbsp;&nbsp;CPUcpsie
</UL>
<BR>[Called By]<UL><LI><a href="#[6c]">&gt;&gt;</a>&nbsp;&nbsp;&nbsp;_HW_Timer_Init
</UL>

<P><STRONG><a name="[79]"></a>LED_SR_Init</STRONG> (Thumb, 72 bytes, Stack size 0 bytes, ledshiftregister.o(i.LED_SR_Init))
<BR><BR>[Called By]<UL><LI><a href="#[1d]">&gt;&gt;</a>&nbsp;&nbsp;&nbsp;InitLEDControl
</UL>

<P><STRONG><a name="[ac]"></a>LED_SR_Write</STRONG> (Thumb, 90 bytes, Stack size 0 bytes, ledshiftregister.o(i.LED_SR_Write))
<BR><BR>[Called By]<UL><LI><a href="#[1e]">&gt;&gt;</a>&nbsp;&nbsp;&nbsp;RunLEDControl
<LI><a href="#[93]">&gt;&gt;</a>&nbsp;&nbsp;&nbsp;setLED
</UL>

<P><STRONG><a name="[7d]"></a>PWM8_TIVA_Init</STRONG> (Thumb, 246 bytes, Stack size 24 bytes, pwm8tiva.o(i.PWM8_TIVA_Init))
<BR><BR>[Stack]<UL><LI>Max Depth = 64<LI>Call Chain = PWM8_TIVA_Init &rArr; GPIOPinTypePWM &rArr; GPIOPadConfigSet
</UL>
<BR>[Calls]<UL><LI><a href="#[7f]">&gt;&gt;</a>&nbsp;&nbsp;&nbsp;SysCtlPeripheralEnable
<LI><a href="#[86]">&gt;&gt;</a>&nbsp;&nbsp;&nbsp;PWMSyncUpdate
<LI><a href="#[84]">&gt;&gt;</a>&nbsp;&nbsp;&nbsp;PWM8_TIVA_SetDuty
<LI><a href="#[7e]">&gt;&gt;</a>&nbsp;&nbsp;&nbsp;SysCtlPWMClockSet
<LI><a href="#[81]">&gt;&gt;</a>&nbsp;&nbsp;&nbsp;SysCtlClockGet
<LI><a href="#[87]">&gt;&gt;</a>&nbsp;&nbsp;&nbsp;PWMOutputState
<LI><a href="#[83]">&gt;&gt;</a>&nbsp;&nbsp;&nbsp;PWMGenPeriodSet
<LI><a href="#[85]">&gt;&gt;</a>&nbsp;&nbsp;&nbsp;PWMGenEnable
<LI><a href="#[82]">&gt;&gt;</a>&nbsp;&nbsp;&nbsp;PWMGenConfigure
<LI><a href="#[71]">&gt;&gt;</a>&nbsp;&nbsp;&nbsp;GPIOPinTypePWM
<LI><a href="#[80]">&gt;&gt;</a>&nbsp;&nbsp;&nbsp;GPIOPinConfigure
</UL>
<BR>[Called By]<UL><LI><a href="#[8b]">&gt;&gt;</a>&nbsp;&nbsp;&nbsp;PWMInit
</UL>

<P><STRONG><a name="[84]"></a>PWM8_TIVA_SetDuty</STRONG> (Thumb, 48 bytes, Stack size 0 bytes, pwm8tiva.o(i.PWM8_TIVA_SetDuty))
<BR><BR>[Calls]<UL><LI><a href="#[88]">&gt;&gt;</a>&nbsp;&nbsp;&nbsp;PWMPulseWidthSet
</UL>
<BR>[Called By]<UL><LI><a href="#[a9]">&gt;&gt;</a>&nbsp;&nbsp;&nbsp;TurnIROn
<LI><a href="#[ab]">&gt;&gt;</a>&nbsp;&nbsp;&nbsp;TurnIROff
<LI><a href="#[7d]">&gt;&gt;</a>&nbsp;&nbsp;&nbsp;PWM8_TIVA_Init
<LI><a href="#[89]">&gt;&gt;</a>&nbsp;&nbsp;&nbsp;PWM8_TIVA_SetPeriod
</UL>

<P><STRONG><a name="[89]"></a>PWM8_TIVA_SetPeriod</STRONG> (Thumb, 60 bytes, Stack size 16 bytes, pwm8tiva.o(i.PWM8_TIVA_SetPeriod))
<BR><BR>[Stack]<UL><LI>Max Depth = 16<LI>Call Chain = PWM8_TIVA_SetPeriod
</UL>
<BR>[Calls]<UL><LI><a href="#[84]">&gt;&gt;</a>&nbsp;&nbsp;&nbsp;PWM8_TIVA_SetDuty
<LI><a href="#[83]">&gt;&gt;</a>&nbsp;&nbsp;&nbsp;PWMGenPeriodSet
</UL>
<BR>[Called By]<UL><LI><a href="#[78]">&gt;&gt;</a>&nbsp;&nbsp;&nbsp;PulseInit
<LI><a href="#[75]">&gt;&gt;</a>&nbsp;&nbsp;&nbsp;ServoInit
</UL>

<P><STRONG><a name="[8a]"></a>PWM8_TIVA_SetPulseWidth</STRONG> (Thumb, 32 bytes, Stack size 0 bytes, pwm8tiva.o(i.PWM8_TIVA_SetPulseWidth))
<BR><BR>[Calls]<UL><LI><a href="#[88]">&gt;&gt;</a>&nbsp;&nbsp;&nbsp;PWMPulseWidthSet
</UL>
<BR>[Called By]<UL><LI><a href="#[ad]">&gt;&gt;</a>&nbsp;&nbsp;&nbsp;SetServoAngle
</UL>

<P><STRONG><a name="[82]"></a>PWMGenConfigure</STRONG> (Thumb, 38 bytes, Stack size 0 bytes, pwm.o(i.PWMGenConfigure))
<BR><BR>[Called By]<UL><LI><a href="#[7d]">&gt;&gt;</a>&nbsp;&nbsp;&nbsp;PWM8_TIVA_Init
</UL>

<P><STRONG><a name="[85]"></a>PWMGenEnable</STRONG> (Thumb, 10 bytes, Stack size 0 bytes, pwm.o(i.PWMGenEnable))
<BR><BR>[Called By]<UL><LI><a href="#[7d]">&gt;&gt;</a>&nbsp;&nbsp;&nbsp;PWM8_TIVA_Init
</UL>

<P><STRONG><a name="[83]"></a>PWMGenPeriodSet</STRONG> (Thumb, 18 bytes, Stack size 0 bytes, pwm.o(i.PWMGenPeriodSet))
<BR><BR>[Called By]<UL><LI><a href="#[7d]">&gt;&gt;</a>&nbsp;&nbsp;&nbsp;PWM8_TIVA_Init
<LI><a href="#[89]">&gt;&gt;</a>&nbsp;&nbsp;&nbsp;PWM8_TIVA_SetPeriod
</UL>

<P><STRONG><a name="[8b]"></a>PWMInit</STRONG> (Thumb, 20 bytes, Stack size 8 bytes, pwm_control.o(i.PWMInit))
<BR><BR>[Stack]<UL><LI>Max Depth = 72<LI>Call Chain = PWMInit &rArr; PWM8_TIVA_Init &rArr; GPIOPinTypePWM &rArr; GPIOPadConfigSet
</UL>
<BR>[Calls]<UL><LI><a href="#[7d]">&gt;&gt;</a>&nbsp;&nbsp;&nbsp;PWM8_TIVA_Init
</UL>
<BR>[Called By]<UL><LI><a href="#[78]">&gt;&gt;</a>&nbsp;&nbsp;&nbsp;PulseInit
<LI><a href="#[75]">&gt;&gt;</a>&nbsp;&nbsp;&nbsp;ServoInit
</UL>

<P><STRONG><a name="[87]"></a>PWMOutputState</STRONG> (Thumb, 16 bytes, Stack size 0 bytes, pwm.o(i.PWMOutputState))
<BR><BR>[Called By]<UL><LI><a href="#[7d]">&gt;&gt;</a>&nbsp;&nbsp;&nbsp;PWM8_TIVA_Init
</UL>

<P><STRONG><a name="[88]"></a>PWMPulseWidthSet</STRONG> (Thumb, 32 bytes, Stack size 0 bytes, pwm.o(i.PWMPulseWidthSet))
<BR><BR>[Called By]<UL><LI><a href="#[84]">&gt;&gt;</a>&nbsp;&nbsp;&nbsp;PWM8_TIVA_SetDuty
<LI><a href="#[8a]">&gt;&gt;</a>&nbsp;&nbsp;&nbsp;PWM8_TIVA_SetPulseWidth
</UL>

<P><STRONG><a name="[86]"></a>PWMSyncUpdate</STRONG> (Thumb, 4 bytes, Stack size 0 bytes, pwm.o(i.PWMSyncUpdate))
<BR><BR>[Called By]<UL><LI><a href="#[7d]">&gt;&gt;</a>&nbsp;&nbsp;&nbsp;PWM8_TIVA_Init
</UL>

<P><STRONG><a name="[8c]"></a>PortFunctionInit</STRONG> (Thumb, 132 bytes, Stack size 8 bytes, enablepa25_pb23_pd7_pf0.o(i.PortFunctionInit))
<BR><BR>[Stack]<UL><LI>Max Depth = 48<LI>Call Chain = PortFunctionInit &rArr; GPIOPinTypeGPIOInput &rArr; GPIOPadConfigSet
</UL>
<BR>[Calls]<UL><LI><a href="#[7f]">&gt;&gt;</a>&nbsp;&nbsp;&nbsp;SysCtlPeripheralEnable
<LI><a href="#[6e]">&gt;&gt;</a>&nbsp;&nbsp;&nbsp;GPIOPinTypeGPIOInput
</UL>
<BR>[Called By]<UL><LI><a href="#[3f]">&gt;&gt;</a>&nbsp;&nbsp;&nbsp;main
</UL>

<P><STRONG><a name="[29]"></a>PostButtons</STRONG> (Thumb, 20 bytes, Stack size 8 bytes, buttons.o(i.PostButtons))
<BR><BR>[Stack]<UL><LI>Max Depth = 32<LI>Call Chain = PostButtons &rArr; ES_PostToService &rArr; ES_EnQueueFIFO
</UL>
<BR>[Calls]<UL><LI><a href="#[67]">&gt;&gt;</a>&nbsp;&nbsp;&nbsp;ES_PostToService
</UL>
<BR>[Address Reference Count : 1]<UL><LI> es_timers.o(.constdata)
</UL>
<P><STRONG><a name="[8d]"></a>PostCities</STRONG> (Thumb, 10 bytes, Stack size 0 bytes, cities.o(i.PostCities))
<BR><BR>[Stack]<UL><LI>Max Depth = 24<LI>Call Chain = PostCities &rArr; ES_PostToService &rArr; ES_EnQueueFIFO
</UL>
<BR>[Calls]<UL><LI><a href="#[67]">&gt;&gt;</a>&nbsp;&nbsp;&nbsp;ES_PostToService
</UL>
<BR>[Called By]<UL><LI><a href="#[c]">&gt;&gt;</a>&nbsp;&nbsp;&nbsp;checkIREvents
</UL>

<P><STRONG><a name="[5b]"></a>PostEventGenerator</STRONG> (Thumb, 10 bytes, Stack size 0 bytes, eventgenerator.o(i.PostEventGenerator))
<BR><BR>[Stack]<UL><LI>Max Depth = 24<LI>Call Chain = PostEventGenerator &rArr; ES_PostToService &rArr; ES_EnQueueFIFO
</UL>
<BR>[Calls]<UL><LI><a href="#[67]">&gt;&gt;</a>&nbsp;&nbsp;&nbsp;ES_PostToService
</UL>
<BR>[Called By]<UL><LI><a href="#[b]">&gt;&gt;</a>&nbsp;&nbsp;&nbsp;Check4Keystroke
</UL>

<P><STRONG><a name="[5d]"></a>PostEventPrinter</STRONG> (Thumb, 20 bytes, Stack size 8 bytes, eventprinter.o(i.PostEventPrinter))
<BR><BR>[Stack]<UL><LI>Max Depth = 32<LI>Call Chain = PostEventPrinter &rArr; ES_PostToService &rArr; ES_EnQueueFIFO
</UL>
<BR>[Calls]<UL><LI><a href="#[67]">&gt;&gt;</a>&nbsp;&nbsp;&nbsp;ES_PostToService
</UL>
<BR>[Called By]<UL><LI><a href="#[1a]">&gt;&gt;</a>&nbsp;&nbsp;&nbsp;RunPump
<LI><a href="#[d]">&gt;&gt;</a>&nbsp;&nbsp;&nbsp;CheckPumpLevel
<LI><a href="#[18]">&gt;&gt;</a>&nbsp;&nbsp;&nbsp;RunHose
<LI><a href="#[10]">&gt;&gt;</a>&nbsp;&nbsp;&nbsp;RunGameplay
<LI><a href="#[c]">&gt;&gt;</a>&nbsp;&nbsp;&nbsp;checkIREvents
<LI><a href="#[16]">&gt;&gt;</a>&nbsp;&nbsp;&nbsp;RunCities
<LI><a href="#[92]">&gt;&gt;</a>&nbsp;&nbsp;&nbsp;checkButtonEvents
</UL>

<P><STRONG><a name="[23]"></a>PostGameplay</STRONG> (Thumb, 10 bytes, Stack size 0 bytes, gameplay.o(i.PostGameplay))
<BR><BR>[Stack]<UL><LI>Max Depth = 24<LI>Call Chain = PostGameplay &rArr; ES_PostToService &rArr; ES_EnQueueFIFO
</UL>
<BR>[Calls]<UL><LI><a href="#[67]">&gt;&gt;</a>&nbsp;&nbsp;&nbsp;ES_PostToService
</UL>
<BR>[Called By]<UL><LI><a href="#[18]">&gt;&gt;</a>&nbsp;&nbsp;&nbsp;RunHose
<LI><a href="#[16]">&gt;&gt;</a>&nbsp;&nbsp;&nbsp;RunCities
<LI><a href="#[92]">&gt;&gt;</a>&nbsp;&nbsp;&nbsp;checkButtonEvents
</UL>
<BR>[Address Reference Count : 1]<UL><LI> es_timers.o(.constdata)
</UL>
<P><STRONG><a name="[27]"></a>PostHose</STRONG> (Thumb, 20 bytes, Stack size 8 bytes, hose.o(i.PostHose))
<BR><BR>[Stack]<UL><LI>Max Depth = 32<LI>Call Chain = PostHose &rArr; ES_PostToService &rArr; ES_EnQueueFIFO
</UL>
<BR>[Calls]<UL><LI><a href="#[67]">&gt;&gt;</a>&nbsp;&nbsp;&nbsp;ES_PostToService
</UL>
<BR>[Called By]<UL><LI><a href="#[1a]">&gt;&gt;</a>&nbsp;&nbsp;&nbsp;RunPump
<LI><a href="#[92]">&gt;&gt;</a>&nbsp;&nbsp;&nbsp;checkButtonEvents
</UL>
<BR>[Address Reference Count : 1]<UL><LI> es_timers.o(.constdata)
</UL>
<P><STRONG><a name="[28]"></a>PostLEDControl</STRONG> (Thumb, 20 bytes, Stack size 8 bytes, ledcontrol.o(i.PostLEDControl))
<BR><BR>[Stack]<UL><LI>Max Depth = 32<LI>Call Chain = PostLEDControl &rArr; ES_PostToService &rArr; ES_EnQueueFIFO
</UL>
<BR>[Calls]<UL><LI><a href="#[67]">&gt;&gt;</a>&nbsp;&nbsp;&nbsp;ES_PostToService
</UL>
<BR>[Address Reference Count : 1]<UL><LI> es_timers.o(.constdata)
</UL>
<P><STRONG><a name="[26]"></a>PostPump</STRONG> (Thumb, 10 bytes, Stack size 0 bytes, pump.o(i.PostPump))
<BR><BR>[Stack]<UL><LI>Max Depth = 24<LI>Call Chain = PostPump &rArr; ES_PostToService &rArr; ES_EnQueueFIFO
</UL>
<BR>[Calls]<UL><LI><a href="#[67]">&gt;&gt;</a>&nbsp;&nbsp;&nbsp;ES_PostToService
</UL>
<BR>[Called By]<UL><LI><a href="#[d]">&gt;&gt;</a>&nbsp;&nbsp;&nbsp;CheckPumpLevel
</UL>
<BR>[Address Reference Count : 1]<UL><LI> es_timers.o(.constdata)
</UL>
<P><STRONG><a name="[24]"></a>PostStir</STRONG> (Thumb, 10 bytes, Stack size 0 bytes, stir.o(i.PostStir))
<BR><BR>[Stack]<UL><LI>Max Depth = 24<LI>Call Chain = PostStir &rArr; ES_PostToService &rArr; ES_EnQueueFIFO
</UL>
<BR>[Calls]<UL><LI><a href="#[67]">&gt;&gt;</a>&nbsp;&nbsp;&nbsp;ES_PostToService
</UL>
<BR>[Address Reference Count : 1]<UL><LI> es_timers.o(.constdata)
</UL>
<P><STRONG><a name="[25]"></a>PostTimeOfDay</STRONG> (Thumb, 20 bytes, Stack size 8 bytes, timeofday.o(i.PostTimeOfDay))
<BR><BR>[Stack]<UL><LI>Max Depth = 32<LI>Call Chain = PostTimeOfDay &rArr; ES_PostToService &rArr; ES_EnQueueFIFO
</UL>
<BR>[Calls]<UL><LI><a href="#[67]">&gt;&gt;</a>&nbsp;&nbsp;&nbsp;ES_PostToService
</UL>
<BR>[Called By]<UL><LI><a href="#[10]">&gt;&gt;</a>&nbsp;&nbsp;&nbsp;RunGameplay
</UL>
<BR>[Address Reference Count : 1]<UL><LI> es_timers.o(.constdata)
</UL>
<P><STRONG><a name="[78]"></a>PulseInit</STRONG> (Thumb, 26 bytes, Stack size 8 bytes, ir_pulse.o(i.PulseInit))
<BR><BR>[Stack]<UL><LI>Max Depth = 80<LI>Call Chain = PulseInit &rArr; PWMInit &rArr; PWM8_TIVA_Init &rArr; GPIOPinTypePWM &rArr; GPIOPadConfigSet
</UL>
<BR>[Calls]<UL><LI><a href="#[8b]">&gt;&gt;</a>&nbsp;&nbsp;&nbsp;PWMInit
<LI><a href="#[89]">&gt;&gt;</a>&nbsp;&nbsp;&nbsp;PWM8_TIVA_SetPeriod
</UL>
<BR>[Called By]<UL><LI><a href="#[17]">&gt;&gt;</a>&nbsp;&nbsp;&nbsp;InitHose
</UL>

<P><STRONG><a name="[90]"></a>QueryGameplay</STRONG> (Thumb, 6 bytes, Stack size 0 bytes, gameplay.o(i.QueryGameplay))
<BR><BR>[Called By]<UL><LI><a href="#[8f]">&gt;&gt;</a>&nbsp;&nbsp;&nbsp;ReportAllStates
</UL>

<P><STRONG><a name="[91]"></a>QueryPump</STRONG> (Thumb, 6 bytes, Stack size 0 bytes, pump.o(i.QueryPump))
<BR><BR>[Called By]<UL><LI><a href="#[18]">&gt;&gt;</a>&nbsp;&nbsp;&nbsp;RunHose
<LI><a href="#[8f]">&gt;&gt;</a>&nbsp;&nbsp;&nbsp;ReportAllStates
</UL>

<P><STRONG><a name="[99]"></a>QueryStir</STRONG> (Thumb, 6 bytes, Stack size 0 bytes, stir.o(i.QueryStir))
<BR><BR>[Called By]<UL><LI><a href="#[10]">&gt;&gt;</a>&nbsp;&nbsp;&nbsp;RunGameplay
</UL>

<P><STRONG><a name="[8f]"></a>ReportAllStates</STRONG> (Thumb, 100 bytes, Stack size 8 bytes, eventgenerator.o(i.ReportAllStates))
<BR><BR>[Stack]<UL><LI>Max Depth = 136 + Unknown Stack Size
<LI>Call Chain = ReportAllStates &rArr; __2printf &rArr; _printf_char_file &rArr; _printf_char_common &rArr; __printf
</UL>
<BR>[Calls]<UL><LI><a href="#[91]">&gt;&gt;</a>&nbsp;&nbsp;&nbsp;QueryPump
<LI><a href="#[90]">&gt;&gt;</a>&nbsp;&nbsp;&nbsp;QueryGameplay
<LI><a href="#[46]">&gt;&gt;</a>&nbsp;&nbsp;&nbsp;__2printf
</UL>
<BR>[Called By]<UL><LI><a href="#[12]">&gt;&gt;</a>&nbsp;&nbsp;&nbsp;RunEventGenerator
</UL>

<P><STRONG><a name="[20]"></a>RunButtons</STRONG> (Thumb, 36 bytes, Stack size 8 bytes, buttons.o(i.RunButtons))
<BR><BR>[Stack]<UL><LI>Max Depth = 168 + Unknown Stack Size
<LI>Call Chain = RunButtons &rArr; checkButtonEvents &rArr; __2printf &rArr; _printf_char_file &rArr; _printf_char_common &rArr; __printf
</UL>
<BR>[Calls]<UL><LI><a href="#[73]">&gt;&gt;</a>&nbsp;&nbsp;&nbsp;ES_Timer_InitTimer
<LI><a href="#[92]">&gt;&gt;</a>&nbsp;&nbsp;&nbsp;checkButtonEvents
</UL>
<BR>[Address Reference Count : 1]<UL><LI> es_framework.o(.constdata)
</UL>
<P><STRONG><a name="[16]"></a>RunCities</STRONG> (Thumb, 122 bytes, Stack size 16 bytes, cities.o(i.RunCities))
<BR><BR>[Stack]<UL><LI>Max Depth = 144 + Unknown Stack Size
<LI>Call Chain = RunCities &rArr; __2printf &rArr; _printf_char_file &rArr; _printf_char_common &rArr; __printf
</UL>
<BR>[Calls]<UL><LI><a href="#[23]">&gt;&gt;</a>&nbsp;&nbsp;&nbsp;PostGameplay
<LI><a href="#[5d]">&gt;&gt;</a>&nbsp;&nbsp;&nbsp;PostEventPrinter
<LI><a href="#[46]">&gt;&gt;</a>&nbsp;&nbsp;&nbsp;__2printf
</UL>
<BR>[Address Reference Count : 1]<UL><LI> es_framework.o(.constdata)
</UL>
<P><STRONG><a name="[12]"></a>RunEventGenerator</STRONG> (Thumb, 262 bytes, Stack size 16 bytes, eventgenerator.o(i.RunEventGenerator))
<BR><BR>[Stack]<UL><LI>Max Depth = 152 + Unknown Stack Size
<LI>Call Chain = RunEventGenerator &rArr; ReportAllStates &rArr; __2printf &rArr; _printf_char_file &rArr; _printf_char_common &rArr; __printf
</UL>
<BR>[Calls]<UL><LI><a href="#[93]">&gt;&gt;</a>&nbsp;&nbsp;&nbsp;setLED
<LI><a href="#[5f]">&gt;&gt;</a>&nbsp;&nbsp;&nbsp;ES_PostAll
<LI><a href="#[8f]">&gt;&gt;</a>&nbsp;&nbsp;&nbsp;ReportAllStates
<LI><a href="#[46]">&gt;&gt;</a>&nbsp;&nbsp;&nbsp;__2printf
</UL>
<BR>[Address Reference Count : 1]<UL><LI> es_framework.o(.constdata)
</UL>
<P><STRONG><a name="[14]"></a>RunEventPrinter</STRONG> (Thumb, 166 bytes, Stack size 8 bytes, eventprinter.o(i.RunEventPrinter))
<BR><BR>[Stack]<UL><LI>Max Depth = 136 + Unknown Stack Size
<LI>Call Chain = RunEventPrinter &rArr; __2printf &rArr; _printf_char_file &rArr; _printf_char_common &rArr; __printf
</UL>
<BR>[Calls]<UL><LI><a href="#[46]">&gt;&gt;</a>&nbsp;&nbsp;&nbsp;__2printf
</UL>
<BR>[Address Reference Count : 1]<UL><LI> es_framework.o(.constdata)
</UL>
<P><STRONG><a name="[10]"></a>RunGameplay</STRONG> (Thumb, 508 bytes, Stack size 40 bytes, gameplay.o(i.RunGameplay))
<BR><BR>[Stack]<UL><LI>Max Depth = 232 + Unknown Stack Size
<LI>Call Chain = RunGameplay &rArr; resetGameplay &rArr; resetUX &rArr; SetFlagsInactive &rArr; SetServoAngle &rArr; __2printf &rArr; _printf_char_file &rArr; _printf_char_common &rArr; __printf
</UL>
<BR>[Calls]<UL><LI><a href="#[99]">&gt;&gt;</a>&nbsp;&nbsp;&nbsp;QueryStir
<LI><a href="#[25]">&gt;&gt;</a>&nbsp;&nbsp;&nbsp;PostTimeOfDay
<LI><a href="#[9e]">&gt;&gt;</a>&nbsp;&nbsp;&nbsp;wrongChemAddedUX
<LI><a href="#[a4]">&gt;&gt;</a>&nbsp;&nbsp;&nbsp;usedOneAmmoUX
<LI><a href="#[a5]">&gt;&gt;</a>&nbsp;&nbsp;&nbsp;stopSprayingUX
<LI><a href="#[9c]">&gt;&gt;</a>&nbsp;&nbsp;&nbsp;stopMixingUX
<LI><a href="#[96]">&gt;&gt;</a>&nbsp;&nbsp;&nbsp;stopArmedUX
<LI><a href="#[a3]">&gt;&gt;</a>&nbsp;&nbsp;&nbsp;startWinUX
<LI><a href="#[9d]">&gt;&gt;</a>&nbsp;&nbsp;&nbsp;startSprayingUX
<LI><a href="#[97]">&gt;&gt;</a>&nbsp;&nbsp;&nbsp;startMixingUX
<LI><a href="#[a6]">&gt;&gt;</a>&nbsp;&nbsp;&nbsp;startFailUX
<LI><a href="#[95]">&gt;&gt;</a>&nbsp;&nbsp;&nbsp;startArmedUX
<LI><a href="#[94]">&gt;&gt;</a>&nbsp;&nbsp;&nbsp;resetGameplay
<LI><a href="#[98]">&gt;&gt;</a>&nbsp;&nbsp;&nbsp;nextChemUX
<LI><a href="#[9f]">&gt;&gt;</a>&nbsp;&nbsp;&nbsp;fireReadyUX
<LI><a href="#[a0]">&gt;&gt;</a>&nbsp;&nbsp;&nbsp;fireOnUX
<LI><a href="#[a1]">&gt;&gt;</a>&nbsp;&nbsp;&nbsp;fireOffUX
<LI><a href="#[a2]">&gt;&gt;</a>&nbsp;&nbsp;&nbsp;citySavedUX
<LI><a href="#[9a]">&gt;&gt;</a>&nbsp;&nbsp;&nbsp;addChemUX
<LI><a href="#[9b]">&gt;&gt;</a>&nbsp;&nbsp;&nbsp;addChemLightUX
<LI><a href="#[5d]">&gt;&gt;</a>&nbsp;&nbsp;&nbsp;PostEventPrinter
<LI><a href="#[73]">&gt;&gt;</a>&nbsp;&nbsp;&nbsp;ES_Timer_InitTimer
<LI><a href="#[46]">&gt;&gt;</a>&nbsp;&nbsp;&nbsp;__2printf
</UL>
<BR>[Address Reference Count : 1]<UL><LI> es_framework.o(.constdata)
</UL>
<P><STRONG><a name="[18]"></a>RunHose</STRONG> (Thumb, 238 bytes, Stack size 24 bytes, hose.o(i.RunHose))
<BR><BR>[Stack]<UL><LI>Max Depth = 56<LI>Call Chain = RunHose &rArr; PostEventPrinter &rArr; ES_PostToService &rArr; ES_EnQueueFIFO
</UL>
<BR>[Calls]<UL><LI><a href="#[a9]">&gt;&gt;</a>&nbsp;&nbsp;&nbsp;TurnIROn
<LI><a href="#[ab]">&gt;&gt;</a>&nbsp;&nbsp;&nbsp;TurnIROff
<LI><a href="#[aa]">&gt;&gt;</a>&nbsp;&nbsp;&nbsp;ES_Timer_StopTimer
<LI><a href="#[a8]">&gt;&gt;</a>&nbsp;&nbsp;&nbsp;ES_Timer_StartTimer
<LI><a href="#[a7]">&gt;&gt;</a>&nbsp;&nbsp;&nbsp;ES_Timer_SetTimer
<LI><a href="#[91]">&gt;&gt;</a>&nbsp;&nbsp;&nbsp;QueryPump
<LI><a href="#[23]">&gt;&gt;</a>&nbsp;&nbsp;&nbsp;PostGameplay
<LI><a href="#[5d]">&gt;&gt;</a>&nbsp;&nbsp;&nbsp;PostEventPrinter
<LI><a href="#[73]">&gt;&gt;</a>&nbsp;&nbsp;&nbsp;ES_Timer_InitTimer
</UL>
<BR>[Address Reference Count : 1]<UL><LI> es_framework.o(.constdata)
</UL>
<P><STRONG><a name="[1e]"></a>RunLEDControl</STRONG> (Thumb, 68 bytes, Stack size 8 bytes, ledcontrol.o(i.RunLEDControl))
<BR><BR>[Stack]<UL><LI>Max Depth = 8<LI>Call Chain = RunLEDControl
</UL>
<BR>[Calls]<UL><LI><a href="#[ac]">&gt;&gt;</a>&nbsp;&nbsp;&nbsp;LED_SR_Write
<LI><a href="#[73]">&gt;&gt;</a>&nbsp;&nbsp;&nbsp;ES_Timer_InitTimer
</UL>
<BR>[Address Reference Count : 1]<UL><LI> es_framework.o(.constdata)
</UL>
<P><STRONG><a name="[1a]"></a>RunPump</STRONG> (Thumb, 144 bytes, Stack size 24 bytes, pump.o(i.RunPump))
<BR><BR>[Stack]<UL><LI>Max Depth = 56<LI>Call Chain = RunPump &rArr; PostHose &rArr; ES_PostToService &rArr; ES_EnQueueFIFO
</UL>
<BR>[Calls]<UL><LI><a href="#[27]">&gt;&gt;</a>&nbsp;&nbsp;&nbsp;PostHose
<LI><a href="#[5d]">&gt;&gt;</a>&nbsp;&nbsp;&nbsp;PostEventPrinter
<LI><a href="#[73]">&gt;&gt;</a>&nbsp;&nbsp;&nbsp;ES_Timer_InitTimer
</UL>
<BR>[Address Reference Count : 1]<UL><LI> es_framework.o(.constdata)
</UL>
<P><STRONG><a name="[1c]"></a>RunStir</STRONG> (Thumb, 70 bytes, Stack size 16 bytes, stir.o(i.RunStir))
<BR><BR>[Stack]<UL><LI>Max Depth = 16<LI>Call Chain = RunStir
</UL>
<BR>[Calls]<UL><LI><a href="#[73]">&gt;&gt;</a>&nbsp;&nbsp;&nbsp;ES_Timer_InitTimer
</UL>
<BR>[Address Reference Count : 1]<UL><LI> es_framework.o(.constdata)
</UL>
<P><STRONG><a name="[22]"></a>RunTimeOfDay</STRONG> (Thumb, 132 bytes, Stack size 24 bytes, timeofday.o(i.RunTimeOfDay))
<BR><BR>[Stack]<UL><LI>Max Depth = 192 + Unknown Stack Size
<LI>Call Chain = RunTimeOfDay &rArr; SetServoAngle &rArr; __2printf &rArr; _printf_char_file &rArr; _printf_char_common &rArr; __printf
</UL>
<BR>[Calls]<UL><LI><a href="#[73]">&gt;&gt;</a>&nbsp;&nbsp;&nbsp;ES_Timer_InitTimer
<LI><a href="#[ad]">&gt;&gt;</a>&nbsp;&nbsp;&nbsp;SetServoAngle
<LI><a href="#[46]">&gt;&gt;</a>&nbsp;&nbsp;&nbsp;__2printf
</UL>
<BR>[Address Reference Count : 1]<UL><LI> es_framework.o(.constdata)
</UL>
<P><STRONG><a name="[75]"></a>ServoInit</STRONG> (Thumb, 34 bytes, Stack size 8 bytes, servocontrol.o(i.ServoInit))
<BR><BR>[Stack]<UL><LI>Max Depth = 184 + Unknown Stack Size
<LI>Call Chain = ServoInit &rArr; SetFlagsInactive &rArr; SetServoAngle &rArr; __2printf &rArr; _printf_char_file &rArr; _printf_char_common &rArr; __printf
</UL>
<BR>[Calls]<UL><LI><a href="#[76]">&gt;&gt;</a>&nbsp;&nbsp;&nbsp;SetFlagsInactive
<LI><a href="#[8b]">&gt;&gt;</a>&nbsp;&nbsp;&nbsp;PWMInit
<LI><a href="#[89]">&gt;&gt;</a>&nbsp;&nbsp;&nbsp;PWM8_TIVA_SetPeriod
</UL>
<BR>[Called By]<UL><LI><a href="#[f]">&gt;&gt;</a>&nbsp;&nbsp;&nbsp;InitGameplay
</UL>

<P><STRONG><a name="[ae]"></a>SetFlagsActive</STRONG> (Thumb, 28 bytes, Stack size 8 bytes, servocontrol.o(i.SetFlagsActive))
<BR><BR>[Stack]<UL><LI>Max Depth = 176 + Unknown Stack Size
<LI>Call Chain = SetFlagsActive &rArr; SetServoAngle &rArr; __2printf &rArr; _printf_char_file &rArr; _printf_char_common &rArr; __printf
</UL>
<BR>[Calls]<UL><LI><a href="#[ad]">&gt;&gt;</a>&nbsp;&nbsp;&nbsp;SetServoAngle
<LI><a href="#[46]">&gt;&gt;</a>&nbsp;&nbsp;&nbsp;__2printf
</UL>
<BR>[Called By]<UL><LI><a href="#[96]">&gt;&gt;</a>&nbsp;&nbsp;&nbsp;stopArmedUX
</UL>

<P><STRONG><a name="[76]"></a>SetFlagsInactive</STRONG> (Thumb, 28 bytes, Stack size 8 bytes, servocontrol.o(i.SetFlagsInactive))
<BR><BR>[Stack]<UL><LI>Max Depth = 176 + Unknown Stack Size
<LI>Call Chain = SetFlagsInactive &rArr; SetServoAngle &rArr; __2printf &rArr; _printf_char_file &rArr; _printf_char_common &rArr; __printf
</UL>
<BR>[Calls]<UL><LI><a href="#[ad]">&gt;&gt;</a>&nbsp;&nbsp;&nbsp;SetServoAngle
<LI><a href="#[46]">&gt;&gt;</a>&nbsp;&nbsp;&nbsp;__2printf
</UL>
<BR>[Called By]<UL><LI><a href="#[75]">&gt;&gt;</a>&nbsp;&nbsp;&nbsp;ServoInit
<LI><a href="#[c5]">&gt;&gt;</a>&nbsp;&nbsp;&nbsp;resetUX
<LI><a href="#[f]">&gt;&gt;</a>&nbsp;&nbsp;&nbsp;InitGameplay
</UL>

<P><STRONG><a name="[ad]"></a>SetServoAngle</STRONG> (Thumb, 170 bytes, Stack size 40 bytes, servocontrol.o(i.SetServoAngle))
<BR><BR>[Stack]<UL><LI>Max Depth = 168 + Unknown Stack Size
<LI>Call Chain = SetServoAngle &rArr; __2printf &rArr; _printf_char_file &rArr; _printf_char_common &rArr; __printf
</UL>
<BR>[Calls]<UL><LI><a href="#[8a]">&gt;&gt;</a>&nbsp;&nbsp;&nbsp;PWM8_TIVA_SetPulseWidth
<LI><a href="#[b1]">&gt;&gt;</a>&nbsp;&nbsp;&nbsp;__aeabi_dmul
<LI><a href="#[af]">&gt;&gt;</a>&nbsp;&nbsp;&nbsp;__aeabi_ui2d
<LI><a href="#[b3]">&gt;&gt;</a>&nbsp;&nbsp;&nbsp;__aeabi_d2uiz
<LI><a href="#[b0]">&gt;&gt;</a>&nbsp;&nbsp;&nbsp;__aeabi_ddiv
<LI><a href="#[b2]">&gt;&gt;</a>&nbsp;&nbsp;&nbsp;__aeabi_dadd
<LI><a href="#[46]">&gt;&gt;</a>&nbsp;&nbsp;&nbsp;__2printf
</UL>
<BR>[Called By]<UL><LI><a href="#[76]">&gt;&gt;</a>&nbsp;&nbsp;&nbsp;SetFlagsInactive
<LI><a href="#[ae]">&gt;&gt;</a>&nbsp;&nbsp;&nbsp;SetFlagsActive
<LI><a href="#[22]">&gt;&gt;</a>&nbsp;&nbsp;&nbsp;RunTimeOfDay
</UL>

<P><STRONG><a name="[7]"></a>ShortTimerAHandler</STRONG> (Thumb, 42 bytes, Stack size 8 bytes, es_shorttimer.o(i.ShortTimerAHandler))
<BR><BR>[Stack]<UL><LI>Max Depth = 32<LI>Call Chain = ShortTimerAHandler &rArr; ES_PostToService &rArr; ES_EnQueueFIFO
</UL>
<BR>[Calls]<UL><LI><a href="#[b4]">&gt;&gt;</a>&nbsp;&nbsp;&nbsp;TimerIntClear
<LI><a href="#[67]">&gt;&gt;</a>&nbsp;&nbsp;&nbsp;ES_PostToService
</UL>
<BR>[Address Reference Count : 1]<UL><LI> startup_rvmdk.o(RESET)
</UL>
<P><STRONG><a name="[8]"></a>ShortTimerBHandler</STRONG> (Thumb, 46 bytes, Stack size 8 bytes, es_shorttimer.o(i.ShortTimerBHandler))
<BR><BR>[Stack]<UL><LI>Max Depth = 32<LI>Call Chain = ShortTimerBHandler &rArr; ES_PostToService &rArr; ES_EnQueueFIFO
</UL>
<BR>[Calls]<UL><LI><a href="#[b4]">&gt;&gt;</a>&nbsp;&nbsp;&nbsp;TimerIntClear
<LI><a href="#[67]">&gt;&gt;</a>&nbsp;&nbsp;&nbsp;ES_PostToService
</UL>
<BR>[Address Reference Count : 1]<UL><LI> startup_rvmdk.o(RESET)
</UL>
<P><STRONG><a name="[81]"></a>SysCtlClockGet</STRONG> (Thumb, 314 bytes, Stack size 12 bytes, sysctl.o(i.SysCtlClockGet))
<BR><BR>[Stack]<UL><LI>Max Depth = 12<LI>Call Chain = SysCtlClockGet
</UL>
<BR>[Called By]<UL><LI><a href="#[7d]">&gt;&gt;</a>&nbsp;&nbsp;&nbsp;PWM8_TIVA_Init
</UL>

<P><STRONG><a name="[b5]"></a>SysCtlClockSet</STRONG> (Thumb, 270 bytes, Stack size 8 bytes, sysctl.o(i.SysCtlClockSet))
<BR><BR>[Stack]<UL><LI>Max Depth = 8<LI>Call Chain = SysCtlClockSet
</UL>
<BR>[Calls]<UL><LI><a href="#[45]">&gt;&gt;</a>&nbsp;&nbsp;&nbsp;SysCtlDelay
</UL>
<BR>[Called By]<UL><LI><a href="#[3f]">&gt;&gt;</a>&nbsp;&nbsp;&nbsp;main
</UL>

<P><STRONG><a name="[7e]"></a>SysCtlPWMClockSet</STRONG> (Thumb, 14 bytes, Stack size 0 bytes, sysctl.o(i.SysCtlPWMClockSet))
<BR><BR>[Called By]<UL><LI><a href="#[7d]">&gt;&gt;</a>&nbsp;&nbsp;&nbsp;PWM8_TIVA_Init
</UL>

<P><STRONG><a name="[7f]"></a>SysCtlPeripheralEnable</STRONG> (Thumb, 36 bytes, Stack size 0 bytes, sysctl.o(i.SysCtlPeripheralEnable))
<BR><BR>[Called By]<UL><LI><a href="#[b8]">&gt;&gt;</a>&nbsp;&nbsp;&nbsp;TERMIO_Init
<LI><a href="#[8c]">&gt;&gt;</a>&nbsp;&nbsp;&nbsp;PortFunctionInit
<LI><a href="#[7d]">&gt;&gt;</a>&nbsp;&nbsp;&nbsp;PWM8_TIVA_Init
</UL>

<P><STRONG><a name="[bf]"></a>SysTickEnable</STRONG> (Thumb, 14 bytes, Stack size 0 bytes, systick.o(i.SysTickEnable))
<BR><BR>[Called By]<UL><LI><a href="#[6c]">&gt;&gt;</a>&nbsp;&nbsp;&nbsp;_HW_Timer_Init
</UL>

<P><STRONG><a name="[be]"></a>SysTickIntEnable</STRONG> (Thumb, 14 bytes, Stack size 0 bytes, systick.o(i.SysTickIntEnable))
<BR><BR>[Called By]<UL><LI><a href="#[6c]">&gt;&gt;</a>&nbsp;&nbsp;&nbsp;_HW_Timer_Init
</UL>

<P><STRONG><a name="[6]"></a>SysTickIntHandler</STRONG> (Thumb, 16 bytes, Stack size 0 bytes, es_port.o(i.SysTickIntHandler))
<BR>[Address Reference Count : 1]<UL><LI> startup_rvmdk.o(RESET)
</UL>
<P><STRONG><a name="[bd]"></a>SysTickPeriodSet</STRONG> (Thumb, 10 bytes, Stack size 0 bytes, systick.o(i.SysTickPeriodSet))
<BR><BR>[Called By]<UL><LI><a href="#[6c]">&gt;&gt;</a>&nbsp;&nbsp;&nbsp;_HW_Timer_Init
</UL>

<P><STRONG><a name="[b6]"></a>TERMIO_GetChar</STRONG> (Thumb, 4 bytes, Stack size 0 bytes, termio.o(i.TERMIO_GetChar))
<BR><BR>[Stack]<UL><LI>Max Depth = 8<LI>Call Chain = TERMIO_GetChar &rArr; UARTgetc
</UL>
<BR>[Calls]<UL><LI><a href="#[b7]">&gt;&gt;</a>&nbsp;&nbsp;&nbsp;UARTgetc
</UL>
<BR>[Called By]<UL><LI><a href="#[4c]">&gt;&gt;</a>&nbsp;&nbsp;&nbsp;fgetc
</UL>

<P><STRONG><a name="[b8]"></a>TERMIO_Init</STRONG> (Thumb, 62 bytes, Stack size 8 bytes, termio.o(i.TERMIO_Init))
<BR><BR>[Stack]<UL><LI>Max Depth = 48<LI>Call Chain = TERMIO_Init &rArr; GPIOPinTypeUART &rArr; GPIOPadConfigSet
</UL>
<BR>[Calls]<UL><LI><a href="#[7f]">&gt;&gt;</a>&nbsp;&nbsp;&nbsp;SysCtlPeripheralEnable
<LI><a href="#[ba]">&gt;&gt;</a>&nbsp;&nbsp;&nbsp;UARTStdioConfig
<LI><a href="#[b9]">&gt;&gt;</a>&nbsp;&nbsp;&nbsp;UARTClockSourceSet
<LI><a href="#[72]">&gt;&gt;</a>&nbsp;&nbsp;&nbsp;GPIOPinTypeUART
<LI><a href="#[80]">&gt;&gt;</a>&nbsp;&nbsp;&nbsp;GPIOPinConfigure
</UL>
<BR>[Called By]<UL><LI><a href="#[3f]">&gt;&gt;</a>&nbsp;&nbsp;&nbsp;main
</UL>

<P><STRONG><a name="[bb]"></a>TERMIO_PutChar</STRONG> (Thumb, 8 bytes, Stack size 0 bytes, termio.o(i.TERMIO_PutChar))
<BR><BR>[Calls]<UL><LI><a href="#[bc]">&gt;&gt;</a>&nbsp;&nbsp;&nbsp;UARTCharPut
</UL>
<BR>[Called By]<UL><LI><a href="#[9]">&gt;&gt;</a>&nbsp;&nbsp;&nbsp;fputc
</UL>

<P><STRONG><a name="[b4]"></a>TimerIntClear</STRONG> (Thumb, 4 bytes, Stack size 0 bytes, timer.o(i.TimerIntClear))
<BR><BR>[Called By]<UL><LI><a href="#[8]">&gt;&gt;</a>&nbsp;&nbsp;&nbsp;ShortTimerBHandler
<LI><a href="#[7]">&gt;&gt;</a>&nbsp;&nbsp;&nbsp;ShortTimerAHandler
</UL>

<P><STRONG><a name="[ab]"></a>TurnIROff</STRONG> (Thumb, 18 bytes, Stack size 8 bytes, ir_pulse.o(i.TurnIROff))
<BR><BR>[Stack]<UL><LI>Max Depth = 8<LI>Call Chain = TurnIROff
</UL>
<BR>[Calls]<UL><LI><a href="#[84]">&gt;&gt;</a>&nbsp;&nbsp;&nbsp;PWM8_TIVA_SetDuty
</UL>
<BR>[Called By]<UL><LI><a href="#[18]">&gt;&gt;</a>&nbsp;&nbsp;&nbsp;RunHose
</UL>

<P><STRONG><a name="[a9]"></a>TurnIROn</STRONG> (Thumb, 18 bytes, Stack size 8 bytes, ir_pulse.o(i.TurnIROn))
<BR><BR>[Stack]<UL><LI>Max Depth = 8<LI>Call Chain = TurnIROn
</UL>
<BR>[Calls]<UL><LI><a href="#[84]">&gt;&gt;</a>&nbsp;&nbsp;&nbsp;PWM8_TIVA_SetDuty
</UL>
<BR>[Called By]<UL><LI><a href="#[18]">&gt;&gt;</a>&nbsp;&nbsp;&nbsp;RunHose
</UL>

<P><STRONG><a name="[bc]"></a>UARTCharPut</STRONG> (Thumb, 12 bytes, Stack size 0 bytes, uart.o(i.UARTCharPut))
<BR><BR>[Calls]<UL><LI><a href="#[bc]">&gt;&gt;</a>&nbsp;&nbsp;&nbsp;UARTCharPut
</UL>
<BR>[Called By]<UL><LI><a href="#[bc]">&gt;&gt;</a>&nbsp;&nbsp;&nbsp;UARTCharPut
<LI><a href="#[bb]">&gt;&gt;</a>&nbsp;&nbsp;&nbsp;TERMIO_PutChar
</UL>

<P><STRONG><a name="[b9]"></a>UARTClockSourceSet</STRONG> (Thumb, 6 bytes, Stack size 0 bytes, uart.o(i.UARTClockSourceSet))
<BR><BR>[Called By]<UL><LI><a href="#[b8]">&gt;&gt;</a>&nbsp;&nbsp;&nbsp;TERMIO_Init
</UL>

<P><STRONG><a name="[ba]"></a>UARTStdioConfig</STRONG> (Thumb, 82 bytes, Stack size 32 bytes, uartstdio.o(i.UARTStdioConfig))
<BR><BR>[Stack]<UL><LI>Max Depth = 32<LI>Call Chain = UARTStdioConfig
</UL>
<BR>[Called By]<UL><LI><a href="#[b8]">&gt;&gt;</a>&nbsp;&nbsp;&nbsp;TERMIO_Init
</UL>

<P><STRONG><a name="[b7]"></a>UARTgetc</STRONG> (Thumb, 20 bytes, Stack size 8 bytes, uartstdio.o(i.UARTgetc))
<BR><BR>[Stack]<UL><LI>Max Depth = 8<LI>Call Chain = UARTgetc
</UL>
<BR>[Called By]<UL><LI><a href="#[b6]">&gt;&gt;</a>&nbsp;&nbsp;&nbsp;TERMIO_GetChar
</UL>

<P><STRONG><a name="[6a]"></a>_HW_Process_Pending_Ints</STRONG> (Thumb, 26 bytes, Stack size 8 bytes, es_port.o(i._HW_Process_Pending_Ints))
<BR><BR>[Stack]<UL><LI>Max Depth = 32<LI>Call Chain = _HW_Process_Pending_Ints &rArr; ES_Timer_Tick_Resp &rArr; ES_GetMSBitSet
</UL>
<BR>[Calls]<UL><LI><a href="#[6d]">&gt;&gt;</a>&nbsp;&nbsp;&nbsp;ES_Timer_Tick_Resp
</UL>
<BR>[Called By]<UL><LI><a href="#[68]">&gt;&gt;</a>&nbsp;&nbsp;&nbsp;ES_Run
</UL>

<P><STRONG><a name="[6c]"></a>_HW_Timer_Init</STRONG> (Thumb, 22 bytes, Stack size 8 bytes, es_port.o(i._HW_Timer_Init))
<BR><BR>[Stack]<UL><LI>Max Depth = 16<LI>Call Chain = _HW_Timer_Init &rArr; IntMasterEnable
</UL>
<BR>[Calls]<UL><LI><a href="#[bd]">&gt;&gt;</a>&nbsp;&nbsp;&nbsp;SysTickPeriodSet
<LI><a href="#[be]">&gt;&gt;</a>&nbsp;&nbsp;&nbsp;SysTickIntEnable
<LI><a href="#[bf]">&gt;&gt;</a>&nbsp;&nbsp;&nbsp;SysTickEnable
<LI><a href="#[7b]">&gt;&gt;</a>&nbsp;&nbsp;&nbsp;IntMasterEnable
</UL>
<BR>[Called By]<UL><LI><a href="#[65]">&gt;&gt;</a>&nbsp;&nbsp;&nbsp;ES_Timer_Init
</UL>

<P><STRONG><a name="[44]"></a>_sys_exit</STRONG> (Thumb, 2 bytes, Stack size 0 bytes, retarget.o(i._sys_exit))
<BR><BR>[Calls]<UL><LI><a href="#[44]">&gt;&gt;</a>&nbsp;&nbsp;&nbsp;_sys_exit
</UL>
<BR>[Called By]<UL><LI><a href="#[44]">&gt;&gt;</a>&nbsp;&nbsp;&nbsp;_sys_exit
<LI><a href="#[43]">&gt;&gt;</a>&nbsp;&nbsp;&nbsp;__rt_exit_exit
</UL>

<P><STRONG><a name="[9b]"></a>addChemLightUX</STRONG> (Thumb, 18 bytes, Stack size 0 bytes, gameplay.o(i.addChemLightUX))
<BR><BR>[Stack]<UL><LI>Max Depth = 8<LI>Call Chain = addChemLightUX &rArr; setLED
</UL>
<BR>[Calls]<UL><LI><a href="#[93]">&gt;&gt;</a>&nbsp;&nbsp;&nbsp;setLED
</UL>
<BR>[Called By]<UL><LI><a href="#[10]">&gt;&gt;</a>&nbsp;&nbsp;&nbsp;RunGameplay
</UL>

<P><STRONG><a name="[9a]"></a>addChemUX</STRONG> (Thumb, 38 bytes, Stack size 8 bytes, gameplay.o(i.addChemUX))
<BR><BR>[Stack]<UL><LI>Max Depth = 136 + Unknown Stack Size
<LI>Call Chain = addChemUX &rArr; __2printf &rArr; _printf_char_file &rArr; _printf_char_common &rArr; __printf
</UL>
<BR>[Calls]<UL><LI><a href="#[93]">&gt;&gt;</a>&nbsp;&nbsp;&nbsp;setLED
<LI><a href="#[c0]">&gt;&gt;</a>&nbsp;&nbsp;&nbsp;playSound
<LI><a href="#[46]">&gt;&gt;</a>&nbsp;&nbsp;&nbsp;__2printf
</UL>
<BR>[Called By]<UL><LI><a href="#[10]">&gt;&gt;</a>&nbsp;&nbsp;&nbsp;RunGameplay
</UL>

<P><STRONG><a name="[92]"></a>checkButtonEvents</STRONG> (Thumb, 230 bytes, Stack size 32 bytes, buttons.o(i.checkButtonEvents))
<BR><BR>[Stack]<UL><LI>Max Depth = 160 + Unknown Stack Size
<LI>Call Chain = checkButtonEvents &rArr; __2printf &rArr; _printf_char_file &rArr; _printf_char_common &rArr; __printf
</UL>
<BR>[Calls]<UL><LI><a href="#[27]">&gt;&gt;</a>&nbsp;&nbsp;&nbsp;PostHose
<LI><a href="#[23]">&gt;&gt;</a>&nbsp;&nbsp;&nbsp;PostGameplay
<LI><a href="#[5d]">&gt;&gt;</a>&nbsp;&nbsp;&nbsp;PostEventPrinter
<LI><a href="#[46]">&gt;&gt;</a>&nbsp;&nbsp;&nbsp;__2printf
</UL>
<BR>[Called By]<UL><LI><a href="#[20]">&gt;&gt;</a>&nbsp;&nbsp;&nbsp;RunButtons
</UL>

<P><STRONG><a name="[c]"></a>checkIREvents</STRONG> (Thumb, 98 bytes, Stack size 32 bytes, cities.o(i.checkIREvents))
<BR><BR>[Stack]<UL><LI>Max Depth = 64<LI>Call Chain = checkIREvents &rArr; PostEventPrinter &rArr; ES_PostToService &rArr; ES_EnQueueFIFO
</UL>
<BR>[Calls]<UL><LI><a href="#[c1]">&gt;&gt;</a>&nbsp;&nbsp;&nbsp;GetIRState
<LI><a href="#[8d]">&gt;&gt;</a>&nbsp;&nbsp;&nbsp;PostCities
<LI><a href="#[5d]">&gt;&gt;</a>&nbsp;&nbsp;&nbsp;PostEventPrinter
</UL>
<BR>[Address Reference Count : 1]<UL><LI> es_checkevents.o(.constdata)
</UL>
<P><STRONG><a name="[a2]"></a>citySavedUX</STRONG> (Thumb, 44 bytes, Stack size 8 bytes, gameplay.o(i.citySavedUX))
<BR><BR>[Stack]<UL><LI>Max Depth = 136 + Unknown Stack Size
<LI>Call Chain = citySavedUX &rArr; __2printf &rArr; _printf_char_file &rArr; _printf_char_common &rArr; __printf
</UL>
<BR>[Calls]<UL><LI><a href="#[93]">&gt;&gt;</a>&nbsp;&nbsp;&nbsp;setLED
<LI><a href="#[c0]">&gt;&gt;</a>&nbsp;&nbsp;&nbsp;playSound
<LI><a href="#[46]">&gt;&gt;</a>&nbsp;&nbsp;&nbsp;__2printf
</UL>
<BR>[Called By]<UL><LI><a href="#[10]">&gt;&gt;</a>&nbsp;&nbsp;&nbsp;RunGameplay
</UL>

[...]
</UL>

<P><STRONG><a name="[9]"></a>fputc</STRONG> (Thumb, 14 bytes, Stack size 8 bytes, retarget.o(i.fputc))
<BR><BR>[Stack]<UL><LI>Max Depth = 8<LI>Call Chain = fputc
</UL>
<BR>[Calls]<UL><LI><a href="#[bb]">&gt;&gt;</a>&nbsp;&nbsp;&nbsp;TERMIO_PutChar
</UL>
<BR>[Called By]<UL><LI><a href="#[4d]">&gt;&gt;</a>&nbsp;&nbsp;&nbsp;puts
</UL>
<BR>[Address Reference Count : 1]<UL><LI> _printf_char_file.o(.text)
</UL>
<P><STRONG><a name="[5a]"></a>kbhit</STRONG> (Thumb, 16 bytes, Stack size 0 bytes, termio.o(i.kbhit))
<BR><BR>[Called By]<UL><LI><a href="#[b]">&gt;&gt;</a>&nbsp;&nbsp;&nbsp;Check4Keystroke
</UL>

<P><STRONG><a name="[3f]"></a>main</STRONG> (Thumb, 112 bytes, Stack size 0 bytes, main.o(i.main))
<BR><BR>[Stack]<UL><LI>Max Depth = 128 + Unknown Stack Size
<LI>Call Chain = main &rArr; __2printf &rArr; _printf_char_file &rArr; _printf_char_common &rArr; __printf
</UL>
<BR>[Calls]<UL><LI><a href="#[b8]">&gt;&gt;</a>&nbsp;&nbsp;&nbsp;TERMIO_Init
<LI><a href="#[b5]">&gt;&gt;</a>&nbsp;&nbsp;&nbsp;SysCtlClockSet
<LI><a href="#[8c]">&gt;&gt;</a>&nbsp;&nbsp;&nbsp;PortFunctionInit
<LI><a href="#[68]">&gt;&gt;</a>&nbsp;&nbsp;&nbsp;ES_Run
<LI><a href="#[64]">&gt;&gt;</a>&nbsp;&nbsp;&nbsp;ES_Initialize
<LI><a href="#[4d]">&gt;&gt;</a>&nbsp;&nbsp;&nbsp;puts
<LI><a href="#[46]">&gt;&gt;</a>&nbsp;&nbsp;&nbsp;__2printf
</UL>
<BR>[Called By]<UL><LI><a href="#[3e]">&gt;&gt;</a>&nbsp;&nbsp;&nbsp;__rt_entry_main
</UL>

<P><STRONG><a name="[98]"></a>nextChemUX</STRONG> (Thumb, 50 bytes, Stack size 8 bytes, gameplay.o(i.nextChemUX))
<BR><BR>[Stack]<UL><LI>Max Depth = 136 + Unknown Stack Size
<LI>Call Chain = nextChemUX &rArr; __2printf &rArr; _printf_char_file &rArr; _printf_char_common &rArr; __printf
</UL>
<BR>[Calls]<UL><LI><a href="#[93]">&gt;&gt;</a>&nbsp;&nbsp;&nbsp;setLED
<LI><a href="#[c3]">&gt;&gt;</a>&nbsp;&nbsp;&nbsp;rand
<LI><a href="#[46]">&gt;&gt;</a>&nbsp;&nbsp;&nbsp;__2printf
</UL>
<BR>[Called By]<UL><LI><a href="#[10]">&gt;&gt;</a>&nbsp;&nbsp;&nbsp;RunGameplay
</UL>

<P><STRONG><a name="[c0]"></a>playSound</STRONG> (Thumb, 10 bytes, Stack size 0 bytes, audiocontrol.o(i.playSound))
<BR><BR>[Stack]<UL><LI>Max Depth = 12<LI>Call Chain = playSound &rArr; Audio_SR_Write
</UL>
<BR>[Calls]<UL><LI><a href="#[59]">&gt;&gt;</a>&nbsp;&nbsp;&nbsp;Audio_SR_Write
</UL>
<BR>[Called By]<UL><LI><a href="#[9e]">&gt;&gt;</a>&nbsp;&nbsp;&nbsp;wrongChemAddedUX
<LI><a href="#[a3]">&gt;&gt;</a>&nbsp;&nbsp;&nbsp;startWinUX
<LI><a href="#[9d]">&gt;&gt;</a>&nbsp;&nbsp;&nbsp;startSprayingUX
<LI><a href="#[97]">&gt;&gt;</a>&nbsp;&nbsp;&nbsp;startMixingUX
<LI><a href="#[a6]">&gt;&gt;</a>&nbsp;&nbsp;&nbsp;startFailUX
<LI><a href="#[95]">&gt;&gt;</a>&nbsp;&nbsp;&nbsp;startArmedUX
<LI><a href="#[a0]">&gt;&gt;</a>&nbsp;&nbsp;&nbsp;fireOnUX
<LI><a href="#[a2]">&gt;&gt;</a>&nbsp;&nbsp;&nbsp;citySavedUX
<LI><a href="#[9a]">&gt;&gt;</a>&nbsp;&nbsp;&nbsp;addChemUX
</UL>

<P><STRONG><a name="[74]"></a>resetCities</STRONG> (Thumb, 22 bytes, Stack size 0 bytes, cities.o(i.resetCities))
<BR><BR>[Called By]<UL><LI><a href="#[94]">&gt;&gt;</a>&nbsp;&nbsp;&nbsp;resetGameplay
<LI><a href="#[15]">&gt;&gt;</a>&nbsp;&nbsp;&nbsp;InitCities
</UL>

<P><STRONG><a name="[94]"></a>resetGameplay</STRONG> (Thumb, 32 bytes, Stack size 8 bytes, gameplay.o(i.resetGameplay))
<BR><BR>[Stack]<UL><LI>Max Depth = 192 + Unknown Stack Size
<LI>Call Chain = resetGameplay &rArr; resetUX &rArr; SetFlagsInactive &rArr; SetServoAngle &rArr; __2printf &rArr; _printf_char_file &rArr; _printf_char_common &rArr; __printf
</UL>
<BR>[Calls]<UL><LI><a href="#[c4]">&gt;&gt;</a>&nbsp;&nbsp;&nbsp;setExternalLineLo
<LI><a href="#[c5]">&gt;&gt;</a>&nbsp;&nbsp;&nbsp;resetUX
<LI><a href="#[74]">&gt;&gt;</a>&nbsp;&nbsp;&nbsp;resetCities
<LI><a href="#[46]">&gt;&gt;</a>&nbsp;&nbsp;&nbsp;__2printf
</UL>
<BR>[Called By]<UL><LI><a href="#[10]">&gt;&gt;</a>&nbsp;&nbsp;&nbsp;RunGameplay
</UL>

<P><STRONG><a name="[c5]"></a>resetUX</STRONG> (Thumb, 40 bytes, Stack size 8 bytes, gameplay.o(i.resetUX))
<BR><BR>[Stack]<UL><LI>Max Depth = 184 + Unknown Stack Size
<LI>Call Chain = resetUX &rArr; SetFlagsInactive &rArr; SetServoAngle &rArr; __2printf &rArr; _printf_char_file &rArr; _printf_char_common &rArr; __printf
</UL>
<BR>[Calls]<UL><LI><a href="#[76]">&gt;&gt;</a>&nbsp;&nbsp;&nbsp;SetFlagsInactive
<LI><a href="#[93]">&gt;&gt;</a>&nbsp;&nbsp;&nbsp;setLED
<LI><a href="#[c2]">&gt;&gt;</a>&nbsp;&nbsp;&nbsp;stopAllSounds
</UL>
<BR>[Called By]<UL><LI><a href="#[94]">&gt;&gt;</a>&nbsp;&nbsp;&nbsp;resetGameplay
</UL>

<P><STRONG><a name="[c6]"></a>setExternalLineHi</STRONG> (Thumb, 16 bytes, Stack size 0 bytes, externalline.o(i.setExternalLineHi))
<BR><BR>[Called By]<UL><LI><a href="#[a3]">&gt;&gt;</a>&nbsp;&nbsp;&nbsp;startWinUX
</UL>

<P><STRONG><a name="[c4]"></a>setExternalLineLo</STRONG> (Thumb, 16 bytes, Stack size 0 bytes, externalline.o(i.setExternalLineLo))
<BR><BR>[Called By]<UL><LI><a href="#[94]">&gt;&gt;</a>&nbsp;&nbsp;&nbsp;resetGameplay
</UL>

<P><STRONG><a name="[93]"></a>setLED</STRONG> (Thumb, 48 bytes, Stack size 8 bytes, ledcontrol.o(i.setLED))
<BR><BR>[Stack]<UL><LI>Max Depth = 8<LI>Call Chain = setLED
</UL>
<BR>[Calls]<UL><LI><a href="#[ac]">&gt;&gt;</a>&nbsp;&nbsp;&nbsp;LED_SR_Write
</UL>
<BR>[Called By]<UL><LI><a href="#[9e]">&gt;&gt;</a>&nbsp;&nbsp;&nbsp;wrongChemAddedUX
<LI><a href="#[a4]">&gt;&gt;</a>&nbsp;&nbsp;&nbsp;usedOneAmmoUX
<LI><a href="#[a5]">&gt;&gt;</a>&nbsp;&nbsp;&nbsp;stopSprayingUX
<LI><a href="#[9c]">&gt;&gt;</a>&nbsp;&nbsp;&nbsp;stopMixingUX
<LI><a href="#[96]">&gt;&gt;</a>&nbsp;&nbsp;&nbsp;stopArmedUX
<LI><a href="#[a3]">&gt;&gt;</a>&nbsp;&nbsp;&nbsp;startWinUX
<LI><a href="#[9d]">&gt;&gt;</a>&nbsp;&nbsp;&nbsp;startSprayingUX
<LI><a href="#[97]">&gt;&gt;</a>&nbsp;&nbsp;&nbsp;startMixingUX
<LI><a href="#[a6]">&gt;&gt;</a>&nbsp;&nbsp;&nbsp;startFailUX
<LI><a href="#[95]">&gt;&gt;</a>&nbsp;&nbsp;&nbsp;startArmedUX
<LI><a href="#[c5]">&gt;&gt;</a>&nbsp;&nbsp;&nbsp;resetUX
<LI><a href="#[98]">&gt;&gt;</a>&nbsp;&nbsp;&nbsp;nextChemUX
<LI><a href="#[9f]">&gt;&gt;</a>&nbsp;&nbsp;&nbsp;fireReadyUX
<LI><a href="#[a0]">&gt;&gt;</a>&nbsp;&nbsp;&nbsp;fireOnUX
<LI><a href="#[a1]">&gt;&gt;</a>&nbsp;&nbsp;&nbsp;fireOffUX
<LI><a href="#[a2]">&gt;&gt;</a>&nbsp;&nbsp;&nbsp;citySavedUX
<LI><a href="#[9a]">&gt;&gt;</a>&nbsp;&nbsp;&nbsp;addChemUX
<LI><a href="#[9b]">&gt;&gt;</a>&nbsp;&nbsp;&nbsp;addChemLightUX
<LI><a href="#[12]">&gt;&gt;</a>&nbsp;&nbsp;&nbsp;RunEventGenerator
</UL>

<P><STRONG><a name="[95]"></a>startArmedUX</STRONG> (Thumb, 46 bytes, Stack size 8 bytes, gameplay.o(i.startArmedUX))
<BR><BR>[Stack]<UL><LI>Max Depth = 136 + Unknown Stack Size
<LI>Call Chain = startArmedUX &rArr; __2printf &rArr; _printf_char_file &rArr; _printf_char_common &rArr; __printf
</UL>
<BR>[Calls]<UL><LI><a href="#[93]">&gt;&gt;</a>&nbsp;&nbsp;&nbsp;setLED
<LI><a href="#[c0]">&gt;&gt;</a>&nbsp;&nbsp;&nbsp;playSound
<LI><a href="#[46]">&gt;&gt;</a>&nbsp;&nbsp;&nbsp;__2printf
</UL>
<BR>[Called By]<UL><LI><a href="#[10]">&gt;&gt;</a>&nbsp;&nbsp;&nbsp;RunGameplay
</UL>

<P><STRONG><a name="[a6]"></a>startFailUX</STRONG> (Thumb, 46 bytes, Stack size 8 bytes, gameplay.o(i.startFailUX))
<BR><BR>[Stack]<UL><LI>Max Depth = 136 + Unknown Stack Size
<LI>Call Chain = startFailUX &rArr; __2printf &rArr; _printf_char_file &rArr; _printf_char_common &rArr; __printf
</UL>
<BR>[Calls]<UL><LI><a href="#[93]">&gt;&gt;</a>&nbsp;&nbsp;&nbsp;setLED
<LI><a href="#[c0]">&gt;&gt;</a>&nbsp;&nbsp;&nbsp;playSound
<LI><a href="#[46]">&gt;&gt;</a>&nbsp;&nbsp;&nbsp;__2printf
</UL>
<BR>[Called By]<UL><LI><a href="#[10]">&gt;&gt;</a>&nbsp;&nbsp;&nbsp;RunGameplay
</UL>

<P><STRONG><a name="[97]"></a>startMixingUX</STRONG> (Thumb, 28 bytes, Stack size 8 bytes, gameplay.o(i.startMixingUX))
<BR><BR>[Stack]<UL><LI>Max Depth = 136 + Unknown Stack Size
<LI>Call Chain = startMixingUX &rArr; __2printf &rArr; _printf_char_file &rArr; _printf_char_common &rArr; __printf
</UL>
<BR>[Calls]<UL><LI><a href="#[93]">&gt;&gt;</a>&nbsp;&nbsp;&nbsp;setLED
<LI><a href="#[c0]">&gt;&gt;</a>&nbsp;&nbsp;&nbsp;playSound
<LI><a href="#[46]">&gt;&gt;</a>&nbsp;&nbsp;&nbsp;__2printf
</UL>
<BR>[Called By]<UL><LI><a href="#[10]">&gt;&gt;</a>&nbsp;&nbsp;&nbsp;RunGameplay
</UL>

<P><STRONG><a name="[9d]"></a>startSprayingUX</STRONG> (Thumb, 26 bytes, Stack size 8 bytes, gameplay.o(i.startSprayingUX))
<BR><BR>[Stack]<UL><LI>Max Depth = 136 + Unknown Stack Size
<LI>Call Chain = startSprayingUX &rArr; __2printf &rArr; _printf_char_file &rArr; _printf_char_common &rArr; __printf
</UL>
<BR>[Calls]<UL><LI><a href="#[93]">&gt;&gt;</a>&nbsp;&nbsp;&nbsp;setLED
<LI><a href="#[c0]">&gt;&gt;</a>&nbsp;&nbsp;&nbsp;playSound
<LI><a href="#[46]">&gt;&gt;</a>&nbsp;&nbsp;&nbsp;__2printf
</UL>
<BR>[Called By]<UL><LI><a href="#[10]">&gt;&gt;</a>&nbsp;&nbsp;&nbsp;RunGameplay
</UL>

<P><STRONG><a name="[a3]"></a>startWinUX</STRONG> (Thumb, 50 bytes, Stack size 8 bytes, gameplay.o(i.startWinUX))
<BR><BR>[Stack]<UL><LI>Max Depth = 136 + Unknown Stack Size
<LI>Call Chain = startWinUX &rArr; __2printf &rArr; _printf_char_file &rArr; _printf_char_common &rArr; __printf
</UL>
<BR>[Calls]<UL><LI><a href="#[c6]">&gt;&gt;</a>&nbsp;&nbsp;&nbsp;setExternalLineHi
<LI><a href="#[93]">&gt;&gt;</a>&nbsp;&nbsp;&nbsp;setLED
<LI><a href="#[c0]">&gt;&gt;</a>&nbsp;&nbsp;&nbsp;playSound
<LI><a href="#[46]">&gt;&gt;</a>&nbsp;&nbsp;&nbsp;__2printf
</UL>
<BR>[Called By]<UL><LI><a href="#[10]">&gt;&gt;</a>&nbsp;&nbsp;&nbsp;RunGameplay
</UL>

<P><STRONG><a name="[c2]"></a>stopAllSounds</STRONG> (Thumb, 8 bytes, Stack size 0 bytes, audiocontrol.o(i.stopAllSounds))
<BR><BR>[Stack]<UL><LI>Max Depth = 12<LI>Call Chain = stopAllSounds &rArr; Audio_SR_Write
</UL>
<BR>[Calls]<UL><LI><a href="#[59]">&gt;&gt;</a>&nbsp;&nbsp;&nbsp;Audio_SR_Write
</UL>
<BR>[Called By]<UL><LI><a href="#[a5]">&gt;&gt;</a>&nbsp;&nbsp;&nbsp;stopSprayingUX
<LI><a href="#[9c]">&gt;&gt;</a>&nbsp;&nbsp;&nbsp;stopMixingUX
<LI><a href="#[96]">&gt;&gt;</a>&nbsp;&nbsp;&nbsp;stopArmedUX
<LI><a href="#[c5]">&gt;&gt;</a>&nbsp;&nbsp;&nbsp;resetUX
<LI><a href="#[9f]">&gt;&gt;</a>&nbsp;&nbsp;&nbsp;fireReadyUX
<LI><a href="#[a1]">&gt;&gt;</a>&nbsp;&nbsp;&nbsp;fireOffUX
</UL>

<P><STRONG><a name="[96]"></a>stopArmedUX</STRONG> (Thumb, 28 bytes, Stack size 8 bytes, gameplay.o(i.stopArmedUX))
<BR><BR>[Stack]<UL><LI>Max Depth = 184 + Unknown Stack Size
<LI>Call Chain = stopArmedUX &rArr; SetFlagsActive &rArr; SetServoAngle &rArr; __2printf &rArr; _printf_char_file &rArr; _printf_char_common &rArr; __printf
</UL>
<BR>[Calls]<UL><LI><a href="#[ae]">&gt;&gt;</a>&nbsp;&nbsp;&nbsp;SetFlagsActive
<LI><a href="#[93]">&gt;&gt;</a>&nbsp;&nbsp;&nbsp;setLED
<LI><a href="#[c2]">&gt;&gt;</a>&nbsp;&nbsp;&nbsp;stopAllSounds
<LI><a href="#[46]">&gt;&gt;</a>&nbsp;&nbsp;&nbsp;__2printf
</UL>
<BR>[Called By]<UL><LI><a href="#[10]">&gt;&gt;</a>&nbsp;&nbsp;&nbsp;RunGameplay
</UL>

<P><STRONG><a name="[9c]"></a>stopMixingUX</STRONG> (Thumb, 26 bytes, Stack size 8 bytes, gameplay.o(i.stopMixingUX))
<BR><BR>[Stack]<UL><LI>Max Depth = 136 + Unknown Stack Size
<LI>Call Chain = stopMixingUX &rArr; __2printf &rArr; _printf_char_file &rArr; _printf_char_common &rArr; __printf
</UL>
<BR>[Calls]<UL><LI><a href="#[93]">&gt;&gt;</a>&nbsp;&nbsp;&nbsp;setLED
<LI><a href="#[c2]">&gt;&gt;</a>&nbsp;&nbsp;&nbsp;stopAllSounds
<LI><a href="#[46]">&gt;&gt;</a>&nbsp;&nbsp;&nbsp;__2printf
</UL>
<BR>[Called By]<UL><LI><a href="#[10]">&gt;&gt;</a>&nbsp;&nbsp;&nbsp;RunGameplay
</UL>

<P><STRONG><a name="[a5]"></a>stopSprayingUX</STRONG> (Thumb, 24 bytes, Stack size 8 bytes, gameplay.o(i.stopSprayingUX))
<BR><BR>[Stack]<UL><LI>Max Depth = 136 + Unknown Stack Size
<LI>Call Chain = stopSprayingUX &rArr; __2printf &rArr; _printf_char_file &rArr; _printf_char_common &rArr; __printf
</UL>
<BR>[Calls]<UL><LI><a href="#[93]">&gt;&gt;</a>&nbsp;&nbsp;&nbsp;setLED
<LI><a href="#[c2]">&gt;&gt;</a>&nbsp;&nbsp;&nbsp;stopAllSounds
<LI><a href="#[46]">&gt;&gt;</a>&nbsp;&nbsp;&nbsp;__2printf
</UL>
<BR>[Called By]<UL><LI><a href="#[10]">&gt;&gt;</a>&nbsp;&nbsp;&nbsp;RunGameplay
</UL>

<P><STRONG><a name="[a4]"></a>usedOneAmmoUX</STRONG> (Thumb, 44 bytes, Stack size 16 bytes, gameplay.o(i.usedOneAmmoUX))
<BR><BR>[Stack]<UL><LI>Max Depth = 144 + Unknown Stack Size
<LI>Call Chain = usedOneAmmoUX &rArr; __2printf &rArr; _printf_char_file &rArr; _printf_char_common &rArr; __printf
</UL>
<BR>[Calls]<UL><LI><a href="#[93]">&gt;&gt;</a>&nbsp;&nbsp;&nbsp;setLED
<LI><a href="#[46]">&gt;&gt;</a>&nbsp;&nbsp;&nbsp;__2printf
</UL>
<BR>[Called By]<UL><LI><a href="#[10]">&gt;&gt;</a>&nbsp;&nbsp;&nbsp;RunGameplay
</UL>

<P><STRONG><a name="[9e]"></a>wrongChemAddedUX</STRONG> (Thumb, 28 bytes, Stack size 8 bytes, gameplay.o(i.wrongChemAddedUX))
<BR><BR>[Stack]<UL><LI>Max Depth = 20<LI>Call Chain = wrongChemAddedUX &rArr; playSound &rArr; Audio_SR_Write
</UL>
<BR>[Calls]<UL><LI><a href="#[93]">&gt;&gt;</a>&nbsp;&nbsp;&nbsp;setLED
<LI><a href="#[c0]">&gt;&gt;</a>&nbsp;&nbsp;&nbsp;playSound
</UL>
<BR>[Called By]<UL><LI><a href="#[10]">&gt;&gt;</a>&nbsp;&nbsp;&nbsp;RunGameplay
</UL>

<P><STRONG><a name="[b2]"></a>__aeabi_dadd</STRONG> (Thumb, 0 bytes, Stack size 16 bytes, daddsub_clz.o(x$fpl$dadd))
<BR><BR>[Stack]<UL><LI>Max Depth = 16<LI>Call Chain = __aeabi_dadd
</UL>
<BR>[Called By]<UL><LI><a href="#[ad]">&gt;&gt;</a>&nbsp;&nbsp;&nbsp;SetServoAngle
</UL>

<P><STRONG><a name="[c7]"></a>_dadd</STRONG> (Thumb, 332 bytes, Stack size 16 bytes, daddsub_clz.o(x$fpl$dadd), UNUSED)
<BR><BR>[Calls]<UL><LI><a href="#[c8]">&gt;&gt;</a>&nbsp;&nbsp;&nbsp;_dsub1
<LI><a href="#[c9]">&gt;&gt;</a>&nbsp;&nbsp;&nbsp;__fpl_dretinf
<LI><a href="#[ca]">&gt;&gt;</a>&nbsp;&nbsp;&nbsp;__fpl_dnaninf
</UL>

<P><STRONG><a name="[b0]"></a>__aeabi_ddiv</STRONG> (Thumb, 0 bytes, Stack size 32 bytes, ddiv.o(x$fpl$ddiv))
<BR><BR>[Stack]<UL><LI>Max Depth = 32<LI>Call Chain = __aeabi_ddiv
</UL>
<BR>[Called By]<UL><LI><a href="#[ad]">&gt;&gt;</a>&nbsp;&nbsp;&nbsp;SetServoAngle
</UL>

<P><STRONG><a name="[cb]"></a>_ddiv</STRONG> (Thumb, 552 bytes, Stack size 32 bytes, ddiv.o(x$fpl$ddiv), UNUSED)
<BR><BR>[Calls]<UL><LI><a href="#[c9]">&gt;&gt;</a>&nbsp;&nbsp;&nbsp;__fpl_dretinf
<LI><a href="#[ca]">&gt;&gt;</a>&nbsp;&nbsp;&nbsp;__fpl_dnaninf
</UL>

<P><STRONG><a name="[b3]"></a>__aeabi_d2uiz</STRONG> (Thumb, 0 bytes, Stack size 32 bytes, dfixu.o(x$fpl$dfixu))
<BR><BR>[Stack]<UL><LI>Max Depth = 32<LI>Call Chain = __aeabi_d2uiz
</UL>
<BR>[Called By]<UL><LI><a href="#[ad]">&gt;&gt;</a>&nbsp;&nbsp;&nbsp;SetServoAngle
</UL>

<P><STRONG><a name="[cc]"></a>_dfixu</STRONG> (Thumb, 90 bytes, Stack size 32 bytes, dfixu.o(x$fpl$dfixu), UNUSED)
<BR><BR>[Calls]<UL><LI><a href="#[ca]">&gt;&gt;</a>&nbsp;&nbsp;&nbsp;__fpl_dnaninf
</UL>

<P><STRONG><a name="[af]"></a>__aeabi_ui2d</STRONG> (Thumb, 0 bytes, Stack size 0 bytes, dflt_clz.o(x$fpl$dfltu))
<BR><BR>[Called By]<UL><LI><a href="#[ad]">&gt;&gt;</a>&nbsp;&nbsp;&nbsp;SetServoAngle
</UL>

<P><STRONG><a name="[fe]"></a>_dfltu</STRONG> (Thumb, 38 bytes, Stack size 0 bytes, dflt_clz.o(x$fpl$dfltu), UNUSED)

<P><STRONG><a name="[b1]"></a>__aeabi_dmul</STRONG> (Thumb, 0 bytes, Stack size 32 bytes, dmul.o(x$fpl$dmul))
<BR><BR>[Stack]<UL><LI>Max Depth = 32<LI>Call Chain = __aeabi_dmul
</UL>
<BR>[Called By]<UL><LI><a href="#[ad]">&gt;&gt;</a>&nbsp;&nbsp;&nbsp;SetServoAngle
</UL>

<P><STRONG><a name="[cd]"></a>_dmul</STRONG> (Thumb, 332 bytes, Stack size 32 bytes, dmul.o(x$fpl$dmul), UNUSED)
<BR><BR>[Calls]<UL><LI><a href="#[c9]">&gt;&gt;</a>&nbsp;&nbsp;&nbsp;__fpl_dretinf
<LI><a href="#[ca]">&gt;&gt;</a>&nbsp;&nbsp;&nbsp;__fpl_dnaninf
</UL>

<P><STRONG><a name="[ca]"></a>__fpl_dnaninf</STRONG> (Thumb, 156 bytes, Stack size 16 bytes, dnaninf.o(x$fpl$dnaninf), UNUSED)
<BR><BR>[Called By]<UL><LI><a href="#[cc]">&gt;&gt;</a>&nbsp;&nbsp;&nbsp;_dfixu
<LI><a href="#[cb]">&gt;&gt;</a>&nbsp;&nbsp;&nbsp;_ddiv
<LI><a href="#[ce]">&gt;&gt;</a>&nbsp;&nbsp;&nbsp;_dsub
<LI><a href="#[c7]">&gt;&gt;</a>&nbsp;&nbsp;&nbsp;_dadd
<LI><a href="#[cd]">&gt;&gt;</a>&nbsp;&nbsp;&nbsp;_dmul
</UL>

<P><STRONG><a name="[c9]"></a>__fpl_dretinf</STRONG> (Thumb, 12 bytes, Stack size 0 bytes, dretinf.o(x$fpl$dretinf), UNUSED)
<BR><BR>[Called By]<UL><LI><a href="#[cb]">&gt;&gt;</a>&nbsp;&nbsp;&nbsp;_ddiv
<LI><a href="#[c7]">&gt;&gt;</a>&nbsp;&nbsp;&nbsp;_dadd
<LI><a href="#[cd]">&gt;&gt;</a>&nbsp;&nbsp;&nbsp;_dmul
</UL>

<P><STRONG><a name="[ff]"></a>__aeabi_dsub</STRONG> (Thumb, 0 bytes, Stack size 32 bytes, daddsub_clz.o(x$fpl$dsub), UNUSED)

<P><STRONG><a name="[ce]"></a>_dsub</STRONG> (Thumb, 464 bytes, Stack size 32 bytes, daddsub_clz.o(x$fpl$dsub), UNUSED)
<BR><BR>[Calls]<UL><LI><a href="#[cf]">&gt;&gt;</a>&nbsp;&nbsp;&nbsp;_dadd1
<LI><a href="#[ca]">&gt;&gt;</a>&nbsp;&nbsp;&nbsp;__fpl_dnaninf
</UL>

<P><STRONG><a name="[37]"></a>_fp_init</STRONG> (Thumb, 10 bytes, Stack size 0 bytes, fpinit.o(x$fpl$fpinit))
<BR><BR>[Called By]<UL><LI><a href="#[36]">&gt;&gt;</a>&nbsp;&nbsp;&nbsp;__rt_lib_init_fp_1
</UL>

<P><STRONG><a name="[100]"></a>__fplib_config_fpu_vfp</STRONG> (Thumb, 0 bytes, Stack size unknown bytes, fpinit.o(x$fpl$fpinit), UNUSED)

<P><STRONG><a name="[101]"></a>__fplib_config_pureend_doubles</STRONG> (Thumb, 0 bytes, Stack size unknown bytes, fpinit.o(x$fpl$fpinit), UNUSED)
<P>
<H3>
Local Symbols
</H3>
<P><STRONG><a name="[5c]"></a>ReadPump</STRONG> (Thumb, 14 bytes, Stack size 8 bytes, pump.o(i.ReadPump))
<BR><BR>[Stack]<UL><LI>Max Depth = 20<LI>Call Chain = ReadPump &rArr; ADC_MultiRead
</UL>
<BR>[Calls]<UL><LI><a href="#[8e]">&gt;&gt;</a>&nbsp;&nbsp;&nbsp;ADC_MultiRead
</UL>
<BR>[Called By]<UL><LI><a href="#[19]">&gt;&gt;</a>&nbsp;&nbsp;&nbsp;InitPump
<LI><a href="#[d]">&gt;&gt;</a>&nbsp;&nbsp;&nbsp;CheckPumpLevel
</UL>

<P><STRONG><a name="[5e]"></a>ReadStir</STRONG> (Thumb, 12 bytes, Stack size 0 bytes, stir.o(i.ReadStir))
<BR><BR>[Called By]<UL><LI><a href="#[1b]">&gt;&gt;</a>&nbsp;&nbsp;&nbsp;InitStir
<LI><a href="#[e]">&gt;&gt;</a>&nbsp;&nbsp;&nbsp;CheckStirState
</UL>

<P><STRONG><a name="[3]"></a>NmiSR</STRONG> (Thumb, 0 bytes, Stack size unknown bytes, startup_rvmdk.o(RESET))
<BR><BR>[Calls]<UL><LI><a href="#[3]">&gt;&gt;</a>&nbsp;&nbsp;&nbsp;NmiSR
</UL>
<BR>[Called By]<UL><LI><a href="#[3]">&gt;&gt;</a>&nbsp;&nbsp;&nbsp;NmiSR
</UL>
<BR>[Address Reference Count : 1]<UL><LI> startup_rvmdk.o(RESET)
</UL>
<P><STRONG><a name="[4]"></a>FaultISR</STRONG> (Thumb, 0 bytes, Stack size unknown bytes, startup_rvmdk.o(RESET))
<BR><BR>[Calls]<UL><LI><a href="#[4]">&gt;&gt;</a>&nbsp;&nbsp;&nbsp;FaultISR
</UL>
<BR>[Called By]<UL><LI><a href="#[4]">&gt;&gt;</a>&nbsp;&nbsp;&nbsp;FaultISR
</UL>
<BR>[Address Reference Count : 1]<UL><LI> startup_rvmdk.o(RESET)
</UL>
<P><STRONG><a name="[5]"></a>IntDefaultHandler</STRONG> (Thumb, 0 bytes, Stack size unknown bytes, startup_rvmdk.o(RESET))
<BR><BR>[Calls]<UL><LI><a href="#[5]">&gt;&gt;</a>&nbsp;&nbsp;&nbsp;IntDefaultHandler
</UL>
<BR>[Called By]<UL><LI><a href="#[5]">&gt;&gt;</a>&nbsp;&nbsp;&nbsp;IntDefaultHandler
</UL>
<BR>[Address Reference Count : 1]<UL><LI> startup_rvmdk.o(RESET)
</UL>
<P><STRONG><a name="[cf]"></a>_dadd1</STRONG> (Thumb, 0 bytes, Stack size unknown bytes, daddsub_clz.o(x$fpl$dadd), UNUSED)
<BR><BR>[Called By]<UL><LI><a href="#[ce]">&gt;&gt;</a>&nbsp;&nbsp;&nbsp;_dsub
</UL>

<P><STRONG><a name="[c8]"></a>_dsub1</STRONG> (Thumb, 0 bytes, Stack size unknown bytes, daddsub_clz.o(x$fpl$dsub), UNUSED)
<BR><BR>[Called By]<UL><LI><a href="#[c7]">&gt;&gt;</a>&nbsp;&nbsp;&nbsp;_dadd
</UL>

<P><STRONG><a name="[a]"></a>_printf_input_char</STRONG> (Thumb, 10 bytes, Stack size 0 bytes, _printf_char_common.o(.text))
<BR>[Address Reference Count : 1]<UL><LI> _printf_char_common.o(.text)
</UL><P>
<H3>
Undefined Global Symbols
</H3><HR></body></html>
