<html>
<body>
<pre>
<h1>µVision Build Log</h1>
<h2>Project:</h2>
U:\_ME218aTeams\Team 4\Code2\Master\UVFrameworkTemplate.uvprojx
Project File Date:  11/17/2015

<h2>Output:</h2>
Rebuild target 'BaseFrameworkTarget'
compiling main.c...
compiling ADMulti.c...
compiling AudioControl.c...
compiling AudioShiftRegister.c...
compiling Buttons.c...
compiling Cities.c...
compiling EnablePA25_PB23_PD7_PF0.c...
compiling ES_ShortTimer.c...
compiling EventCheckers.c...
compiling EventGenerator.c...
compiling EventPrinter.c...
compiling Gameplay.c...
compiling Hose.c...
compiling LEDControl.c...
compiling LEDShiftRegister.c...
compiling Pump.c...
compiling PWMTiva.c...
compiling ServoControl.c...
compiling Stir.c...
compiling TimeOfDay.c...
compiling PWM8Tiva.c...
compiling PWM_Control.c...
compiling IR_Pulse.c...
compiling ExternalLine.c...
assembling startup_rvmdk.S...
compiling ES_CheckEvents.c...
compiling ES_DeferRecall.c...
compiling ES_Framework.c...
compiling ES_LookupTables.c...
compiling ES_Port.c...
compiling ES_PostList.c...
compiling ES_Queue.c...
compiling ES_Timers.c...
compiling retarget.c...
compiling termio.c...
compiling uartstdio.c...
linking...
Program Size: Code=14956 RO-data=2316 RW-data=144 ZI-data=2584  
After Build - User command #1: fromelf --bin --output .\Outputs\BaseTarget.bin .\Outputs\BaseTarget.axf
".\Outputs\BaseTarget.axf" - 0 Error(s), 0 Warning(s).
Load "U:\\_ME218aTeams\\Team 4\\Code2\\Master\\Outputs\\BaseTarget.axf" 
Connecting: Mode=JTAG, Speed=1000000Hz
Erase Done.
Programming Done.
Verify OK.
</pre>
</body>
</html>
\Code2\\Master\\Outputs\\BaseTarget.axf" 
Connecting: Mode=JTAG, Speed=1000000Hz
Erase Done.
Programming Done.
Verify OK.
Load "U:\\_ME218aTeams\\Team 4\\Code2\\Master\\Outputs\\BaseTarget.axf" 
Connecting: Mode=JTAG, Speed=1000000Hz
Erase Done.
Programming Done.
Verify OK.
1000000Hz
Erase Done.
Programming Done.
Verify OK.
er(Event2Post);
Source\Hose.c(150): warning:  #223-D: function "PostGameplay" declared implicitly
                                        PostGameplay(Event2Post);
Source\Hose.c(151): warning:  #223-D: function "PostEventPrinter" declared implicitly
                                        PostEventPrinter(Event2Post);
Source\Hose.c(172): warning:  #223-D: function "PostGameplay" declared implicitly
                                        PostGameplay(Event2Post);
Source\Hose.c(173): warning:  #223-D: function "PostEventPrinter" declared implicitly
                                        PostEventPrinter(Event2Post);
Source\Hose.c: 10 warnings, 0 errors
compiling LEDControl.c...
compiling LEDShiftRegister.c...
compiling Pump.c...
compiling PWMTiva.c...
compiling ServoControl.c...
compiling Stir.c...
compiling TimeOfDay.c...
compiling PWM8Tiva.c...
compiling PWM_Control.c...
compiling IR_Pulse.c...
compiling ExternalLine.c...
assembling startup_rvmdk.S...
compiling ES_CheckEvents.c...
compiling ES_DeferRecall.c...
compiling ES_Framework.c...
compiling ES_LookupTables.c...
compiling ES_Port.c...
compiling ES_PostList.c...
compiling ES_Queue.c...
compiling ES_Timers.c...
compiling retarget.c...
compiling termio.c...
compiling uartstdio.c...
linking...
Program Size: Code=14888 RO-data=2316 RW-data=144 ZI-data=2592  
After Build - User command #1: fromelf --bin --output .\Outputs\BaseTarget.bin .\Outputs\BaseTarget.axf
".\Outputs\BaseTarget.axf" - 0 Error(s), 13 Warning(s).
ng retarget.c...
compiling termio.c...
compiling uartstdio.c...
".\Outputs\BaseTarget.axf" - 1 Error(s), 13 Warning(s).
Target not created

Verify OK.
.
compiling ES_LookupTables.c...
compiling ES_Port.c...
compiling ES_PostList.c...
compiling ES_Queue.c...
compiling ES_Timers.c...
Source\ES_Timers.c(103): error:  #20: identifier "PostButton" is undefined
                                                TIMER9_RESP_FUNC,
Source\ES_Timers.c: 0 warnings, 1 error
compiling retarget.c...
compiling termio.c...
compiling uartstdio.c...
".\Outputs\BaseTarget.axf" - 3 Error(s), 16 Warning(s).
Target not created
