Product: MDK-ARM Professional 5.10
Component: ARM Compiler 5.04 update 1 (build 49)
Tool: armlink [5040049]

==============================================================================

Section Cross References

    main.o(i.main) refers to _printf_percent.o(.ARM.Collect$$_printf_percent$$00000000) for _printf_percent
    main.o(i.main) refers to _printf_s.o(.ARM.Collect$$_printf_percent$$00000014) for _printf_s
    main.o(i.main) refers to _printf_str.o(.text) for _printf_str
    main.o(i.main) refers to sysctl.o(i.SysCtlClockSet) for SysCtlClockSet
    main.o(i.main) refers to termio.o(i.TERMIO_Init) for TERMIO_Init
    main.o(i.main) refers to noretval__2printf.o(.text) for __2printf
    main.o(i.main) refers to enablepa25_pb23_pd7_pf0.o(i.PortFunctionInit) for PortFunctionInit
    main.o(i.main) refers to puts.o(.text) for puts
    main.o(i.main) refers to es_framework.o(i.ES_Initialize) for ES_Initialize
    main.o(i.main) refers to es_framework.o(i.ES_Run) for ES_Run
    admulti.o(i.ADC_MultiInit) refers to admulti.o(.data) for .data
    admulti.o(i.ADC_MultiInit) refers to admulti.o(.constdata) for .constdata
    admulti.o(i.ADC_MultiRead) refers to admulti.o(.data) for .data
    audiocontrol.o(i.AudioControlInit) refers to audioshiftregister.o(i.Audio_SR_Init) for Audio_SR_Init
    audiocontrol.o(i.AudioControlInit) refers to audioshiftregister.o(i.Audio_SR_Write) for Audio_SR_Write
    audiocontrol.o(i.AudioControlInit) refers to audiocontrol.o(.data) for .data
    audiocontrol.o(i.playSound) refers to audioshiftregister.o(i.Audio_SR_Write) for Audio_SR_Write
    audiocontrol.o(i.playSound) refers to audiocontrol.o(.data) for .data
    audiocontrol.o(i.setVolume) refers to audiocontrol.o(i.volumeUp) for volumeUp
    audiocontrol.o(i.stopAllSounds) refers to audioshiftregister.o(i.Audio_SR_Write) for Audio_SR_Write
    audiocontrol.o(i.volumeDown) refers to audioshiftregister.o(i.Audio_SR_GetCurrentRegister) for Audio_SR_GetCurrentRegister
    audiocontrol.o(i.volumeDown) refers to audioshiftregister.o(i.Audio_SR_Write) for Audio_SR_Write
    audiocontrol.o(i.volumeDown) refers to audiocontrol.o(.data) for .data
    audiocontrol.o(i.volumeUp) refers to audioshiftregister.o(i.Audio_SR_GetCurrentRegister) for Audio_SR_GetCurrentRegister
    audiocontrol.o(i.volumeUp) refers to audioshiftregister.o(i.Audio_SR_Write) for Audio_SR_Write
    audiocontrol.o(i.volumeUp) refers to audiocontrol.o(.data) for .data
    audioshiftregister.o(i.Audio_SR_GetCurrentRegister) refers to audioshiftregister.o(.data) for .data
    audioshiftregister.o(i.Audio_SR_Write) refers to audioshiftregister.o(.data) for .data
    buttons.o(i.InitButtons) refers to es_timers.o(i.ES_Timer_InitTimer) for ES_Timer_InitTimer
    buttons.o(i.InitButtons) refers to buttons.o(.data) for .data
    buttons.o(i.PostButtons) refers to es_framework.o(i.ES_PostToService) for ES_PostToService
    buttons.o(i.PostButtons) refers to buttons.o(.data) for .data
    buttons.o(i.RunButtons) refers to buttons.o(i.checkButtonEvents) for checkButtonEvents
    buttons.o(i.RunButtons) refers to es_timers.o(i.ES_Timer_InitTimer) for ES_Timer_InitTimer
    buttons.o(i.checkButtonEvents) refers to noretval__2printf.o(.text) for __2printf
    buttons.o(i.checkButtonEvents) refers to hose.o(i.PostHose) for PostHose
    buttons.o(i.checkButtonEvents) refers to eventprinter.o(i.PostEventPrinter) for PostEventPrinter
    buttons.o(i.checkButtonEvents) refers to gameplay.o(i.PostGameplay) for PostGameplay
    buttons.o(i.checkButtonEvents) refers to buttons.o(.data) for .data
    cities.o(i.InitCities) refers to cities.o(i.resetCities) for resetCities
    cities.o(i.InitCities) refers to cities.o(.data) for .data
    cities.o(i.PostCities) refers to es_framework.o(i.ES_PostToService) for ES_PostToService
    cities.o(i.PostCities) refers to cities.o(.data) for .data
    cities.o(i.RunCities) refers to _printf_percent.o(.ARM.Collect$$_printf_percent$$00000000) for _printf_percent
    cities.o(i.RunCities) refers to _printf_u.o(.ARM.Collect$$_printf_percent$$0000000A) for _printf_u
    cities.o(i.RunCities) refers to _printf_dec.o(.text) for _printf_int_dec
    cities.o(i.RunCities) refers to noretval__2printf.o(.text) for __2printf
    cities.o(i.RunCities) refers to gameplay.o(i.PostGameplay) for PostGameplay
    cities.o(i.RunCities) refers to eventprinter.o(i.PostEventPrinter) for PostEventPrinter
    cities.o(i.RunCities) refers to cities.o(.data) for .data
    cities.o(i.checkIREvents) refers to ir_pulse.o(i.GetIRState) for GetIRState
    cities.o(i.checkIREvents) refers to cities.o(i.PostCities) for PostCities
    cities.o(i.checkIREvents) refers to eventprinter.o(i.PostEventPrinter) for PostEventPrinter
    cities.o(i.checkIREvents) refers to cities.o(.data) for .data
    cities.o(i.resetCities) refers to cities.o(.data) for .data
[...]
    i.InitEventGenerator                     0x00001068   Section        0  eventgenerator.o(i.InitEventGenerator)
    i.InitEventPrinter                       0x00001074   Section        0  eventprinter.o(i.InitEventPrinter)
    i.InitGameplay                           0x00001080   Section        0  gameplay.o(i.InitGameplay)
    i.InitHose                               0x000010b4   Section        0  hose.o(i.InitHose)
    i.InitLEDControl                         0x000010dc   Section        0  ledcontrol.o(i.InitLEDControl)
    i.InitPump                               0x00001104   Section        0  pump.o(i.InitPump)
    i.InitStir                               0x00001134   Section        0  stir.o(i.InitStir)
    i.InitTimeOfDay                          0x0000119c   Section        0  timeofday.o(i.InitTimeOfDay)
    i.IntMasterEnable                        0x000011bc   Section        0  interrupt.o(i.IntMasterEnable)
    i.LED_SR_Init                            0x000011cc   Section        0  ledshiftregister.o(i.LED_SR_Init)
    i.LED_SR_Write                           0x00001228   Section        0  ledshiftregister.o(i.LED_SR_Write)
    i.PWM8_TIVA_Init                         0x0000128c   Section        0  pwm8tiva.o(i.PWM8_TIVA_Init)
    i.PWM8_TIVA_SetDuty                      0x000013c8   Section        0  pwm8tiva.o(i.PWM8_TIVA_SetDuty)
    i.PWM8_TIVA_SetPeriod                    0x00001408   Section        0  pwm8tiva.o(i.PWM8_TIVA_SetPeriod)
    i.PWM8_TIVA_SetPulseWidth                0x00001454   Section        0  pwm8tiva.o(i.PWM8_TIVA_SetPulseWidth)
    i.PWMGenConfigure                        0x00001480   Section        0  pwm.o(i.PWMGenConfigure)
    i.PWMGenEnable                           0x000014a6   Section        0  pwm.o(i.PWMGenEnable)
    i.PWMGenPeriodSet                        0x000014b0   Section        0  pwm.o(i.PWMGenPeriodSet)
    i.PWMInit                                0x000014c4   Section        0  pwm_control.o(i.PWMInit)
    i.PWMOutputState                         0x000014dc   Section        0  pwm.o(i.PWMOutputState)
    i.PWMPulseWidthSet                       0x000014ec   Section        0  pwm.o(i.PWMPulseWidthSet)
    i.PWMSyncUpdate                          0x0000150c   Section        0  pwm.o(i.PWMSyncUpdate)
    i.PortFunctionInit                       0x00001510   Section        0  enablepa25_pb23_pd7_pf0.o(i.PortFunctionInit)
    i.PostButtons                            0x000015b0   Section        0  buttons.o(i.PostButtons)
    i.PostCities                             0x000015c8   Section        0  cities.o(i.PostCities)
    i.PostEventGenerator                     0x000015d8   Section        0  eventgenerator.o(i.PostEventGenerator)
    i.PostEventPrinter                       0x000015e8   Section        0  eventprinter.o(i.PostEventPrinter)
    i.PostGameplay                           0x00001600   Section        0  gameplay.o(i.PostGameplay)
    i.PostHose                               0x00001610   Section        0  hose.o(i.PostHose)
    i.PostLEDControl                         0x00001628   Section        0  ledcontrol.o(i.PostLEDControl)
    i.PostPump                               0x00001640   Section        0  pump.o(i.PostPump)
    i.PostStir                               0x00001650   Section        0  stir.o(i.PostStir)
    i.PostTimeOfDay                          0x00001660   Section        0  timeofday.o(i.PostTimeOfDay)
    i.PulseInit                              0x00001678   Section        0  ir_pulse.o(i.PulseInit)
    i.QueryGameplay                          0x00001698   Section        0  gameplay.o(i.QueryGameplay)
    i.QueryPump                              0x000016a4   Section        0  pump.o(i.QueryPump)
    i.QueryStir                              0x000016b0   Section        0  stir.o(i.QueryStir)
    i.ReadPump                               0x000016bc   Section        0  pump.o(i.ReadPump)
    ReadPump                                 0x000016bd   Thumb Code    14  pump.o(i.ReadPump)
    i.ReadStir                               0x000016d0   Section        0  stir.o(i.ReadStir)
    ReadStir                                 0x000016d1   Thumb Code    12  stir.o(i.ReadStir)
    i.ReportAllStates                        0x000016e0   Section        0  eventgenerator.o(i.ReportAllStates)
    i.RunButtons                             0x000017f0   Section        0  buttons.o(i.RunButtons)
    i.RunCities                              0x00001814   Section        0  cities.o(i.RunCities)
    i.RunEventGenerator                      0x000018e0   Section        0  eventgenerator.o(i.RunEventGenerator)
    i.RunEventPrinter                        0x00001a14   Section        0  eventprinter.o(i.RunEventPrinter)
    i.RunGameplay                            0x00001d5c   Section        0  gameplay.o(i.RunGameplay)
    i.RunHose                                0x00001fc4   Section        0  hose.o(i.RunHose)
    i.RunLEDControl                          0x000020b8   Section        0  ledcontrol.o(i.RunLEDControl)
    i.RunPump                                0x00002100   Section        0  pump.o(i.RunPump)
    i.RunStir                                0x00002194   Section        0  stir.o(i.RunStir)
    i.RunTimeOfDay                           0x000021e0   Section        0  timeofday.o(i.RunTimeOfDay)
    i.ServoInit                              0x000022bc   Section        0  servocontrol.o(i.ServoInit)
    i.SetFlagsActive                         0x000022e0   Section        0  servocontrol.o(i.SetFlagsActive)
    i.SetFlagsInactive                       0x00002310   Section        0  servocontrol.o(i.SetFlagsInactive)
    i.SetServoAngle                          0x00002340   Section        0  servocontrol.o(i.SetServoAngle)
    i.ShortTimerAHandler                     0x00002470   Section        0  es_shorttimer.o(i.ShortTimerAHandler)
    i.ShortTimerBHandler                     0x000024a4   Section        0  es_shorttimer.o(i.ShortTimerBHandler)
    i.SysCtlClockGet                         0x000024dc   Section        0  sysctl.o(i.SysCtlClockGet)
    i.SysCtlClockSet                         0x00002640   Section        0  sysctl.o(i.SysCtlClockSet)
    i.SysCtlPWMClockSet                      0x00002760   Section        0  sysctl.o(i.SysCtlPWMClockSet)
    i.SysCtlPeripheralEnable                 0x00002774   Section        0  sysctl.o(i.SysCtlPeripheralEnable)
    i.SysTickEnable                          0x0000279c   Section        0  systick.o(i.SysTickEnable)
    i.SysTickIntEnable                       0x000027aa   Section        0  systick.o(i.SysTickIntEnable)
    i.SysTickIntHandler                      0x000027b8   Section        0  es_port.o(i.SysTickIntHandler)
    i.SysTickPeriodSet                       0x000027cc   Section        0  systick.o(i.SysTickPeriodSet)
    i.TERMIO_GetChar                         0x000027d6   Section        0  termio.o(i.TERMIO_GetChar)
    i.TERMIO_Init                            0x000027dc   Section        0  termio.o(i.TERMIO_Init)
    i.TERMIO_PutChar                         0x0000282c   Section        0  termio.o(i.TERMIO_PutChar)
    i.TimerIntClear                          0x00002838   Section        0  timer.o(i.TimerIntClear)
    i.TurnIROff                              0x0000283c   Section        0  ir_pulse.o(i.TurnIROff)
    i.TurnIROn                               0x00002854   Section        0  ir_pulse.o(i.TurnIROn)
    i.UARTCharPut                            0x0000286c   Section        0  uart.o(i.UARTCharPut)
    i.UARTClockSourceSet                     0x00002878   Section        0  uart.o(i.UARTClockSourceSet)
    i.UARTStdioConfig                        0x00002880   Section        0  uartstdio.o(i.UARTStdioConfig)
    i.UARTgetc                               0x000028dc   Section        0  uartstdio.o(i.UARTgetc)
    i._HW_Process_Pending_Ints               0x000028f4   Section        0  es_port.o(i._HW_Process_Pending_Ints)
    i._HW_Timer_Init                         0x00002914   Section        0  es_port.o(i._HW_Timer_Init)
    i._sys_exit                              0x0000292a   Section        0  retarget.o(i._sys_exit)
    i.addChemLightUX                         0x0000292c   Section        0  gameplay.o(i.addChemLightUX)
    i.addChemUX                              0x00002944   Section        0  gameplay.o(i.addChemUX)
    i.checkButtonEvents                      0x00002974   Section        0  buttons.o(i.checkButtonEvents)
    i.checkIREvents                          0x00002a80   Section        0  cities.o(i.checkIREvents)
    i.citySavedUX                            0x00002ae8   Section        0  gameplay.o(i.citySavedUX)
    i.ferror                                 0x00002b18   Section        0  retarget.o(i.ferror)
    i.fgetc                                  0x00002b1e   Section        0  retarget.o(i.fgetc)
    i.fireOffUX                              0x00002b24   Section        0  gameplay.o(i.fireOffUX)
    i.fireOnUX                               0x00002bb4   Section        0  gameplay.o(i.fireOnUX)
    i.fireReadyUX                            0x00002c4c   Section        0  gameplay.o(i.fireReadyUX)
    i.fputc                                  0x00002cb0   Section        0  retarget.o(i.fputc)
    i.kbhit                                  0x00002cc0   Section        0  termio.o(i.kbhit)
    i.main                                   0x00002cd4   Section        0  main.o(i.main)
    i.nextChemUX                             0x00002ea8   Section        0  gameplay.o(i.nextChemUX)
    i.playSound                              0x00002f10   Section        0  audiocontrol.o(i.playSound)
    i.resetCities                            0x00002f20   Section        0  cities.o(i.resetCities)
    i.resetGameplay                          0x00002f3c   Section        0  gameplay.o(i.resetGameplay)
    i.resetUX                                0x00002f70   Section        0  gameplay.o(i.resetUX)
    i.setExternalLineHi                      0x00002f9c   Section        0  externalline.o(i.setExternalLineHi)
    i.setExternalLineLo                      0x00002fb0   Section        0  externalline.o(i.setExternalLineLo)
    i.setLED                                 0x00002fc4   Section        0  ledcontrol.o(i.setLED)
    i.startArmedUX                           0x00002ff8   Section        0  gameplay.o(i.startArmedUX)
    i.startFailUX                            0x00003068   Section        0  gameplay.o(i.startFailUX)
    i.startMixingUX                          0x000030d8   Section        0  gameplay.o(i.startMixingUX)
    i.startSprayingUX                        0x000030f8   Section        0  gameplay.o(i.startSprayingUX)
    i.startWinUX                             0x00003118   Section        0  gameplay.o(i.startWinUX)
    i.stopAllSounds                          0x00003154   Section        0  audiocontrol.o(i.stopAllSounds)
    i.stopArmedUX                            0x0000315c   Section        0  gameplay.o(i.stopArmedUX)
    i.stopMixingUX                           0x00003180   Section        0  gameplay.o(i.stopMixingUX)
    i.stopSprayingUX                         0x000031a0   Section        0  gameplay.o(i.stopSprayingUX)
    i.usedOneAmmoUX                          0x000031bc   Section        0  gameplay.o(i.usedOneAmmoUX)
    i.wrongChemAddedUX                       0x000031f0   Section        0  gameplay.o(i.wrongChemAddedUX)
    x$fpl$dadd                               0x00003210   Section      336  daddsub_clz.o(x$fpl$dadd)
    $v0                                      0x00003210   Number         0  daddsub_clz.o(x$fpl$dadd)
    _dadd1                                   0x00003221   Thumb Code     0  daddsub_clz.o(x$fpl$dadd)
    x$fpl$ddiv                               0x00003360   Section      688  ddiv.o(x$fpl$ddiv)
    $v0                                      0x00003360   Number         0  ddiv.o(x$fpl$ddiv)
    ddiv_entry                               0x00003367   Thumb Code     0  ddiv.o(x$fpl$ddiv)
    x$fpl$dfixu                              0x00003610   Section       90  dfixu.o(x$fpl$dfixu)
    $v0                                      0x00003610   Number         0  dfixu.o(x$fpl$dfixu)
    x$fpl$dfltu                              0x0000366a   Section       38  dflt_clz.o(x$fpl$dfltu)
    $v0                                      0x0000366a   Number         0  dflt_clz.o(x$fpl$dfltu)
    x$fpl$dmul                               0x00003690   Section      340  dmul.o(x$fpl$dmul)
    $v0                                      0x00003690   Number         0  dmul.o(x$fpl$dmul)
    x$fpl$dnaninf                            0x000037e4   Section      156  dnaninf.o(x$fpl$dnaninf)
    $v0                                      0x000037e4   Number         0  dnaninf.o(x$fpl$dnaninf)
    x$fpl$dretinf                            0x00003880   Section       12  dretinf.o(x$fpl$dretinf)
    $v0                                      0x00003880   Number         0  dretinf.o(x$fpl$dretinf)
    x$fpl$dsub                               0x0000388c   Section      468  daddsub_clz.o(x$fpl$dsub)
    $v0                                      0x0000388c   Number         0  daddsub_clz.o(x$fpl$dsub)
    _dsub1                                   0x0000389d   Thumb Code     0  daddsub_clz.o(x$fpl$dsub)
    x$fpl$fpinit                             0x00003a60   Section       10  fpinit.o(x$fpl$fpinit)
    $v0                                      0x00003a60   Number         0  fpinit.o(x$fpl$fpinit)
    x$fpl$usenofp                            0x00003a6a   Section        0  usenofp.o(x$fpl$usenofp)
    .constdata                               0x00003a6c   Section       48  admulti.o(.constdata)
    HowMany2Mask                             0x00003a6c   Data          16  admulti.o(.constdata)
    HowMany2Mux                              0x00003a7c   Data          16  admulti.o(.constdata)
    HowMany2CTL                              0x00003a8c   Data          16  admulti.o(.constdata)
    .constdata                               0x00003a9c   Section       48  pwm8tiva.o(.constdata)
    Channel2PWMconst                         0x00003a9c   Data          32  pwm8tiva.o(.constdata)
    Group2GENconst                           0x00003abc   Data          16  pwm8tiva.o(.constdata)
    .constdata                               0x00003acc   Section       16  es_checkevents.o(.constdata)
    ES_EventList                             0x00003acc   Data          16  es_checkevents.o(.constdata)
    .constdata                               0x00003adc   Section      160  es_framework.o(.constdata)
    ServDescList                             0x00003adc   Data          80  es_framework.o(.constdata)
    EventQueues                              0x00003b2c   Data          80  es_framework.o(.constdata)
    .constdata                               0x00003b7c   Section       32  es_lookuptables.o(.constdata)
    .constdata                               0x00003b9c   Section       15  es_lookuptables.o(.constdata)
    .constdata                               0x00003bac   Section       64  es_timers.o(.constdata)
    Timer2PostFunc                           0x00003bac   Data          64  es_timers.o(.constdata)
    .constdata                               0x00003bec   Section       28  uartstdio.o(.constdata)
    g_pcHex                                  0x00003bec   Data           4  uartstdio.o(.constdata)
    g_ui32UARTBase                           0x00003bf0   Data          12  uartstdio.o(.constdata)
    g_ui32UARTPeriph                         0x00003bfc   Data          12  uartstdio.o(.constdata)
    .constdata                               0x00003c08   Section      528  gpio.o(.constdata)
    g_ppui32GPIOIntMapBlizzard               0x00003c08   Data         192  gpio.o(.constdata)
    g_ppui32GPIOIntMapSnowflake              0x00003cc8   Data         192  gpio.o(.constdata)
    g_pui32GPIOBaseAddrs                     0x00003d88   Data         144  gpio.o(.constdata)
    .constdata                               0x00003e18   Section      452  sysctl.o(.constdata)
    g_pui32VCOFrequencies                    0x00003e18   Data           8  sysctl.o(.constdata)
    g_pui32Xtals                             0x00003e20   Data         108  sysctl.o(.constdata)
    g_pppui32XTALtoVCO                       0x00003e8c   Data         288  sysctl.o(.constdata)
    g_sXTALtoMEMTIM                          0x00003fac   Data          48  sysctl.o(.constdata)
    .constdata                               0x00003fdc   Section       40  _printf_hex_int.o(.constdata)
    uc_hextab                                0x00003fdc   Data          20  _printf_hex_int.o(.constdata)
    lc_hextab                                0x00003ff0   Data          20  _printf_hex_int.o(.constdata)
    .conststring                             0x00004004   Section      830  gameplay.o(.conststring)
    .conststring                             0x00004344   Section       17  uartstdio.o(.conststring)
    .data                                    0x20000000   Section        1  admulti.o(.data)
    NumChannelsConverting                    0x20000000   Data           1  admulti.o(.data)
    .data                                    0x20000002   Section       24  audiocontrol.o(.data)
    currentVolume                            0x20000002   Data           1  audiocontrol.o(.data)
    soundArray                               0x20000004   Data          22  audiocontrol.o(.data)
    .data                                    0x2000001a   Section        2  audioshiftregister.o(.data)
    currentRegisterVal                       0x2000001a   Data           2  audioshiftregister.o(.data)
    .data                                    0x2000001c   Section        2  buttons.o(.data)
    MyPriority                               0x2000001c   Data           1  buttons.o(.data)
    lastButtonStates                         0x2000001d   Data           1  buttons.o(.data)
    .data                                    0x2000001e   Section       13  cities.o(.data)
    MyPriority                               0x2000001e   Data           1  cities.o(.data)
    lastIRStates                             0x2000001f   Data           1  cities.o(.data)
    numCitiesSaved                           0x20000020   Data           1  cities.o(.data)
    citiesSaved                              0x20000021   Data           5  cities.o(.data)
    MaskCityNumber                           0x20000026   Data           5  cities.o(.data)
    .data                                    0x2000002b   Section        2  es_shorttimer.o(.data)
    Timer_A_Priority                         0x2000002b   Data           1  es_shorttimer.o(.data)
    Timer_B_Priority                         0x2000002c   Data           1  es_shorttimer.o(.data)
    .data                                    0x2000002d   Section        1  eventgenerator.o(.data)
    MyPriority                               0x2000002d   Data           1  eventgenerator.o(.data)
    .data                                    0x2000002e   Section        1  eventprinter.o(.data)
    MyPriority                               0x2000002e   Data           1  eventprinter.o(.data)
    .data                                    0x2000002f   Section        5  gameplay.o(.data)
    currentState                             0x2000002f   Data           1  gameplay.o(.data)
    numChems                                 0x20000030   Data           1  gameplay.o(.data)
    MyPriority                               0x20000031   Data           1  gameplay.o(.data)
    thisChem                                 0x20000032   Data           1  gameplay.o(.data)
    numAmmo                                  0x20000033   Data           1  gameplay.o(.data)
    .data                                    0x20000034   Section        2  hose.o(.data)
    MyPriority                               0x20000034   Data           1  hose.o(.data)
    currentState                             0x20000035   Data           1  hose.o(.data)
    .data                                    0x20000038   Section       12  ledcontrol.o(.data)
    MyPriority                               0x20000038   Data           1  ledcontrol.o(.data)
    currentFlashState                        0x20000039   Data           1  ledcontrol.o(.data)
    currentLEDVals                           0x2000003c   Data           4  ledcontrol.o(.data)
    flashingLEDs                             0x20000040   Data           4  ledcontrol.o(.data)
    .data                                    0x20000044   Section        4  ledshiftregister.o(.data)
    LocalRegisterImage                       0x20000044   Data           4  ledshiftregister.o(.data)
    .data                                    0x20000048   Section       12  pump.o(.data)
    MyPriority                               0x20000048   Data           1  pump.o(.data)
    currentState                             0x20000049   Data           1  pump.o(.data)
    results                                  0x2000004c   Data           4  pump.o(.data)
    lastPumpLevel                            0x20000050   Data           4  pump.o(.data)
    .data                                    0x20000054   Section        3  stir.o(.data)
    MyPriority                               0x20000054   Data           1  stir.o(.data)
    currentState                             0x20000055   Data           1  stir.o(.data)
    lastStirState                            0x20000056   Data           1  stir.o(.data)
    .data                                    0x20000057   Section        3  timeofday.o(.data)
    MyPriority                               0x20000057   Data           1  timeofday.o(.data)
    currentState                             0x20000058   Data           1  timeofday.o(.data)
    currentAngle                             0x20000059   Data           1  timeofday.o(.data)
    .data                                    0x2000005a   Section        8  pwm8tiva.o(.data)
    LocalDuty                                0x2000005a   Data           8  pwm8tiva.o(.data)
    .data                                    0x20000062   Section        1  pwm_control.o(.data)
    PWM_Initialized                          0x20000062   Data           1  pwm_control.o(.data)
    .data                                    0x20000063   Section        1  ir_pulse.o(.data)
    currentIRState                           0x20000063   Data           1  ir_pulse.o(.data)
    .data                                    0x20000064   Section        6  es_framework.o(.data)
    ThisEvent                                0x20000066   Data           4  es_framework.o(.data)
    .data                                    0x2000006a   Section        4  es_port.o(.data)
    TickCount                                0x2000006a   Data           1  es_port.o(.data)
    SysTickCounter                           0x2000006c   Data           2  es_port.o(.data)
    .data                                    0x20000070   Section        4  es_queue.o(.data)
    .data                                    0x20000074   Section       10  es_timers.o(.data)
    NextTimer2Process                        0x20000074   Data           1  es_timers.o(.data)
    NeedsProcessing                          0x20000076   Data           2  es_timers.o(.data)
    TMR_ActiveFlags                          0x20000078   Data           2  es_timers.o(.data)
    NewEvent                                 0x2000007a   Data           4  es_timers.o(.data)
    .data                                    0x20000080   Section        4  retarget.o(.data)
    .data                                    0x20000084   Section        4  retarget.o(.data)
    .data                                    0x20000088   Section        8  uartstdio.o(.data)
    bLastWasCR                               0x20000088   Data           1  uartstdio.o(.data)
    g_ui32Base                               0x2000008c   Data           4  uartstdio.o(.data)
    .bss                                     0x20000090   Section       16  pwm8tiva.o(.bss)
    ulPeriod                                 0x20000090   Data          16  pwm8tiva.o(.bss)
    .bss                                     0x200000a0   Section       16  es_framework.o(.bss)
    Queue0                                   0x200000a0   Data          16  es_framework.o(.bss)
    .bss                                     0x200000b0   Section       16  es_framework.o(.bss)
    Queue1                                   0x200000b0   Data          16  es_framework.o(.bss)
    .bss                                     0x200000c0   Section       16  es_framework.o(.bss)
    Queue2                                   0x200000c0   Data          16  es_framework.o(.bss)
    .bss                                     0x200000d0   Section       16  es_framework.o(.bss)
    Queue3                                   0x200000d0   Data          16  es_framework.o(.bss)
    .bss                                     0x200000e0   Section       16  es_framework.o(.bss)
    Queue4                                   0x200000e0   Data          16  es_framework.o(.bss)
    .bss                                     0x200000f0   Section       16  es_framework.o(.bss)
    Queue5                                   0x200000f0   Data          16  es_framework.o(.bss)
    .bss                                     0x20000100   Section       16  es_framework.o(.bss)
    Queue6                                   0x20000100   Data          16  es_framework.o(.bss)
    .bss                                     0x20000110   Section       16  es_framework.o(.bss)
    Queue7                                   0x20000110   Data          16  es_framework.o(.bss)
    .bss                                     0x20000120   Section       16  es_framework.o(.bss)
    Queue8                                   0x20000120   Data          16  es_framework.o(.bss)
    .bss                                     0x20000130   Section       16  es_framework.o(.bss)
    Queue9                                   0x20000130   Data          16  es_framework.o(.bss)
    .bss                                     0x20000140   Section       32  es_timers.o(.bss)
    TMR_TimerArray                           0x20000140   Data          32  es_timers.o(.bss)
    .bss                                     0x20000160   Section      228  rand.o(.bss)
    .bss                                     0x20000244   Section       96  libspace.o(.bss)
    HEAP                                     0x200002a8   Section        0  startup_rvmdk.o(HEAP)
    STACK                                    0x200002a8   Section     2048  startup_rvmdk.o(STACK)
    HeapMem                                  0x200002a8   Data           0  startup_rvmdk.o(HEAP)
    StackMem                                 0x200002a8   Data           0  startup_rvmdk.o(STACK)

    Global Symbols

    Symbol Name                              Value     Ov Type        Size  Object(Section)

    BuildAttributes$$THM_ISAv4$E$P$D$K$B$S$7EM$VFPi3$EXTD16$VFPS$VFMA$PE$A:L22UL41UL21$X:L11$S22US41US21$IEEE1$IW$USESV6$~STKCKD$USESV7$~SHL$OTIME$ROPI$EBA8$UX$STANDARDLIB$REQ8$PRES8$EABIv2 0x00000000   Number         0  anon$$obj.o ABSOLUTE
    __ARM_use_no_argv                        0x00000000   Number         0  main.o ABSOLUTE
    __Vectors                                0x00000000   Data           0  startup_rvmdk.o(RESET)
    __ARM_exceptions_init                     - Undefined Weak Reference
    __alloca_initialize                       - Undefined Weak Reference
    __cpp_initialize__aeabi_                  - Undefined Weak Reference
    __cxa_finalize                            - Undefined Weak Reference
    __rt_locale                               - Undefined Weak Reference
    __sigvec_lookup                           - Undefined Weak Reference
    _atexit_init                              - Undefined Weak Reference
    _call_atexit_fns                          - Undefined Weak Reference
    _clock_init                               - Undefined Weak Reference
    _fp_trap_init                             - Undefined Weak Reference
    _fp_trap_shutdown                         - Undefined Weak Reference
    _get_lc_collate                           - Undefined Weak Reference
    _get_lc_ctype                             - Undefined Weak Reference
    _get_lc_monetary                          - Undefined Weak Reference
    _get_lc_numeric                           - Undefined Weak Reference
    _get_lc_time                              - Undefined Weak Reference
    _getenv_init                              - Undefined Weak Reference
    _handle_redirection                       - Undefined Weak Reference
    _init_alloc                               - Undefined Weak Reference
    _init_user_alloc                          - Undefined Weak Reference
    _initio                                   - Undefined Weak Reference
    _printf_mbtowc                            - Undefined Weak Reference
    _printf_post_padding                      - Undefined Weak Reference
    _printf_pre_padding                       - Undefined Weak Reference
    _printf_truncate_signed                   - Undefined Weak Reference
    _printf_truncate_unsigned                 - Undefined Weak Reference
    _signal_finish                            - Undefined Weak Reference
    _signal_init                              - Undefined Weak Reference
    _terminate_alloc                          - Undefined Weak Reference
    _terminate_user_alloc                     - Undefined Weak Reference
    _terminateio                              - Undefined Weak Reference
    Reset_Handler                            0x0000026d   Thumb Code     0  startup_rvmdk.o(RESET)
    __main                                   0x00000289   Thumb Code     8  __main.o(!!!main)
    __scatterload                            0x00000291   Thumb Code     0  __scatter.o(!!!scatter)
    __scatterload_rt2                        0x00000291   Thumb Code    44  __scatter.o(!!!scatter)
    __scatterload_rt2_thumb_only             0x00000291   Thumb Code     0  __scatter.o(!!!scatter)
    __scatterload_null                       0x0000029f   Thumb Code     0  __scatter.o(!!!scatter)
    __scatterload_copy                       0x000002c5   Thumb Code    26  __scatter_copy.o(!!handler_copy)
    __scatterload_zeroinit                   0x000002e1   Thumb Code    28  __scatter_zi.o(!!handler_zi)
    _printf_percent                          0x000002fd   Thumb Code     0  _printf_percent.o(.ARM.Collect$$_printf_percent$$00000000)
    _printf_u                                0x000002fd   Thumb Code     0  _printf_u.o(.ARM.Collect$$_printf_percent$$0000000A)
    _printf_x                                0x00000303   Thumb Code     0  _printf_x.o(.ARM.Collect$$_printf_percent$$0000000C)
    _printf_s                                0x00000309   Thumb Code     0  _printf_s.o(.ARM.Collect$$_printf_percent$$00000014)
    _printf_percent_end                      0x0000030f   Thumb Code     0  _printf_percent_end.o(.ARM.Collect$$_printf_percent$$00000017)
    __rt_lib_init                            0x00000313   Thumb Code     0  libinit.o(.ARM.Collect$$libinit$$00000000)
    __rt_lib_init_fp_1                       0x00000315   Thumb Code     0  libinit2.o(.ARM.Collect$$libinit$$00000001)
    __rt_lib_init_heap_1                     0x00000319   Thumb Code     0  libinit2.o(.ARM.Collect$$libinit$$00000008)
    __rt_lib_init_rand_2                     0x00000319   Thumb Code     0  libinit2.o(.ARM.Collect$$libinit$$0000000B)
    __rt_lib_init_user_alloc_1               0x00000319   Thumb Code     0  libinit2.o(.ARM.Collect$$libinit$$0000000A)
    __rt_lib_init_alloca_1                   0x0000031d   Thumb Code     0  libinit2.o(.ARM.Collect$$libinit$$0000002C)
    __rt_lib_init_argv_1                     0x0000031d   Thumb Code     0  libinit2.o(.ARM.Collect$$libinit$$0000002A)
    __rt_lib_init_atexit_1                   0x0000031d   Thumb Code     0  libinit2.o(.ARM.Collect$$libinit$$00000019)
    __rt_lib_init_clock_1                    0x0000031d   Thumb Code     0  libinit2.o(.ARM.Collect$$libinit$$0000001F)
    __rt_lib_init_cpp_1                      0x0000031d   Thumb Code     0  libinit2.o(.ARM.Collect$$libinit$$00000030)
    __rt_lib_init_exceptions_1               0x0000031d   Thumb Code     0  libinit2.o(.ARM.Collect$$libinit$$0000002E)
    __rt_lib_init_fp_trap_1                  0x0000031d   Thumb Code     0  libinit2.o(.ARM.Collect$$libinit$$0000001D)
    __rt_lib_init_getenv_1                   0x0000031d   Thumb Code     0  libinit2.o(.ARM.Collect$$libinit$$00000021)
    __rt_lib_init_lc_collate_1               0x0000031d   Thumb Code     0  libinit2.o(.ARM.Collect$$libinit$$0000000F)
    __rt_lib_init_lc_ctype_1                 0x0000031d   Thumb Code     0  libinit2.o(.ARM.Collect$$libinit$$00000011)
    __rt_lib_init_lc_monetary_1              0x0000031d   Thumb Code     0  libinit2.o(.ARM.Collect$$libinit$$00000013)
    __rt_lib_init_lc_numeric_1               0x0000031d   Thumb Code     0  libinit2.o(.ARM.Collect$$libinit$$00000015)
    __rt_lib_init_lc_time_1                  0x0000031d   Thumb Code     0  libinit2.o(.ARM.Collect$$libinit$$00000017)
    __rt_lib_init_rand_1                     0x0000031d   Thumb Code     0  libinit2.o(.ARM.Collect$$libinit$$0000000C)
    __rt_lib_init_return                     0x0000031d   Thumb Code     0  libinit2.o(.ARM.Collect$$libinit$$00000031)
    __rt_lib_init_signal_1                   0x0000031d   Thumb Code     0  libinit2.o(.ARM.Collect$$libinit$$0000001B)
    __rt_lib_init_stdio_1                    0x0000031d   Thumb Code     0  libinit2.o(.ARM.Collect$$libinit$$00000023)
    __rt_lib_shutdown                        0x0000031f   Thumb Code     0  libshutdown.o(.ARM.Collect$$libshutdown$$00000000)
    __rt_lib_shutdown_fp_trap_1              0x00000321   Thumb Code     0  libshutdown2.o(.ARM.Collect$$libshutdown$$00000006)
    __rt_lib_shutdown_heap_1                 0x00000321   Thumb Code     0  libshutdown2.o(.ARM.Collect$$libshutdown$$0000000E)
    __rt_lib_shutdown_return                 0x00000321   Thumb Code     0  libshutdown2.o(.ARM.Collect$$libshutdown$$0000000F)
    __rt_lib_shutdown_signal_1               0x00000321   Thumb Code     0  libshutdown2.o(.ARM.Collect$$libshutdown$$00000009)
    __rt_lib_shutdown_stdio_1                0x00000321   Thumb Code     0  libshutdown2.o(.ARM.Collect$$libshutdown$$00000003)
    __rt_lib_shutdown_user_alloc_1           0x00000321   Thumb Code     0  libshutdown2.o(.ARM.Collect$$libshutdown$$0000000B)
    __rt_entry                               0x00000323   Thumb Code     0  rtentry.o(.ARM.Collect$$rtentry$$00000000)
    __rt_entry_presh_1                       0x00000323   Thumb Code     0  rtentry2.o(.ARM.Collect$$rtentry$$00000002)
    __rt_entry_sh                            0x00000323   Thumb Code     0  rtentry4.o(.ARM.Collect$$rtentry$$00000004)
    __rt_entry_li                            0x00000329   Thumb Code     0  rtentry2.o(.ARM.Collect$$rtentry$$0000000A)
    __rt_entry_postsh_1                      0x00000329   Thumb Code     0  rtentry2.o(.ARM.Collect$$rtentry$$00000009)
    __rt_entry_main                          0x0000032d   Thumb Code     0  rtentry2.o(.ARM.Collect$$rtentry$$0000000D)
    __rt_entry_postli_1                      0x0000032d   Thumb Code     0  rtentry2.o(.ARM.Collect$$rtentry$$0000000C)
    __rt_exit                                0x00000335   Thumb Code     0  rtexit.o(.ARM.Collect$$rtexit$$00000000)
    __rt_exit_ls                             0x00000337   Thumb Code     0  rtexit2.o(.ARM.Collect$$rtexit$$00000003)
    __rt_exit_prels_1                        0x00000337   Thumb Code     0  rtexit2.o(.ARM.Collect$$rtexit$$00000002)
    __rt_exit_exit                           0x0000033b   Thumb Code     0  rtexit2.o(.ARM.Collect$$rtexit$$00000004)
    SysCtlDelay                              0x00000341   Thumb Code     6  sysctl.o(.emb_text)
    CPUcpsid                                 0x00000349   Thumb Code     8  cpu.o(.emb_text)
    CPUprimask                               0x00000351   Thumb Code     6  cpu.o(.emb_text)
    CPUcpsie                                 0x00000357   Thumb Code     8  cpu.o(.emb_text)
    CPUwfi                                   0x0000035f   Thumb Code     4  cpu.o(.emb_text)
    CPUbasepriSet                            0x00000363   Thumb Code     6  cpu.o(.emb_text)
    CPUbasepriGet                            0x00000369   Thumb Code     6  cpu.o(.emb_text)
    rand                                     0x00000371   Thumb Code    48  rand.o(.emb_text)
    __user_initial_stackheap                 0x000003a5   Thumb Code     0  startup_rvmdk.o(.text)
    __I$use$semihosting                      0x000003bd   Thumb Code     0  use_no_semi.o(.text)
    __use_no_semihosting_swi                 0x000003bd   Thumb Code     2  use_no_semi.o(.text)
    __2printf                                0x000003c1   Thumb Code    20  noretval__2printf.o(.text)
    __printf                                 0x000003d9   Thumb Code   104  __printf.o(.text)
    _printf_str                              0x00000441   Thumb Code    82  _printf_str.o(.text)
    _printf_int_dec                          0x00000495   Thumb Code   100  _printf_dec.o(.text)
    _printf_int_hex                          0x00000509   Thumb Code    84  _printf_hex_int.o(.text)
    _printf_longlong_hex                     0x00000509   Thumb Code     0  _printf_hex_int.o(.text)
    getc                                     0x00000561   Thumb Code     4  getc.o(.text)
    puts                                     0x00000565   Thumb Code    40  puts.o(.text)
    srand                                    0x00000591   Thumb Code    42  rand.o(.text)
    _rand_init                               0x000005bb   Thumb Code     4  rand.o(.text)
    __use_two_region_memory                  0x000005cd   Thumb Code     2  heapauxi.o(.text)
    __rt_heap_escrow$2region                 0x000005cf   Thumb Code     2  heapauxi.o(.text)
    __rt_heap_expand$2region                 0x000005d1   Thumb Code     2  heapauxi.o(.text)
    _printf_int_common                       0x000005d3   Thumb Code   178  _printf_intcommon.o(.text)
    _printf_cs_common                        0x00000685   Thumb Code    20  _printf_char.o(.text)
    _printf_char                             0x00000699   Thumb Code    16  _printf_char.o(.text)
    _printf_string                           0x000006a9   Thumb Code     8  _printf_char.o(.text)
    _printf_char_file                        0x000006b1   Thumb Code    32  _printf_char_file.o(.text)
    _printf_char_common                      0x000006df   Thumb Code    32  _printf_char_common.o(.text)
    __user_setup_stackheap                   0x00000705   Thumb Code    74  sys_stackheap_outer.o(.text)
    exit                                     0x0000074f   Thumb Code    12  exit.o(.text)
    __user_libspace                          0x0000075d   Thumb Code     8  libspace.o(.text)
    __user_perproc_libspace                  0x0000075d   Thumb Code     0  libspace.o(.text)
    __user_perthread_libspace                0x0000075d   Thumb Code     0  libspace.o(.text)
    ADC_MultiInit                            0x00000765   Thumb Code   170  admulti.o(i.ADC_MultiInit)
    ADC_MultiRead                            0x0000082d   Thumb Code    46  admulti.o(i.ADC_MultiRead)
    AudioControlInit                         0x00000865   Thumb Code    24  audiocontrol.o(i.AudioControlInit)
    Audio_SR_Init                            0x00000881   Thumb Code    54  audioshiftregister.o(i.Audio_SR_Init)
    Audio_SR_Write                           0x000008cd   Thumb Code   100  audioshiftregister.o(i.Audio_SR_Write)
    CPUgetPRIMASK_cpsid                      0x00000939   Thumb Code     8  es_port.o(i.CPUgetPRIMASK_cpsid)
    CPUsetPRIMASK                            0x00000941   Thumb Code     6  es_port.o(i.CPUsetPRIMASK)
    Check4Keystroke                          0x00000949   Thumb Code    40  eventcheckers.o(i.Check4Keystroke)
    CheckPumpLevel                           0x00000975   Thumb Code    82  pump.o(i.CheckPumpLevel)
    CheckStirState                           0x000009cd   Thumb Code    36  stir.o(i.CheckStirState)
    ES_CheckUserEvents                       0x000009f5   Thumb Code    34  es_checkevents.o(i.ES_CheckUserEvents)
    ES_DeQueue                               0x00000a1d   Thumb Code    80  es_queue.o(i.ES_DeQueue)
    ES_EnQueueFIFO                           0x00000a71   Thumb Code    66  es_queue.o(i.ES_EnQueueFIFO)
    ES_GetMSBitSet                           0x00000ab9   Thumb Code    48  es_lookuptables.o(i.ES_GetMSBitSet)
    ES_InitQueue                             0x00000aed   Thumb Code    16  es_queue.o(i.ES_InitQueue)
    ES_Initialize                            0x00000afd   Thumb Code    72  es_framework.o(i.ES_Initialize)
    ES_PostAll                               0x00000b49   Thumb Code    58  es_framework.o(i.ES_PostAll)
    ES_PostToService                         0x00000b91   Thumb Code    42  es_framework.o(i.ES_PostToService)
    ES_Run                                   0x00000bc9   Thumb Code    84  es_framework.o(i.ES_Run)
    ES_Timer_Init                            0x00000c29   Thumb Code     4  es_timers.o(i.ES_Timer_Init)
    ES_Timer_InitTimer                       0x00000c2d   Thumb Code    44  es_timers.o(i.ES_Timer_InitTimer)
    ES_Timer_SetTimer                        0x00000c69   Thumb Code    30  es_timers.o(i.ES_Timer_SetTimer)
    ES_Timer_StartTimer                      0x00000c91   Thumb Code    36  es_timers.o(i.ES_Timer_StartTimer)
    ES_Timer_StopTimer                       0x00000cc1   Thumb Code    28  es_timers.o(i.ES_Timer_StopTimer)
    ES_Timer_Tick_Resp                       0x00000ce5   Thumb Code    90  es_timers.o(i.ES_Timer_Tick_Resp)
    ExternalLineInit                         0x00000d51   Thumb Code    54  externalline.o(i.ExternalLineInit)
    GPIODirModeSet                           0x00000d9d   Thumb Code    40  gpio.o(i.GPIODirModeSet)
    GPIOPadConfigSet                         0x00000dc5   Thumb Code   314  gpio.o(i.GPIOPadConfigSet)
    GPIOPinConfigure                         0x00000f01   Thumb Code    64  gpio.o(i.GPIOPinConfigure)
    GPIOPinTypeGPIOInput                     0x00000f49   Thumb Code    28  gpio.o(i.GPIOPinTypeGPIOInput)
    GPIOPinTypePWM                           0x00000f65   Thumb Code    28  gpio.o(i.GPIOPinTypePWM)
    GPIOPinTypeUART                          0x00000f81   Thumb Code    28  gpio.o(i.GPIOPinTypeUART)
    GetIRState                               0x00000f9d   Thumb Code     6  ir_pulse.o(i.GetIRState)
    InitButtons                              0x00000fa9   Thumb Code    84  buttons.o(i.InitButtons)
    InitCities                               0x00001011   Thumb Code    66  cities.o(i.InitCities)
    InitEventGenerator                       0x00001069   Thumb Code     8  eventgenerator.o(i.InitEventGenerator)
    InitEventPrinter                         0x00001075   Thumb Code     8  eventprinter.o(i.InitEventPrinter)
    InitGameplay                             0x00001081   Thumb Code    48  gameplay.o(i.InitGameplay)
    InitHose                                 0x000010b5   Thumb Code    36  hose.o(i.InitHose)
    InitLEDControl                           0x000010dd   Thumb Code    34  ledcontrol.o(i.InitLEDControl)
    InitPump                                 0x00001105   Thumb Code    44  pump.o(i.InitPump)
    InitStir                                 0x00001135   Thumb Code    82  stir.o(i.InitStir)
    InitTimeOfDay                            0x0000119d   Thumb Code    28  timeofday.o(i.InitTimeOfDay)
    IntMasterEnable                          0x000011bd   Thumb Code    14  interrupt.o(i.IntMasterEnable)
    LED_SR_Init                              0x000011cd   Thumb Code    72  ledshiftregister.o(i.LED_SR_Init)
    LED_SR_Write                             0x00001229   Thumb Code    90  ledshiftregister.o(i.LED_SR_Write)
    PWM8_TIVA_Init                           0x0000128d   Thumb Code   246  pwm8tiva.o(i.PWM8_TIVA_Init)
    PWM8_TIVA_SetDuty                        0x000013c9   Thumb Code    48  pwm8tiva.o(i.PWM8_TIVA_SetDuty)
    PWM8_TIVA_SetPeriod                      0x00001409   Thumb Code    60  pwm8tiva.o(i.PWM8_TIVA_SetPeriod)
    PWM8_TIVA_SetPulseWidth                  0x00001455   Thumb Code    32  pwm8tiva.o(i.PWM8_TIVA_SetPulseWidth)
    PWMGenConfigure                          0x00001481   Thumb Code    38  pwm.o(i.PWMGenConfigure)
    PWMGenEnable                             0x000014a7   Thumb Code    10  pwm.o(i.PWMGenEnable)
    PWMGenPeriodSet                          0x000014b1   Thumb Code    18  pwm.o(i.PWMGenPeriodSet)
    PWMInit                                  0x000014c5   Thumb Code    20  pwm_control.o(i.PWMInit)
    PWMOutputState                           0x000014dd   Thumb Code    16  pwm.o(i.PWMOutputState)
    PWMPulseWidthSet                         0x000014ed   Thumb Code    32  pwm.o(i.PWMPulseWidthSet)
    PWMSyncUpdate                            0x0000150d   Thumb Code     4  pwm.o(i.PWMSyncUpdate)
    PortFunctionInit                         0x00001511   Thumb Code   132  enablepa25_pb23_pd7_pf0.o(i.PortFunctionInit)
    PostButtons                              0x000015b1   Thumb Code    20  buttons.o(i.PostButtons)
    PostCities                               0x000015c9   Thumb Code    10  cities.o(i.PostCities)
    PostEventGenerator                       0x000015d9   Thumb Code    10  eventgenerator.o(i.PostEventGenerator)
    PostEventPrinter                         0x000015e9   Thumb Code    20  eventprinter.o(i.PostEventPrinter)
    PostGameplay                             0x00001601   Thumb Code    10  gameplay.o(i.PostGameplay)
    PostHose                                 0x00001611   Thumb Code    20  hose.o(i.PostHose)
    PostLEDControl                           0x00001629   Thumb Code    20  ledcontrol.o(i.PostLEDControl)
    PostPump                                 0x00001641   Thumb Code    10  pump.o(i.PostPump)
    PostStir                                 0x00001651   Thumb Code    10  stir.o(i.PostStir)
    PostTimeOfDay                            0x00001661   Thumb Code    20  timeofday.o(i.PostTimeOfDay)
    PulseInit                                0x00001679   Thumb Code    26  ir_pulse.o(i.PulseInit)
    QueryGameplay                            0x00001699   Thumb Code     6  gameplay.o(i.QueryGameplay)
    QueryPump                                0x000016a5   Thumb Code     6  pump.o(i.QueryPump)
    QueryStir                                0x000016b1   Thumb Code     6  stir.o(i.QueryStir)
    ReportAllStates                          0x000016e1   Thumb Code   100  eventgenerator.o(i.ReportAllStates)
    RunButtons                               0x000017f1   Thumb Code    36  buttons.o(i.RunButtons)
    RunCities                                0x00001815   Thumb Code   122  cities.o(i.RunCities)
    RunEventGenerator                        0x000018e1   Thumb Code   262  eventgenerator.o(i.RunEventGenerator)
    RunEventPrinter                          0x00001a15   Thumb Code   166  eventprinter.o(i.RunEventPrinter)
    RunGameplay                              0x00001d5d   Thumb Code   508  gameplay.o(i.RunGameplay)
    RunHose                                  0x00001fc5   Thumb Code   238  hose.o(i.RunHose)
    RunLEDControl                            0x000020b9   Thumb Code    68  ledcontrol.o(i.RunLEDControl)
    RunPump                                  0x00002101   Thumb Code   144  pump.o(i.RunPump)
    RunStir                                  0x00002195   Thumb Code    70  stir.o(i.RunStir)
    RunTimeOfDay                             0x000021e1   Thumb Code   132  timeofday.o(i.RunTimeOfDay)
    ServoInit                                0x000022bd   Thumb Code    34  servocontrol.o(i.ServoInit)
    SetFlagsActive                           0x000022e1   Thumb Code    28  servocontrol.o(i.SetFlagsActive)
    SetFlagsInactive                         0x00002311   Thumb Code    28  servocontrol.o(i.SetFlagsInactive)
    SetServoAngle                            0x00002341   Thumb Code   170  servocontrol.o(i.SetServoAngle)
    ShortTimerAHandler                       0x00002471   Thumb Code    42  es_shorttimer.o(i.ShortTimerAHandler)
    ShortTimerBHandler                       0x000024a5   Thumb Code    46  es_shorttimer.o(i.ShortTimerBHandler)
    SysCtlClockGet                           0x000024dd   Thumb Code   314  sysctl.o(i.SysCtlClockGet)
    SysCtlClockSet                           0x00002641   Thumb Code   270  sysctl.o(i.SysCtlClockSet)
    SysCtlPWMClockSet                        0x00002761   Thumb Code    14  sysctl.o(i.SysCtlPWMClockSet)
    SysCtlPeripheralEnable                   0x00002775   Thumb Code    36  sysctl.o(i.SysCtlPeripheralEnable)
    SysTickEnable                            0x0000279d   Thumb Code    14  systick.o(i.SysTickEnable)
    SysTickIntEnable                         0x000027ab   Thumb Code    14  systick.o(i.SysTickIntEnable)
    SysTickIntHandler                        0x000027b9   Thumb Code    16  es_port.o(i.SysTickIntHandler)
    SysTickPeriodSet                         0x000027cd   Thumb Code    10  systick.o(i.SysTickPeriodSet)
    TERMIO_GetChar                           0x000027d7   Thumb Code     4  termio.o(i.TERMIO_GetChar)
    TERMIO_Init                              0x000027dd   Thumb Code    62  termio.o(i.TERMIO_Init)
    TERMIO_PutChar                           0x0000282d   Thumb Code     8  termio.o(i.TERMIO_PutChar)
    TimerIntClear                            0x00002839   Thumb Code     4  timer.o(i.TimerIntClear)
    TurnIROff                                0x0000283d   Thumb Code    18  ir_pulse.o(i.TurnIROff)
    TurnIROn                                 0x00002855   Thumb Code    18  ir_pulse.o(i.TurnIROn)
    UARTCharPut                              0x0000286d   Thumb Code    12  uart.o(i.UARTCharPut)
    UARTClockSourceSet                       0x00002879   Thumb Code     6  uart.o(i.UARTClockSourceSet)
    UARTStdioConfig                          0x00002881   Thumb Code    82  uartstdio.o(i.UARTStdioConfig)
    UARTgetc                                 0x000028dd   Thumb Code    20  uartstdio.o(i.UARTgetc)
    _HW_Process_Pending_Ints                 0x000028f5   Thumb Code    26  es_port.o(i._HW_Process_Pending_Ints)
    _HW_Timer_Init                           0x00002915   Thumb Code    22  es_port.o(i._HW_Timer_Init)
    _sys_exit                                0x0000292b   Thumb Code     2  retarget.o(i._sys_exit)
    addChemLightUX                           0x0000292d   Thumb Code    18  gameplay.o(i.addChemLightUX)
    addChemUX                                0x00002945   Thumb Code    38  gameplay.o(i.addChemUX)
    checkButtonEvents                        0x00002975   Thumb Code   230  buttons.o(i.checkButtonEvents)
    checkIREvents                            0x00002a81   Thumb Code    98  cities.o(i.checkIREvents)
    citySavedUX                              0x00002ae9   Thumb Code    44  gameplay.o(i.citySavedUX)
    ferror                                   0x00002b19   Thumb Code     6  retarget.o(i.ferror)
    fgetc                                    0x00002b1f   Thumb Code     4  retarget.o(i.fgetc)
    fireOffUX                                0x00002b25   Thumb Code    50  gameplay.o(i.fireOffUX)
    fireOnUX                                 0x00002bb5   Thumb Code    52  gameplay.o(i.fireOnUX)
    fireReadyUX                              0x00002c4d   Thumb Code    44  gameplay.o(i.fireReadyUX)
    fputc                                    0x00002cb1   Thumb Code    14  retarget.o(i.fputc)
    kbhit                                    0x00002cc1   Thumb Code    16  termio.o(i.kbhit)
    main                                     0x00002cd5   Thumb Code   112  main.o(i.main)
    nextChemUX                               0x00002ea9   Thumb Code    50  gameplay.o(i.nextChemUX)
    playSound                                0x00002f11   Thumb Code    10  audiocontrol.o(i.playSound)
    resetCities                              0x00002f21   Thumb Code    22  cities.o(i.resetCities)
    resetGameplay                            0x00002f3d   Thumb Code    32  gameplay.o(i.resetGameplay)
    resetUX                                  0x00002f71   Thumb Code    40  gameplay.o(i.resetUX)
    setExternalLineHi                        0x00002f9d   Thumb Code    16  externalline.o(i.setExternalLineHi)
    setExternalLineLo                        0x00002fb1   Thumb Code    16  externalline.o(i.setExternalLineLo)
    setLED                                   0x00002fc5   Thumb Code    48  ledcontrol.o(i.setLED)
    startArmedUX                             0x00002ff9   Thumb Code    46  gameplay.o(i.startArmedUX)
    startFailUX                              0x00003069   Thumb Code    46  gameplay.o(i.startFailUX)
    startMixingUX                            0x000030d9   Thumb Code    28  gameplay.o(i.startMixingUX)
    startSprayingUX                          0x000030f9   Thumb Code    26  gameplay.o(i.startSprayingUX)
    startWinUX                               0x00003119   Thumb Code    50  gameplay.o(i.startWinUX)
    stopAllSounds                            0x00003155   Thumb Code     8  audiocontrol.o(i.stopAllSounds)
    stopArmedUX                              0x0000315d   Thumb Code    28  gameplay.o(i.stopArmedUX)
    stopMixingUX                             0x00003181   Thumb Code    26  gameplay.o(i.stopMixingUX)
    stopSprayingUX                           0x000031a1   Thumb Code    24  gameplay.o(i.stopSprayingUX)
    usedOneAmmoUX                            0x000031bd   Thumb Code    44  gameplay.o(i.usedOneAmmoUX)
    wrongChemAddedUX                         0x000031f1   Thumb Code    28  gameplay.o(i.wrongChemAddedUX)
    __aeabi_dadd                             0x00003211   Thumb Code     0  daddsub_clz.o(x$fpl$dadd)
    _dadd                                    0x00003211   Thumb Code   332  daddsub_clz.o(x$fpl$dadd)
    __aeabi_ddiv                             0x00003361   Thumb Code     0  ddiv.o(x$fpl$ddiv)
    _ddiv                                    0x00003361   Thumb Code   552  ddiv.o(x$fpl$ddiv)
    __aeabi_d2uiz                            0x00003611   Thumb Code     0  dfixu.o(x$fpl$dfixu)
    _dfixu                                   0x00003611   Thumb Code    90  dfixu.o(x$fpl$dfixu)
    __aeabi_ui2d                             0x0000366b   Thumb Code     0  dflt_clz.o(x$fpl$dfltu)
    _dfltu                                   0x0000366b   Thumb Code    38  dflt_clz.o(x$fpl$dfltu)
    __aeabi_dmul                             0x00003691   Thumb Code     0  dmul.o(x$fpl$dmul)
    _dmul                                    0x00003691   Thumb Code   332  dmul.o(x$fpl$dmul)
    __fpl_dnaninf                            0x000037e5   Thumb Code   156  dnaninf.o(x$fpl$dnaninf)
    __fpl_dretinf                            0x00003881   Thumb Code    12  dretinf.o(x$fpl$dretinf)
    __aeabi_dsub                             0x0000388d   Thumb Code     0  daddsub_clz.o(x$fpl$dsub)
    _dsub                                    0x0000388d   Thumb Code   464  daddsub_clz.o(x$fpl$dsub)
    _fp_init                                 0x00003a61   Thumb Code    10  fpinit.o(x$fpl$fpinit)
    __fplib_config_fpu_vfp                   0x00003a69   Thumb Code     0  fpinit.o(x$fpl$fpinit)
    __fplib_config_pureend_doubles           0x00003a69   Thumb Code     0  fpinit.o(x$fpl$fpinit)
    __I$use$fp                               0x00003a6a   Number         0  usenofp.o(x$fpl$usenofp)
    BitNum2SetMask                           0x00003b7c   Data          32  es_lookuptables.o(.constdata)
    Nybble2MSBitNum                          0x00003b9c   Data          15  es_lookuptables.o(.constdata)
    Region$$Table$$Base                      0x00004358   Number         0  anon$$obj.o(Region$$Table)
    Region$$Table$$Limit                     0x00004378   Number         0  anon$$obj.o(Region$$Table)
    Ready                                    0x20000064   Data           2  es_framework.o(.data)
    _PRIMASK_temp                            0x20000070   Data           4  es_queue.o(.data)
    __stdout                                 0x20000080   Data           4  retarget.o(.data)
    __stdin                                  0x20000084   Data           4  retarget.o(.data)
    _random_number_data                      0x20000160   Data         228  rand.o(.bss)
    __libspace_start                         0x20000244   Data          96  libspace.o(.bss)
    __temporary_stack_top$libspace           0x200002a4   Data           0  libspace.o(.bss)



==============================================================================

Memory Map of the image

  Image Entry point : 0x0000026d

  Load Region LR_IROM1 (Base: 0x00000000, Size: 0x00004408, Max: 0x00040000, ABSOLUTE)

    Execution Region ER_IROM1 (Base: 0x00000000, Size: 0x00004378, Max: 0x00040000, ABSOLUTE)

    Base Addr    Size         Type   Attr      Idx    E Section Name        Object

    0x00000000   0x00000288   Code   RO          988  * RESET               startup_rvmdk.o
    0x00000288   0x00000008   Code   RO         3092  * !!!main             c_w.l(__main.o)
    0x00000290   0x00000034   Code   RO         3278    !!!scatter          c_w.l(__scatter.o)
    0x000002c4   0x0000001a   Code   RO         3280    !!handler_copy      c_w.l(__scatter_copy.o)
    0x000002de   0x00000002   PAD
    0x000002e0   0x0000001c   Code   RO         3282    !!handler_zi        c_w.l(__scatter_zi.o)
    0x000002fc   0x00000000   Code   RO         3080    .ARM.Collect$$_printf_percent$$00000000  c_w.l(_printf_percent.o)
    0x000002fc   0x00000006   Code   RO         3079    .ARM.Collect$$_printf_percent$$0000000A  c_w.l(_printf_u.o)
    0x00000302   0x00000006   Code   RO         3078    .ARM.Collect$$_printf_percent$$0000000C  c_w.l(_printf_x.o)
    0x00000308   0x00000006   Code   RO         3077    .ARM.Collect$$_printf_percent$$00000014  c_w.l(_printf_s.o)
    0x0000030e   0x00000004   Code   RO         3123    .ARM.Collect$$_printf_percent$$00000017  c_w.l(_printf_percent_end.o)
    0x00000312   0x00000002   Code   RO         3208    .ARM.Collect$$libinit$$00000000  c_w.l(libinit.o)
    0x00000314   0x00000004   Code   RO         3124    .ARM.Collect$$libinit$$00000001  c_w.l(libinit2.o)
    0x00000318   0x00000000   Code   RO         3128    .ARM.Collect$$libinit$$00000008  c_w.l(libinit2.o)
    0x00000318   0x00000000   Code   RO         3130    .ARM.Collect$$libinit$$0000000A  c_w.l(libinit2.o)
    0x00000318   0x00000004   Code   RO         3131    .ARM.Collect$$libinit$$0000000B  c_w.l(libinit2.o)
    0x0000031c   0x00000000   Code   RO         3132    .ARM.Collect$$libinit$$0000000C  c_w.l(libinit2.o)
    0x0000031c   0x00000000   Code   RO         3135    .ARM.Collect$$libinit$$0000000F  c_w.l(libinit2.o)
    0x0000031c   0x00000000   Code   RO         3137    .ARM.Collect$$libinit$$00000011  c_w.l(libinit2.o)
    0x0000031c   0x00000000   Code   RO         3139    .ARM.Collect$$libinit$$00000013  c_w.l(libinit2.o)
    0x0000031c   0x00000000   Code   RO         3141    .ARM.Collect$$libinit$$00000015  c_w.l(libinit2.o)
    0x0000031c   0x00000000   Code   RO         3143    .ARM.Collect$$libinit$$00000017  c_w.l(libinit2.o)
    0x0000031c   0x00000000   Code   RO         3145    .ARM.Collect$$libinit$$00000019  c_w.l(libinit2.o)
    0x0000031c   0x00000000   Code   RO         3147    .ARM.Collect$$libinit$$0000001B  c_w.l(libinit2.o)
    0x0000031c   0x00000000   Code   RO         3149    .ARM.Collect$$libinit$$0000001D  c_w.l(libinit2.o)
    0x0000031c   0x00000000   Code   RO         3151    .ARM.Collect$$libinit$$0000001F  c_w.l(libinit2.o)
    0x0000031c   0x00000000   Code   RO         3153    .ARM.Collect$$libinit$$00000021  c_w.l(libinit2.o)
    0x0000031c   0x00000000   Code   RO         3155    .ARM.Collect$$libinit$$00000023  c_w.l(libinit2.o)
    0x0000031c   0x00000000   Code   RO         3159    .ARM.Collect$$libinit$$0000002A  c_w.l(libinit2.o)
    0x0000031c   0x00000000   Code   RO         3161    .ARM.Collect$$libinit$$0000002C  c_w.l(libinit2.o)
    0x0000031c   0x00000000   Code   RO         3163    .ARM.Collect$$libinit$$0000002E  c_w.l(libinit2.o)
    0x0000031c   0x00000000   Code   RO         3165    .ARM.Collect$$libinit$$00000030  c_w.l(libinit2.o)
    0x0000031c   0x00000002   Code   RO         3166    .ARM.Collect$$libinit$$00000031  c_w.l(libinit2.o)
    0x0000031e   0x00000002   Code   RO         3242    .ARM.Collect$$libshutdown$$00000000  c_w.l(libshutdown.o)
    0x00000320   0x00000000   Code   RO         3247    .ARM.Collect$$libshutdown$$00000003  c_w.l(libshutdown2.o)
    0x00000320   0x00000000   Code   RO         3250    .ARM.Collect$$libshutdown$$00000006  c_w.l(libshutdown2.o)
    0x00000320   0x00000000   Code   RO         3253    .ARM.Collect$$libshutdown$$00000009  c_w.l(libshutdown2.o)
    0x00000320   0x00000000   Code   RO         3255    .ARM.Collect$$libshutdown$$0000000B  c_w.l(libshutdown2.o)
    0x00000320   0x00000000   Code   RO         3258    .ARM.Collect$$libshutdown$$0000000E  c_w.l(libshutdown2.o)
    0x00000320   0x00000002   Code   RO         3259    .ARM.Collect$$libshutdown$$0000000F  c_w.l(libshutdown2.o)
    0x00000322   0x00000000   Code   RO         3116    .ARM.Collect$$rtentry$$00000000  c_w.l(rtentry.o)
    0x00000322   0x00000000   Code   RO         3173    .ARM.Collect$$rtentry$$00000002  c_w.l(rtentry2.o)
    0x00000322   0x00000006   Code   RO         3185    .ARM.Collect$$rtentry$$00000004  c_w.l(rtentry4.o)
    0x00000328   0x00000000   Code   RO         3175    .ARM.Collect$$rtentry$$00000009  c_w.l(rtentry2.o)
    0x00000328   0x00000004   Code   RO         3176    .ARM.Collect$$rtentry$$0000000A  c_w.l(rtentry2.o)
    0x0000032c   0x00000000   Code   RO         3178    .ARM.Collect$$rtentry$$0000000C  c_w.l(rtentry2.o)
    0x0000032c   0x00000008   Code   RO         3179    .ARM.Collect$$rtentry$$0000000D  c_w.l(rtentry2.o)
    0x00000334   0x00000002   Code   RO         3214    .ARM.Collect$$rtexit$$00000000  c_w.l(rtexit.o)
    0x00000336   0x00000000   Code   RO         3224    .ARM.Collect$$rtexit$$00000002  c_w.l(rtexit2.o)
    0x00000336   0x00000004   Code   RO         3225    .ARM.Collect$$rtexit$$00000003  c_w.l(rtexit2.o)
    0x0000033a   0x00000006   Code   RO         3226    .ARM.Collect$$rtexit$$00000004  c_w.l(rtexit2.o)
    0x00000340   0x00000006   Code   RO         2076    .emb_text           driverlib.lib(sysctl.o)
    0x00000346   0x00000002   PAD
    0x00000348   0x00000026   Code   RO         3012    .emb_text           driverlib.lib(cpu.o)
    0x0000036e   0x00000002   PAD
    0x00000370   0x00000034   Code   RO         3085    .emb_text           c_w.l(rand.o)
    0x000003a4   0x00000018   Code   RO          989    .text               startup_rvmdk.o
    0x000003bc   0x00000002   Code   RO         3024    .text               c_w.l(use_no_semi.o)
    0x000003be   0x00000002   PAD
    0x000003c0   0x00000018   Code   RO         3028    .text               c_w.l(noretval__2printf.o)
    0x000003d8   0x00000068   Code   RO         3030    .text               c_w.l(__printf.o)
    0x00000440   0x00000052   Code   RO         3032    .text               c_w.l(_printf_str.o)
    0x00000492   0x00000002   PAD
    0x00000494   0x00000074   Code   RO         3034    .text               c_w.l(_printf_dec.o)
    0x00000508   0x00000058   Code   RO         3039    .text               c_w.l(_printf_hex_int.o)
    0x00000560   0x00000004   Code   RO         3081    .text               c_w.l(getc.o)
    0x00000564   0x0000002c   Code   RO         3083    .text               c_w.l(puts.o)
    0x00000590   0x0000003c   Code   RO         3086    .text               c_w.l(rand.o)
    0x000005cc   0x00000006   Code   RO         3090    .text               c_w.l(heapauxi.o)
    0x000005d2   0x000000b2   Code   RO         3117    .text               c_w.l(_printf_intcommon.o)
    0x00000684   0x0000002c   Code   RO         3119    .text               c_w.l(_printf_char.o)
    0x000006b0   0x00000024   Code   RO         3121    .text               c_w.l(_printf_char_file.o)
    0x000006d4   0x00000030   Code   RO         3187    .text               c_w.l(_printf_char_common.o)
    0x00000704   0x0000004a   Code   RO         3193    .text               c_w.l(sys_stackheap_outer.o)
    0x0000074e   0x0000000c   Code   RO         3197    .text               c_w.l(exit.o)
    0x0000075a   0x00000002   PAD
    0x0000075c   0x00000008   Code   RO         3211    .text               c_w.l(libspace.o)
    0x00000764   0x000000c8   Code   RO           89    i.ADC_MultiInit     admulti.o
    0x0000082c   0x00000038   Code   RO           90    i.ADC_MultiRead     admulti.o
    0x00000864   0x0000001c   Code   RO          119    i.AudioControlInit  audiocontrol.o
    0x00000880   0x0000004c   Code   RO          173    i.Audio_SR_Init     audioshiftregister.o
    0x000008cc   0x0000006c   Code   RO          174    i.Audio_SR_Write    audioshiftregister.o
    0x00000938   0x00000008   Code   RO         1126    i.CPUgetPRIMASK_cpsid  es_port.o
    0x00000940   0x00000006   Code   RO         1132    i.CPUsetPRIMASK     es_port.o
    0x00000946   0x00000002   PAD
    0x00000948   0x0000002c   Code   RO          346    i.Check4Keystroke   eventcheckers.o
    0x00000974   0x00000058   Code   RO          671    i.CheckPumpLevel    pump.o
    0x000009cc   0x00000028   Code   RO          807    i.CheckStirState    stir.o
    0x000009f4   0x00000028   Code   RO          995    i.ES_CheckUserEvents  es_checkevents.o
    0x00000a1c   0x00000054   Code   RO         1162    i.ES_DeQueue        es_queue.o
    0x00000a70   0x00000048   Code   RO         1163    i.ES_EnQueueFIFO    es_queue.o
    0x00000ab8   0x00000034   Code   RO         1075    i.ES_GetMSBitSet    es_lookuptables.o
    0x00000aec   0x00000010   Code   RO         1165    i.ES_InitQueue      es_queue.o
    0x00000afc   0x0000004c   Code   RO         1021    i.ES_Initialize     es_framework.o
    0x00000b48   0x00000048   Code   RO         1022    i.ES_PostAll        es_framework.o
    0x00000b90   0x00000038   Code   RO         1023    i.ES_PostToService  es_framework.o
    0x00000bc8   0x00000060   Code   RO         1025    i.ES_Run            es_framework.o
    0x00000c28   0x00000004   Code   RO         1205    i.ES_Timer_Init     es_timers.o
    0x00000c2c   0x0000003c   Code   RO         1206    i.ES_Timer_InitTimer  es_timers.o
    0x00000c68   0x00000028   Code   RO         1207    i.ES_Timer_SetTimer  es_timers.o
    0x00000c90   0x00000030   Code   RO         1208    i.ES_Timer_StartTimer  es_timers.o
    0x00000cc0   0x00000024   Code   RO         1209    i.ES_Timer_StopTimer  es_timers.o
    0x00000ce4   0x0000006c   Code   RO         1210    i.ES_Timer_Tick_Resp  es_timers.o
    0x00000d50   0x0000004c   Code   RO          962    i.ExternalLineInit  externalline.o
    0x00000d9c   0x00000028   Code   RO         1406    i.GPIODirModeSet    driverlib.lib(gpio.o)
    0x00000dc4   0x0000013a   Code   RO         1416    i.GPIOPadConfigSet  driverlib.lib(gpio.o)
    0x00000efe   0x00000002   PAD
    0x00000f00   0x00000048   Code   RO         1417    i.GPIOPinConfigure  driverlib.lib(gpio.o)
    0x00000f48   0x0000001c   Code   RO         1426    i.GPIOPinTypeGPIOInput  driverlib.lib(gpio.o)
    0x00000f64   0x0000001c   Code   RO         1438    i.GPIOPinTypePWM    driverlib.lib(gpio.o)
    0x00000f80   0x0000001c   Code   RO         1442    i.GPIOPinTypeUART   driverlib.lib(gpio.o)
    0x00000f9c   0x0000000c   Code   RO          930    i.GetIRState        ir_pulse.o
    0x00000fa8   0x00000068   Code   RO          201    i.InitButtons       buttons.o
    0x00001010   0x00000058   Code   RO          245    i.InitCities        cities.o
    0x00001068   0x0000000c   Code   RO          379    i.InitEventGenerator  eventgenerator.o
    0x00001074   0x0000000c   Code   RO          411    i.InitEventPrinter  eventprinter.o
    0x00001080   0x00000034   Code   RO          437    i.InitGameplay      gameplay.o
    0x000010b4   0x00000028   Code   RO          581    i.InitHose          hose.o
    0x000010dc   0x00000028   Code   RO          610    i.InitLEDControl    ledcontrol.o
    0x00001104   0x00000030   Code   RO          672    i.InitPump          pump.o
    0x00001134   0x00000068   Code   RO          808    i.InitStir          stir.o
    0x0000119c   0x00000020   Code   RO          850    i.InitTimeOfDay     timeofday.o
    0x000011bc   0x0000000e   Code   RO         1731    i.IntMasterEnable   driverlib.lib(interrupt.o)
    0x000011ca   0x00000002   PAD
    0x000011cc   0x0000005c   Code   RO          646    i.LED_SR_Init       ledshiftregister.o
    0x00001228   0x00000064   Code   RO          647    i.LED_SR_Write      ledshiftregister.o
    0x0000128c   0x0000013c   Code   RO          876    i.PWM8_TIVA_Init    pwm8tiva.o
    0x000013c8   0x00000040   Code   RO          877    i.PWM8_TIVA_SetDuty  pwm8tiva.o
    0x00001408   0x0000004c   Code   RO          879    i.PWM8_TIVA_SetPeriod  pwm8tiva.o
    0x00001454   0x0000002c   Code   RO          880    i.PWM8_TIVA_SetPulseWidth  pwm8tiva.o
    0x00001480   0x00000026   Code   RO         1851    i.PWMGenConfigure   driverlib.lib(pwm.o)
    0x000014a6   0x0000000a   Code   RO         1853    i.PWMGenEnable      driverlib.lib(pwm.o)
    0x000014b0   0x00000012   Code   RO         1866    i.PWMGenPeriodSet   driverlib.lib(pwm.o)
    0x000014c2   0x00000002   PAD
    0x000014c4   0x00000018   Code   RO          916    i.PWMInit           pwm_control.o
    0x000014dc   0x00000010   Code   RO         1873    i.PWMOutputState    driverlib.lib(pwm.o)
    0x000014ec   0x00000020   Code   RO         1876    i.PWMPulseWidthSet  driverlib.lib(pwm.o)
    0x0000150c   0x00000004   Code   RO         1878    i.PWMSyncUpdate     driverlib.lib(pwm.o)
    0x00001510   0x000000a0   Code   RO          288    i.PortFunctionInit  enablepa25_pb23_pd7_pf0.o
    0x000015b0   0x00000018   Code   RO          202    i.PostButtons       buttons.o
    0x000015c8   0x00000010   Code   RO          246    i.PostCities        cities.o
    0x000015d8   0x00000010   Code   RO          380    i.PostEventGenerator  eventgenerator.o
    0x000015e8   0x00000018   Code   RO          412    i.PostEventPrinter  eventprinter.o
    0x00001600   0x00000010   Code   RO          438    i.PostGameplay      gameplay.o
    0x00001610   0x00000018   Code   RO          582    i.PostHose          hose.o
    0x00001628   0x00000018   Code   RO          611    i.PostLEDControl    ledcontrol.o
    0x00001640   0x00000010   Code   RO          673    i.PostPump          pump.o
    0x00001650   0x00000010   Code   RO          809    i.PostStir          stir.o
    0x00001660   0x00000018   Code   RO          851    i.PostTimeOfDay     timeofday.o
    0x00001678   0x00000020   Code   RO          931    i.PulseInit         ir_pulse.o
    0x00001698   0x0000000c   Code   RO          439    i.QueryGameplay     gameplay.o
    0x000016a4   0x0000000c   Code   RO          674    i.QueryPump         pump.o
    0x000016b0   0x0000000c   Code   RO          810    i.QueryStir         stir.o
    0x000016bc   0x00000014   Code   RO          675    i.ReadPump          pump.o
    0x000016d0   0x00000010   Code   RO          811    i.ReadStir          stir.o
    0x000016e0   0x00000110   Code   RO          381    i.ReportAllStates   eventgenerator.o
    0x000017f0   0x00000024   Code   RO          203    i.RunButtons        buttons.o
    0x00001814   0x000000cc   Code   RO          247    i.RunCities         cities.o
    0x000018e0   0x00000134   Code   RO          382    i.RunEventGenerator  eventgenerator.o
    0x00001a14   0x00000348   Code   RO          413    i.RunEventPrinter   eventprinter.o
    0x00001d5c   0x00000268   Code   RO          440    i.RunGameplay       gameplay.o
    0x00001fc4   0x000000f4   Code   RO          583    i.RunHose           hose.o
    0x000020b8   0x00000048   Code   RO          612    i.RunLEDControl     ledcontrol.o
    0x00002100   0x00000094   Code   RO          676    i.RunPump           pump.o
    0x00002194   0x0000004c   Code   RO          812    i.RunStir           stir.o
    0x000021e0   0x000000dc   Code   RO          852    i.RunTimeOfDay      timeofday.o
    0x000022bc   0x00000022   Code   RO          764    i.ServoInit         servocontrol.o
    0x000022de   0x00000002   PAD
    0x000022e0   0x00000030   Code   RO          765    i.SetFlagsActive    servocontrol.o
    0x00002310   0x00000030   Code   RO          766    i.SetFlagsInactive  servocontrol.o
    0x00002340   0x00000130   Code   RO          767    i.SetServoAngle     servocontrol.o
    0x00002470   0x00000034   Code   RO          305    i.ShortTimerAHandler  es_shorttimer.o
    0x000024a4   0x00000038   Code   RO          306    i.ShortTimerBHandler  es_shorttimer.o
    0x000024dc   0x00000164   Code   RO         2079    i.SysCtlClockGet    driverlib.lib(sysctl.o)
    0x00002640   0x00000120   Code   RO         2081    i.SysCtlClockSet    driverlib.lib(sysctl.o)
    0x00002760   0x00000014   Code   RO         2105    i.SysCtlPWMClockSet  driverlib.lib(sysctl.o)
    0x00002774   0x00000028   Code   RO         2110    i.SysCtlPeripheralEnable  driverlib.lib(sysctl.o)
    0x0000279c   0x0000000e   Code   RO         2419    i.SysTickEnable     driverlib.lib(systick.o)
    0x000027aa   0x0000000e   Code   RO         2421    i.SysTickIntEnable  driverlib.lib(systick.o)
    0x000027b8   0x00000014   Code   RO         1092    i.SysTickIntHandler  es_port.o
    0x000027cc   0x0000000a   Code   RO         2425    i.SysTickPeriodSet  driverlib.lib(systick.o)
    0x000027d6   0x00000004   Code   RO         1306    i.TERMIO_GetChar    termio.o
    0x000027da   0x00000002   PAD
    0x000027dc   0x00000050   Code   RO         1307    i.TERMIO_Init       termio.o
    0x0000282c   0x0000000c   Code   RO         1308    i.TERMIO_PutChar    termio.o
    0x00002838   0x00000004   Code   RO         2495    i.TimerIntClear     driverlib.lib(timer.o)
    0x0000283c   0x00000018   Code   RO          932    i.TurnIROff         ir_pulse.o
    0x00002854   0x00000018   Code   RO          933    i.TurnIROn          ir_pulse.o
    0x0000286c   0x0000000c   Code   RO         2731    i.UARTCharPut       driverlib.lib(uart.o)
    0x00002878   0x00000006   Code   RO         2735    i.UARTClockSourceSet  driverlib.lib(uart.o)
    0x0000287e   0x00000002   PAD
    0x00002880   0x0000005c   Code   RO         1349    i.UARTStdioConfig   uartstdio.o
    0x000028dc   0x00000018   Code   RO         1350    i.UARTgetc          uartstdio.o
    0x000028f4   0x00000020   Code   RO         1094    i._HW_Process_Pending_Ints  es_port.o
    0x00002914   0x00000016   Code   RO         1095    i._HW_Timer_Init    es_port.o
    0x0000292a   0x00000002   Code   RO         1256    i._sys_exit         retarget.o
    0x0000292c   0x00000018   Code   RO          441    i.addChemLightUX    gameplay.o
    0x00002944   0x00000030   Code   RO          442    i.addChemUX         gameplay.o
    0x00002974   0x0000010c   Code   RO          204    i.checkButtonEvents  buttons.o
    0x00002a80   0x00000068   Code   RO          248    i.checkIREvents     cities.o
    0x00002ae8   0x00000030   Code   RO          443    i.citySavedUX       gameplay.o
    0x00002b18   0x00000006   Code   RO         1258    i.ferror            retarget.o
    0x00002b1e   0x00000004   Code   RO         1259    i.fgetc             retarget.o
    0x00002b22   0x00000002   PAD
    0x00002b24   0x00000090   Code   RO          444    i.fireOffUX         gameplay.o
    0x00002bb4   0x00000098   Code   RO          445    i.fireOnUX          gameplay.o
    0x00002c4c   0x00000064   Code   RO          446    i.fireReadyUX       gameplay.o
    0x00002cb0   0x0000000e   Code   RO         1260    i.fputc             retarget.o
    0x00002cbe   0x00000002   PAD
    0x00002cc0   0x00000014   Code   RO         1309    i.kbhit             termio.o
    0x00002cd4   0x000001d4   Code   RO            1    i.main              main.o
    0x00002ea8   0x00000068   Code   RO          447    i.nextChemUX        gameplay.o
    0x00002f10   0x00000010   Code   RO          120    i.playSound         audiocontrol.o
    0x00002f20   0x0000001c   Code   RO          249    i.resetCities       cities.o
    0x00002f3c   0x00000034   Code   RO          448    i.resetGameplay     gameplay.o
    0x00002f70   0x0000002c   Code   RO          449    i.resetUX           gameplay.o
    0x00002f9c   0x00000014   Code   RO          963    i.setExternalLineHi  externalline.o
    0x00002fb0   0x00000014   Code   RO          964    i.setExternalLineLo  externalline.o
    0x00002fc4   0x00000034   Code   RO          613    i.setLED            ledcontrol.o
    0x00002ff8   0x00000070   Code   RO          450    i.startArmedUX      gameplay.o
    0x00003068   0x00000070   Code   RO          451    i.startFailUX       gameplay.o
    0x000030d8   0x00000020   Code   RO          452    i.startMixingUX     gameplay.o
    0x000030f8   0x00000020   Code   RO          453    i.startSprayingUX   gameplay.o
    0x00003118   0x0000003c   Code   RO          454    i.startWinUX        gameplay.o
    0x00003154   0x00000008   Code   RO          122    i.stopAllSounds     audiocontrol.o
    0x0000315c   0x00000024   Code   RO          455    i.stopArmedUX       gameplay.o
    0x00003180   0x00000020   Code   RO          456    i.stopMixingUX      gameplay.o
    0x000031a0   0x0000001c   Code   RO          457    i.stopSprayingUX    gameplay.o
    0x000031bc   0x00000034   Code   RO          458    i.usedOneAmmoUX     gameplay.o
    0x000031f0   0x00000020   Code   RO          459    i.wrongChemAddedUX  gameplay.o
    0x00003210   0x00000150   Code   RO         3094    x$fpl$dadd          fz_wm.l(daddsub_clz.o)
    0x00003360   0x000002b0   Code   RO         3101    x$fpl$ddiv          fz_wm.l(ddiv.o)
    0x00003610   0x0000005a   Code   RO         3104    x$fpl$dfixu         fz_wm.l(dfixu.o)
    0x0000366a   0x00000026   Code   RO         3108    x$fpl$dfltu         fz_wm.l(dflt_clz.o)
    0x00003690   0x00000154   Code   RO         3114    x$fpl$dmul          fz_wm.l(dmul.o)
    0x000037e4   0x0000009c   Code   RO         3167    x$fpl$dnaninf       fz_wm.l(dnaninf.o)
    0x00003880   0x0000000c   Code   RO         3169    x$fpl$dretinf       fz_wm.l(dretinf.o)
    0x0000388c   0x000001d4   Code   RO         3096    x$fpl$dsub          fz_wm.l(daddsub_clz.o)
    0x00003a60   0x0000000a   Code   RO         3191    x$fpl$fpinit        fz_wm.l(fpinit.o)
    0x00003a6a   0x00000000   Code   RO         3171    x$fpl$usenofp       fz_wm.l(usenofp.o)
    0x00003a6a   0x00000002   PAD
    0x00003a6c   0x00000030   Data   RO           91    .constdata          admulti.o
    0x00003a9c   0x00000030   Data   RO          882    .constdata          pwm8tiva.o
    0x00003acc   0x00000010   Data   RO          996    .constdata          es_checkevents.o
    0x00003adc   0x000000a0   Data   RO         1036    .constdata          es_framework.o
    0x00003b7c   0x00000020   Data   RO         1076    .constdata          es_lookuptables.o
    0x00003b9c   0x0000000f   Data   RO         1077    .constdata          es_lookuptables.o
    0x00003bab   0x00000001   PAD
    0x00003bac   0x00000040   Data   RO         1212    .constdata          es_timers.o
    0x00003bec   0x0000001c   Data   RO         1355    .constdata          uartstdio.o
    0x00003c08   0x00000210   Data   RO         1449    .constdata          driverlib.lib(gpio.o)
    0x00003e18   0x000001c4   Data   RO         2131    .constdata          driverlib.lib(sysctl.o)
    0x00003fdc   0x00000028   Data   RO         3040    .constdata          c_w.l(_printf_hex_int.o)
    0x00004004   0x0000033e   Data   RO          460    .conststring        gameplay.o
    0x00004342   0x00000002   PAD
    0x00004344   0x00000011   Data   RO         1356    .conststring        uartstdio.o
    0x00004355   0x00000003   PAD
    0x00004358   0x00000020   Data   RO         3276    Region$$Table       anon$$obj.o


    Execution Region RW_IRAM1 (Base: 0x20000000, Size: 0x00000aa8, Max: 0x00008000, ABSOLUTE)

    Base Addr    Size         Type   Attr      Idx    E Section Name        Object

    0x20000000   0x00000001   Data   RW           92    .data               admulti.o
    0x20000001   0x00000001   PAD
    0x20000002   0x00000018   Data   RW          125    .data               audiocontrol.o
    0x2000001a   0x00000002   Data   RW          175    .data               audioshiftregister.o
    0x2000001c   0x00000002   Data   RW          205    .data               buttons.o
    0x2000001e   0x0000000d   Data   RW          250    .data               cities.o
    0x2000002b   0x00000002   Data   RW          307    .data               es_shorttimer.o
    0x2000002d   0x00000001   Data   RW          383    .data               eventgenerator.o
    0x2000002e   0x00000001   Data   RW          414    .data               eventprinter.o
    0x2000002f   0x00000005   Data   RW          461    .data               gameplay.o
    0x20000034   0x00000002   Data   RW          584    .data               hose.o
    0x20000036   0x00000002   PAD
    0x20000038   0x0000000c   Data   RW          614    .data               ledcontrol.o
    0x20000044   0x00000004   Data   RW          648    .data               ledshiftregister.o
    0x20000048   0x0000000c   Data   RW          677    .data               pump.o
    0x20000054   0x00000003   Data   RW          813    .data               stir.o
    0x20000057   0x00000003   Data   RW          853    .data               timeofday.o
    0x2000005a   0x00000008   Data   RW          883    .data               pwm8tiva.o
    0x20000062   0x00000001   Data   RW          917    .data               pwm_control.o
    0x20000063   0x00000001   Data   RW          934    .data               ir_pulse.o
    0x20000064   0x00000006   Data   RW         1037    .data               es_framework.o
    0x2000006a   0x00000004   Data   RW         1096    .data               es_port.o
    0x2000006e   0x00000002   PAD
    0x20000070   0x00000004   Data   RW         1167    .data               es_queue.o
    0x20000074   0x0000000a   Data   RW         1213    .data               es_timers.o
    0x2000007e   0x00000002   PAD
    0x20000080   0x00000004   Data   RW         1261    .data               retarget.o
    0x20000084   0x00000004   Data   RW         1262    .data               retarget.o
    0x20000088   0x00000008   Data   RW         1357    .data               uartstdio.o
    0x20000090   0x00000010   Zero   RW          881    .bss                pwm8tiva.o
    0x200000a0   0x00000010   Zero   RW         1026    .bss                es_framework.o
    0x200000b0   0x00000010   Zero   RW         1027    .bss                es_framework.o
    0x200000c0   0x00000010   Zero   RW         1028    .bss                es_framework.o
    0x200000d0   0x00000010   Zero   RW         1029    .bss                es_framework.o
    0x200000e0   0x00000010   Zero   RW         1030    .bss                es_framework.o
    0x200000f0   0x00000010   Zero   RW         1031    .bss                es_framework.o
    0x20000100   0x00000010   Zero   RW         1032    .bss                es_framework.o
    0x20000110   0x00000010   Zero   RW         1033    .bss                es_framework.o
    0x20000120   0x00000010   Zero   RW         1034    .bss                es_framework.o
    0x20000130   0x00000010   Zero   RW         1035    .bss                es_framework.o
    0x20000140   0x00000020   Zero   RW         1211    .bss                es_timers.o
    0x20000160   0x000000e4   Zero   RW         3087    .bss                c_w.l(rand.o)
    0x20000244   0x00000060   Zero   RW         3212    .bss                c_w.l(libspace.o)
    0x200002a4   0x00000004   PAD
    0x200002a8   0x00000000   Zero   RW          987    HEAP                startup_rvmdk.o
    0x200002a8   0x00000800   Zero   RW          986    STACK               startup_rvmdk.o


==============================================================================

Image component sizes


      Code (inc. data)   RO Data    RW Data    ZI Data      Debug   Object Name

       256         40         48          1          0       1828   admulti.o
        52         10          0         24          0       2731   audiocontrol.o
       184         30          0          2          0       1281   audioshiftregister.o
       432         62          0          2          0       3241   buttons.o
       440        122          0         13          0       3842   cities.o
       160         28          0          0          0        575   enablepa25_pb23_pd7_pf0.o
        40          6         16          0          0       1133   es_checkevents.o
       300         44        160          6        160       3685   es_framework.o
        52          4         47          0          0       1242   es_lookuptables.o
        88         10          0          4          0       3470   es_port.o
       172         10          0          4          0       2357   es_queue.o
       108         20          0          2          0       2032   es_shorttimer.o
       296         64         64         10         32       3973   es_timers.o
        44          4          0          0          0       2922   eventcheckers.o
       608        250          0          1          0       2468   eventgenerator.o
       876        712          0          1          0       1844   eventprinter.o
       116         30          0          0          0       1375   externalline.o
      1940        660        830          5          0      12850   gameplay.o
       308         14          0          2          0       2116   hose.o
        92         24          0          1          0       2020   ir_pulse.o
       188         18          0         12          0       2451   ledcontrol.o
       192         30          0          4          0       1233   ledshiftregister.o
       468        356          0          0          0      10335   main.o
       332         32          0         12          0       4501   pump.o
       500        114         48          8         16       3053   pwm8tiva.o
        24          4          0          1          0        646   pwm_control.o
        26          0          0          8          0       3567   retarget.o
       434        174          0          0          0       3400   servocontrol.o
       672        636          0          0       2048        524   startup_rvmdk.o
       264         48          0          3          0       4073   stir.o
       116         26          0          0          0       1900   termio.o
       276         96          0          3          0       1955   timeofday.o
       116         14         45          8          0       2656   uartstdio.o

    ----------------------------------------------------------------------
     10182       3692       1296        144       2256      97279   Object Totals
         0          0         32          0          0          0   (incl. Generated)
        10          0          6          7          0          0   (incl. Padding)

    ----------------------------------------------------------------------

      Code (inc. data)   RO Data    RW Data    ZI Data      Debug   Library Member Name

         8          0          0          0          0         68   __main.o
       104          0          0          0          0         84   __printf.o
        52          8          0          0          0          0   __scatter.o
        26          0          0          0          0          0   __scatter_copy.o
        28          0          0          0          0          0   __scatter_zi.o
        44          0          0          0          0        108   _printf_char.o
        48          6          0          0          0         96   _printf_char_common.o
        36          4          0          0          0         80   _printf_char_file.o
       116         16          0          0          0         92   _printf_dec.o
        88          4         40          0          0         88   _printf_hex_int.o
       178          0          0          0          0         88   _printf_intcommon.o
         0          0          0          0          0          0   _printf_percent.o
         4          0          0          0          0          0   _printf_percent_end.o
         6          0          0          0          0          0   _printf_s.o
        82          0          0          0          0         80   _printf_str.o
         6          0          0          0          0          0   _printf_u.o
         6          0          0          0          0          0   _printf_x.o
        12          0          0          0          0         72   exit.o
         4          0          0          0          0         68   getc.o
         6          0          0          0          0        152   heapauxi.o
         2          0          0          0          0          0   libinit.o
        10          0          0          0          0          0   libinit2.o
         2          0          0          0          0          0   libshutdown.o
         2          0          0          0          0          0   libshutdown2.o
         8          4          0          0         96         68   libspace.o
        24          4          0          0          0         84   noretval__2printf.o
        44          4          0          0          0         84   puts.o
       112         18          0          0        228        160   rand.o
         0          0          0          0          0          0   rtentry.o
        12          0          0          0          0          0   rtentry2.o
         6          0          0          0          0          0   rtentry4.o
         2          0          0          0          0          0   rtexit.o
        10          0          0          0          0          0   rtexit2.o
        74          0          0          0          0         80   sys_stackheap_outer.o
         2          0          0          0          0         68   use_no_semi.o
        38          0          0          0          0        504   cpu.o
       510          8        528          0          0       6885   gpio.o
        14          0          0          0          0        450   interrupt.o
       118          0          0          0          0       2735   pwm.o
       710         70        452          0          0       4371   sysctl.o
        38          0          0          0          0       1218   systick.o
         4          0          0          0          0        424   timer.o
        18          0          0          0          0        867   uart.o
       804         16          0          0          0        368   daddsub_clz.o
       688        140          0          0          0        256   ddiv.o
        90          4          0          0          0        140   dfixu.o
        38          0          0          0          0        116   dflt_clz.o
       340         12          0          0          0        152   dmul.o
       156          4          0          0          0        140   dnaninf.o
        12          0          0          0          0        116   dretinf.o
        10          0          0          0          0        116   fpinit.o
         0          0          0          0          0          0   usenofp.o

    ----------------------------------------------------------------------
      4774        322       1020          0        328      20478   Library Totals
        22          0          0          0          4          0   (incl. Padding)

    ----------------------------------------------------------------------

      Code (inc. data)   RO Data    RW Data    ZI Data      Debug   Library Name

      1164         68         40          0        324       1620   c_w.l
      1450         78        980          0          0      17454   driverlib.lib
      2138        176          0          0          0       1404   fz_wm.l

    ----------------------------------------------------------------------
      4774        322       1020          0        328      20478   Library Totals

    ----------------------------------------------------------------------

==============================================================================


      Code (inc. data)   RO Data    RW Data    ZI Data      Debug   

     14956       4014       2316        144       2584     102377   Grand Totals
     14956       4014       2316        144       2584     102377   ELF Image Totals
     14956       4014       2316        144          0          0   ROM Totals

==============================================================================

    Total RO  Size (Code + RO Data)                17272 (  16.87kB)
    Total RW  Size (RW Data + ZI Data)              2728 (   2.66kB)
    Total ROM Size (Code + RO Data + RW Data)      17416 (  17.01kB)

==============================================================================

